/Users/heiso/Projects/heiso/macrolev/firmware-cube/tinyusb/src/class/hid/hid_device.h:125:20:tud_hid_ready	8	static
/Users/heiso/Projects/heiso/macrolev/firmware-cube/tinyusb/src/class/hid/hid_device.h:145:20:tud_hid_keyboard_report	16	static
../Core/Src/main.c:119:5:main	8	static
../Core/Src/main.c:182:6:SystemClock_Config	88	static
../Core/Src/main.c:224:13:MX_ADC1_Init	24	static
../Core/Src/main.c:305:13:MX_USB_OTG_FS_PCD_Init	8	static
../Core/Src/main.c:337:13:MX_GPIO_Init	40	static
../Core/Src/main.c:362:6:update_key_state	40	static
../Core/Src/main.c:424:6:update_key	24	static
../Core/Src/main.c:519:6:keys_loop	16	static
../Core/Src/main.c:553:6:init_key	24	static
../Core/Src/main.c:575:6:keys_init	48	static
../Core/Src/main.c:595:9:get_bitmask_for_modifier	16	static
../Core/Src/main.c:617:6:keys_on_change	48	static
../Core/Src/main.c:693:6:tud_hid_set_protocol_cb	16	static
../Core/Src/main.c:704:6:tud_hid_report_complete_cb	16	static
../Core/Src/main.c:715:10:tud_hid_get_report_cb	16	static
../Core/Src/main.c:728:6:tud_hid_set_report_cb	16	static
../Core/Src/main.c:738:6:Error_Handler	4	static,ignoring_inline_asm
