../Drivers/CMSIS/Include/core_cm4.h:1684:22:__NVIC_EnableIRQ	16	static,ignoring_inline_asm
../Drivers/CMSIS/Include/core_cm4.h:1722:22:__NVIC_DisableIRQ	16	static,ignoring_inline_asm
../tinyusb/src/portable/synopsys/dwc2/dwc2_stm32.h:144:20:dwc2_phy_init	16	static
../tinyusb/src/portable/synopsys/dwc2/dwc2_stm32.h:212:20:dwc2_phy_update	24	static
../tinyusb/src/portable/synopsys/dwc2/dcd_dwc2.c:106:24:calc_grxfsiz	16	static
../tinyusb/src/portable/synopsys/dwc2/dcd_dwc2.c:110:13:update_grxfsiz	32	static
../tinyusb/src/portable/synopsys/dwc2/dcd_dwc2.c:125:13:bus_reset	32	static
../tinyusb/src/portable/synopsys/dwc2/dcd_dwc2.c:216:13:edpt_schedule_packets	48	static
../tinyusb/src/portable/synopsys/dwc2/dcd_dwc2.c:286:13:reset_core	16	static
../tinyusb/src/portable/synopsys/dwc2/dcd_dwc2.c:300:13:phy_hs_supported	16	static
../tinyusb/src/portable/synopsys/dwc2/dcd_dwc2.c:309:13:phy_fs_init	16	static
../tinyusb/src/portable/synopsys/dwc2/dcd_dwc2.c:333:13:phy_hs_init	24	static
../tinyusb/src/portable/synopsys/dwc2/dcd_dwc2.c:394:13:check_dwc2	24	static,ignoring_inline_asm
../tinyusb/src/portable/synopsys/dwc2/dcd_dwc2.c:409:6:dcd_init	24	static
../tinyusb/src/portable/synopsys/dwc2/dcd_dwc2.c:484:6:dcd_int_enable	24	static
../tinyusb/src/portable/synopsys/dwc2/dcd_dwc2.c:488:6:dcd_int_disable	24	static
../tinyusb/src/portable/synopsys/dwc2/dcd_dwc2.c:492:6:dcd_set_address	24	static
../tinyusb/src/portable/synopsys/dwc2/dcd_dwc2.c:500:6:dcd_remote_wakeup	24	static,ignoring_inline_asm
../tinyusb/src/portable/synopsys/dwc2/dcd_dwc2.c:518:6:dcd_connect	24	static
../tinyusb/src/portable/synopsys/dwc2/dcd_dwc2.c:524:6:dcd_disconnect	24	static
../tinyusb/src/portable/synopsys/dwc2/dcd_dwc2.c:531:6:dcd_sof_enable	24	static
../tinyusb/src/portable/synopsys/dwc2/dcd_dwc2.c:549:6:dcd_edpt_open	64	static,ignoring_inline_asm
../tinyusb/src/portable/synopsys/dwc2/dcd_dwc2.c:632:6:dcd_edpt_close_all	32	static
../tinyusb/src/portable/synopsys/dwc2/dcd_dwc2.c:653:6:dcd_edpt_xfer	48	static
../tinyusb/src/portable/synopsys/dwc2/dcd_dwc2.c:686:6:dcd_edpt_xfer_fifo	56	static,ignoring_inline_asm
../tinyusb/src/portable/synopsys/dwc2/dcd_dwc2.c:710:13:dcd_edpt_disable	40	static
../tinyusb/src/portable/synopsys/dwc2/dcd_dwc2.c:768:6:dcd_edpt_close	40	static,ignoring_inline_asm
../tinyusb/src/portable/synopsys/dwc2/dcd_dwc2.c:791:6:dcd_edpt_stall	16	static
../tinyusb/src/portable/synopsys/dwc2/dcd_dwc2.c:795:6:dcd_edpt_clear_stall	24	static
../tinyusb/src/portable/synopsys/dwc2/dcd_dwc2.c:816:13:read_fifo_packet	56	static
../tinyusb/src/portable/synopsys/dwc2/dcd_dwc2.c:840:13:write_fifo_packet	40	static
../tinyusb/src/portable/synopsys/dwc2/dcd_dwc2.c:864:13:handle_rxflvl_irq	56	static,ignoring_inline_asm
../tinyusb/src/portable/synopsys/dwc2/dcd_dwc2.c:963:13:handle_epout_irq	96	static
../tinyusb/src/portable/synopsys/dwc2/dcd_dwc2.c:1006:13:handle_epin_irq	88	static
../tinyusb/src/portable/synopsys/dwc2/dcd_dwc2.c:1071:6:dcd_int_handler	136	static
