../tinyusb/src/device/usbd_control.c:87:13:_data_stage_xact	24	static
../tinyusb/src/device/usbd_control.c:66:20:_status_stage_xact.isra	0	static
../tinyusb/src/device/usbd_control.c:74:6:tud_control_status	8	static
../tinyusb/src/device/usbd_control.c:106:6:tud_control_xfer	24	static,ignoring_inline_asm
../tinyusb/src/device/usbd_control.c:143:6:usbd_control_reset	0	static
../tinyusb/src/device/usbd_control.c:149:6:usbd_control_set_complete_callback	0	static
../tinyusb/src/device/usbd_control.c:155:6:usbd_control_set_request	8	static
../tinyusb/src/device/usbd_control.c:166:6:usbd_control_xfer_cb	16	static,ignoring_inline_asm
