../tinyusb/src/device/usbd.c:332:14:tud_speed_get	4	static
../tinyusb/src/device/usbd.c:337:6:tud_connected	4	static
../tinyusb/src/device/usbd.c:342:6:tud_mounted	4	static
../tinyusb/src/device/usbd.c:347:6:tud_suspended	4	static
../tinyusb/src/device/usbd.c:352:6:tud_remote_wakeup	8	static
../tinyusb/src/device/usbd.c:360:6:tud_disconnect	8	static
../tinyusb/src/device/usbd.c:367:6:tud_connect	8	static
../tinyusb/src/device/usbd.c:377:6:tud_inited	4	static
../tinyusb/src/device/usbd.c:381:6:tud_init	48	static,ignoring_inline_asm
../tinyusb/src/device/usbd.c:427:13:configuration_reset	40	static,ignoring_inline_asm
../tinyusb/src/device/usbd.c:441:13:usbd_reset	16	static
../tinyusb/src/device/usbd.c:447:6:tud_task_event_ready	16	static
../tinyusb/src/device/usbd.c:473:6:tud_task_ext	88	static,ignoring_inline_asm
../tinyusb/src/device/usbd.c:607:13:invoke_class_control	24	static
../tinyusb/src/device/usbd.c:616:13:process_control_request	112	static,ignoring_inline_asm
../tinyusb/src/device/usbd.c:878:13:process_set_config	96	static,ignoring_inline_asm
../tinyusb/src/device/usbd.c:971:13:process_get_descriptor	88	static,ignoring_inline_asm
../tinyusb/src/device/usbd.c:1079:24:dcd_event_handler	120	static,ignoring_inline_asm
../tinyusb/src/device/usbd.c:1144:6:usbd_int_set	16	static
../tinyusb/src/device/usbd.c:1156:6:usbd_open_edpt_pair	48	static,ignoring_inline_asm
../tinyusb/src/device/usbd.c:1180:6:usbd_defer_func	80	static,ignoring_inline_asm
../tinyusb/src/device/usbd.c:1195:6:usbd_edpt_open	32	static,ignoring_inline_asm
../tinyusb/src/device/usbd.c:1205:6:usbd_edpt_claim	32	static
../tinyusb/src/device/usbd.c:1219:6:usbd_edpt_release	32	static
../tinyusb/src/device/usbd.c:1230:6:usbd_edpt_xfer	32	static,ignoring_inline_asm
../tinyusb/src/device/usbd.c:1267:6:usbd_edpt_xfer_fifo	32	static,ignoring_inline_asm
../tinyusb/src/device/usbd.c:1298:6:usbd_edpt_busy	24	static
../tinyusb/src/device/usbd.c:1308:6:usbd_edpt_stall	24	static
../tinyusb/src/device/usbd.c:1325:6:usbd_edpt_clear_stall	24	static
../tinyusb/src/device/usbd.c:1342:6:usbd_edpt_stalled	24	static
../tinyusb/src/device/usbd.c:1358:6:usbd_edpt_close	32	static,ignoring_inline_asm
../tinyusb/src/device/usbd.c:1376:6:usbd_sof_enable	16	static
../tinyusb/src/device/usbd.c:1385:6:usbd_edpt_iso_alloc	32	static,ignoring_inline_asm
../tinyusb/src/device/usbd.c:1395:6:usbd_edpt_iso_activate	40	static,ignoring_inline_asm
