Archive member included to satisfy reference by file (symbol)

/Applications/STM32CubeIDE.app/Contents/Eclipse/plugins/com.st.stm32cube.ide.mcu.externaltools.gnu-tools-for-stm32.11.3.rel1.macos64_1.1.100.202310310803/tools/bin/../lib/gcc/arm-none-eabi/11.3.1/../../../../arm-none-eabi/lib/thumb/v7e-m+fp/hard/libc_nano.a(libc_a-exit.o)
                              /Applications/STM32CubeIDE.app/Contents/Eclipse/plugins/com.st.stm32cube.ide.mcu.externaltools.gnu-tools-for-stm32.11.3.rel1.macos64_1.1.100.202310310803/tools/bin/../lib/gcc/arm-none-eabi/11.3.1/../../../../arm-none-eabi/lib/thumb/v7e-m+fp/hard/crt0.o (exit)
/Applications/STM32CubeIDE.app/Contents/Eclipse/plugins/com.st.stm32cube.ide.mcu.externaltools.gnu-tools-for-stm32.11.3.rel1.macos64_1.1.100.202310310803/tools/bin/../lib/gcc/arm-none-eabi/11.3.1/../../../../arm-none-eabi/lib/thumb/v7e-m+fp/hard/libc_nano.a(libc_a-findfp.o)
                              /Applications/STM32CubeIDE.app/Contents/Eclipse/plugins/com.st.stm32cube.ide.mcu.externaltools.gnu-tools-for-stm32.11.3.rel1.macos64_1.1.100.202310310803/tools/bin/../lib/gcc/arm-none-eabi/11.3.1/../../../../arm-none-eabi/lib/thumb/v7e-m+fp/hard/libc_nano.a(libc_a-exit.o) (__stdio_exit_handler)
/Applications/STM32CubeIDE.app/Contents/Eclipse/plugins/com.st.stm32cube.ide.mcu.externaltools.gnu-tools-for-stm32.11.3.rel1.macos64_1.1.100.202310310803/tools/bin/../lib/gcc/arm-none-eabi/11.3.1/../../../../arm-none-eabi/lib/thumb/v7e-m+fp/hard/libc_nano.a(libc_a-fwalk.o)
                              /Applications/STM32CubeIDE.app/Contents/Eclipse/plugins/com.st.stm32cube.ide.mcu.externaltools.gnu-tools-for-stm32.11.3.rel1.macos64_1.1.100.202310310803/tools/bin/../lib/gcc/arm-none-eabi/11.3.1/../../../../arm-none-eabi/lib/thumb/v7e-m+fp/hard/libc_nano.a(libc_a-findfp.o) (_fwalk_sglue)
/Applications/STM32CubeIDE.app/Contents/Eclipse/plugins/com.st.stm32cube.ide.mcu.externaltools.gnu-tools-for-stm32.11.3.rel1.macos64_1.1.100.202310310803/tools/bin/../lib/gcc/arm-none-eabi/11.3.1/../../../../arm-none-eabi/lib/thumb/v7e-m+fp/hard/libc_nano.a(libc_a-memset.o)
                              /Applications/STM32CubeIDE.app/Contents/Eclipse/plugins/com.st.stm32cube.ide.mcu.externaltools.gnu-tools-for-stm32.11.3.rel1.macos64_1.1.100.202310310803/tools/bin/../lib/gcc/arm-none-eabi/11.3.1/../../../../arm-none-eabi/lib/thumb/v7e-m+fp/hard/crt0.o (memset)
/Applications/STM32CubeIDE.app/Contents/Eclipse/plugins/com.st.stm32cube.ide.mcu.externaltools.gnu-tools-for-stm32.11.3.rel1.macos64_1.1.100.202310310803/tools/bin/../lib/gcc/arm-none-eabi/11.3.1/../../../../arm-none-eabi/lib/thumb/v7e-m+fp/hard/libc_nano.a(libc_a-impure.o)
                              /Applications/STM32CubeIDE.app/Contents/Eclipse/plugins/com.st.stm32cube.ide.mcu.externaltools.gnu-tools-for-stm32.11.3.rel1.macos64_1.1.100.202310310803/tools/bin/../lib/gcc/arm-none-eabi/11.3.1/../../../../arm-none-eabi/lib/thumb/v7e-m+fp/hard/libc_nano.a(libc_a-findfp.o) (_impure_data)
/Applications/STM32CubeIDE.app/Contents/Eclipse/plugins/com.st.stm32cube.ide.mcu.externaltools.gnu-tools-for-stm32.11.3.rel1.macos64_1.1.100.202310310803/tools/bin/../lib/gcc/arm-none-eabi/11.3.1/../../../../arm-none-eabi/lib/thumb/v7e-m+fp/hard/libc_nano.a(libc_a-errno.o)
                              ./Core/Src/syscalls.o (__errno)
/Applications/STM32CubeIDE.app/Contents/Eclipse/plugins/com.st.stm32cube.ide.mcu.externaltools.gnu-tools-for-stm32.11.3.rel1.macos64_1.1.100.202310310803/tools/bin/../lib/gcc/arm-none-eabi/11.3.1/../../../../arm-none-eabi/lib/thumb/v7e-m+fp/hard/libc_nano.a(libc_a-init.o)
                              /Applications/STM32CubeIDE.app/Contents/Eclipse/plugins/com.st.stm32cube.ide.mcu.externaltools.gnu-tools-for-stm32.11.3.rel1.macos64_1.1.100.202310310803/tools/bin/../lib/gcc/arm-none-eabi/11.3.1/../../../../arm-none-eabi/lib/thumb/v7e-m+fp/hard/crt0.o (__libc_init_array)
/Applications/STM32CubeIDE.app/Contents/Eclipse/plugins/com.st.stm32cube.ide.mcu.externaltools.gnu-tools-for-stm32.11.3.rel1.macos64_1.1.100.202310310803/tools/bin/../lib/gcc/arm-none-eabi/11.3.1/../../../../arm-none-eabi/lib/thumb/v7e-m+fp/hard/libc_nano.a(libc_a-lock.o)
                              /Applications/STM32CubeIDE.app/Contents/Eclipse/plugins/com.st.stm32cube.ide.mcu.externaltools.gnu-tools-for-stm32.11.3.rel1.macos64_1.1.100.202310310803/tools/bin/../lib/gcc/arm-none-eabi/11.3.1/../../../../arm-none-eabi/lib/thumb/v7e-m+fp/hard/libc_nano.a(libc_a-findfp.o) (__retarget_lock_init_recursive)
/Applications/STM32CubeIDE.app/Contents/Eclipse/plugins/com.st.stm32cube.ide.mcu.externaltools.gnu-tools-for-stm32.11.3.rel1.macos64_1.1.100.202310310803/tools/bin/../lib/gcc/arm-none-eabi/11.3.1/../../../../arm-none-eabi/lib/thumb/v7e-m+fp/hard/libc_nano.a(libc_a-memcpy-stub.o)
                              ./tinyusb/src/class/hid/hid_device.o (memcpy)
[...]
Memory Configuration

Name             Origin             Length             Attributes
RAM              0x0000000020000000 0x0000000000020000 xrw
FLASH            0x0000000008000000 0x0000000000080000 xr
*default*        0x0000000000000000 0xffffffffffffffff

Linker script and memory map

LOAD /Applications/STM32CubeIDE.app/Contents/Eclipse/plugins/com.st.stm32cube.ide.mcu.externaltools.gnu-tools-for-stm32.11.3.rel1.macos64_1.1.100.202310310803/tools/bin/../lib/gcc/arm-none-eabi/11.3.1/thumb/v7e-m+fp/hard/crti.o
LOAD /Applications/STM32CubeIDE.app/Contents/Eclipse/plugins/com.st.stm32cube.ide.mcu.externaltools.gnu-tools-for-stm32.11.3.rel1.macos64_1.1.100.202310310803/tools/bin/../lib/gcc/arm-none-eabi/11.3.1/thumb/v7e-m+fp/hard/crtbegin.o
LOAD /Applications/STM32CubeIDE.app/Contents/Eclipse/plugins/com.st.stm32cube.ide.mcu.externaltools.gnu-tools-for-stm32.11.3.rel1.macos64_1.1.100.202310310803/tools/bin/../lib/gcc/arm-none-eabi/11.3.1/../../../../arm-none-eabi/lib/thumb/v7e-m+fp/hard/crt0.o
LOAD ./Core/Src/main.o
LOAD ./Core/Src/stm32f4xx_hal_msp.o
LOAD ./Core/Src/stm32f4xx_it.o
LOAD ./Core/Src/syscalls.o
LOAD ./Core/Src/sysmem.o
LOAD ./Core/Src/system_stm32f4xx.o
LOAD ./Core/Src/usb_descriptors.o
LOAD ./Core/Startup/startup_stm32f411ceux.o
LOAD ./Drivers/STM32F4xx_HAL_Driver/Src/stm32f4xx_hal.o
LOAD ./Drivers/STM32F4xx_HAL_Driver/Src/stm32f4xx_hal_adc.o
LOAD ./Drivers/STM32F4xx_HAL_Driver/Src/stm32f4xx_hal_adc_ex.o
LOAD ./Drivers/STM32F4xx_HAL_Driver/Src/stm32f4xx_hal_cortex.o
LOAD ./Drivers/STM32F4xx_HAL_Driver/Src/stm32f4xx_hal_dma.o
LOAD ./Drivers/STM32F4xx_HAL_Driver/Src/stm32f4xx_hal_dma_ex.o
LOAD ./Drivers/STM32F4xx_HAL_Driver/Src/stm32f4xx_hal_exti.o
LOAD ./Drivers/STM32F4xx_HAL_Driver/Src/stm32f4xx_hal_flash.o
LOAD ./Drivers/STM32F4xx_HAL_Driver/Src/stm32f4xx_hal_flash_ex.o
LOAD ./Drivers/STM32F4xx_HAL_Driver/Src/stm32f4xx_hal_flash_ramfunc.o
LOAD ./Drivers/STM32F4xx_HAL_Driver/Src/stm32f4xx_hal_gpio.o
LOAD ./Drivers/STM32F4xx_HAL_Driver/Src/stm32f4xx_hal_pcd.o
LOAD ./Drivers/STM32F4xx_HAL_Driver/Src/stm32f4xx_hal_pcd_ex.o
LOAD ./Drivers/STM32F4xx_HAL_Driver/Src/stm32f4xx_hal_pwr.o
LOAD ./Drivers/STM32F4xx_HAL_Driver/Src/stm32f4xx_hal_pwr_ex.o
LOAD ./Drivers/STM32F4xx_HAL_Driver/Src/stm32f4xx_hal_rcc.o
LOAD ./Drivers/STM32F4xx_HAL_Driver/Src/stm32f4xx_hal_rcc_ex.o
LOAD ./Drivers/STM32F4xx_HAL_Driver/Src/stm32f4xx_hal_tim.o
LOAD ./Drivers/STM32F4xx_HAL_Driver/Src/stm32f4xx_hal_tim_ex.o
LOAD ./Drivers/STM32F4xx_HAL_Driver/Src/stm32f4xx_ll_adc.o
LOAD ./Drivers/STM32F4xx_HAL_Driver/Src/stm32f4xx_ll_usb.o
LOAD ./tinyusb/src/class/audio/audio_device.o
LOAD ./tinyusb/src/class/bth/bth_device.o
LOAD ./tinyusb/src/class/cdc/cdc_device.o
LOAD ./tinyusb/src/class/cdc/cdc_host.o
LOAD ./tinyusb/src/class/cdc/cdc_rndis_host.o
LOAD ./tinyusb/src/class/dfu/dfu_device.o
LOAD ./tinyusb/src/class/dfu/dfu_rt_device.o
LOAD ./tinyusb/src/class/hid/hid_device.o
LOAD ./tinyusb/src/class/hid/hid_host.o
LOAD ./tinyusb/src/class/midi/midi_device.o
LOAD ./tinyusb/src/class/msc/msc_device.o
LOAD ./tinyusb/src/class/msc/msc_host.o
LOAD ./tinyusb/src/class/net/ecm_rndis_device.o
LOAD ./tinyusb/src/class/net/ncm_device.o
LOAD ./tinyusb/src/class/usbtmc/usbtmc_device.o
LOAD ./tinyusb/src/class/vendor/vendor_device.o
LOAD ./tinyusb/src/class/vendor/vendor_host.o
LOAD ./tinyusb/src/class/video/video_device.o
LOAD ./tinyusb/src/common/tusb_fifo.o
LOAD ./tinyusb/src/device/usbd.o
LOAD ./tinyusb/src/device/usbd_control.o
LOAD ./tinyusb/src/host/hub.o
LOAD ./tinyusb/src/host/usbh.o
LOAD ./tinyusb/src/portable/analog/max3421/hcd_max3421.o
LOAD ./tinyusb/src/portable/bridgetek/ft9xx/dcd_ft9xx.o
LOAD ./tinyusb/src/portable/chipidea/ci_fs/dcd_ci_fs.o
LOAD ./tinyusb/src/portable/chipidea/ci_hs/dcd_ci_hs.o
LOAD ./tinyusb/src/portable/chipidea/ci_hs/hcd_ci_hs.o
LOAD ./tinyusb/src/portable/dialog/da146xx/dcd_da146xx.o
LOAD ./tinyusb/src/portable/ehci/ehci.o
LOAD ./tinyusb/src/portable/espressif/esp32sx/dcd_esp32sx.o
LOAD ./tinyusb/src/portable/mentor/musb/dcd_musb.o
LOAD ./tinyusb/src/portable/mentor/musb/hcd_musb.o
LOAD ./tinyusb/src/portable/microchip/pic/dcd_pic.o
LOAD ./tinyusb/src/portable/microchip/pic32mz/dcd_pic32mz.o
LOAD ./tinyusb/src/portable/microchip/samd/dcd_samd.o
LOAD ./tinyusb/src/portable/microchip/samg/dcd_samg.o
LOAD ./tinyusb/src/portable/microchip/samx7x/dcd_samx7x.o
LOAD ./tinyusb/src/portable/mindmotion/mm32/dcd_mm32f327x_otg.o
LOAD ./tinyusb/src/portable/nordic/nrf5x/dcd_nrf5x.o
LOAD ./tinyusb/src/portable/nuvoton/nuc120/dcd_nuc120.o
LOAD ./tinyusb/src/portable/nuvoton/nuc121/dcd_nuc121.o
LOAD ./tinyusb/src/portable/nuvoton/nuc505/dcd_nuc505.o
LOAD ./tinyusb/src/portable/nxp/khci/dcd_khci.o
LOAD ./tinyusb/src/portable/nxp/khci/hcd_khci.o
LOAD ./tinyusb/src/portable/nxp/lpc17_40/dcd_lpc17_40.o
LOAD ./tinyusb/src/portable/nxp/lpc17_40/hcd_lpc17_40.o
LOAD ./tinyusb/src/portable/nxp/lpc_ip3511/dcd_lpc_ip3511.o
LOAD ./tinyusb/src/portable/ohci/ohci.o
LOAD ./tinyusb/src/portable/raspberrypi/pio_usb/dcd_pio_usb.o
LOAD ./tinyusb/src/portable/raspberrypi/pio_usb/hcd_pio_usb.o
LOAD ./tinyusb/src/portable/raspberrypi/rp2040/dcd_rp2040.o
LOAD ./tinyusb/src/portable/raspberrypi/rp2040/hcd_rp2040.o
LOAD ./tinyusb/src/portable/raspberrypi/rp2040/rp2040_usb.o
LOAD ./tinyusb/src/portable/renesas/rusb2/dcd_rusb2.o
LOAD ./tinyusb/src/portable/renesas/rusb2/hcd_rusb2.o
LOAD ./tinyusb/src/portable/renesas/rusb2/rusb2_common.o
LOAD ./tinyusb/src/portable/sony/cxd56/dcd_cxd56.o
LOAD ./tinyusb/src/portable/st/stm32_fsdev/dcd_stm32_fsdev.o
LOAD ./tinyusb/src/portable/st/typec/typec_stm32.o
LOAD ./tinyusb/src/portable/sunxi/dcd_sunxi_musb.o
LOAD ./tinyusb/src/portable/synopsys/dwc2/dcd_dwc2.o
LOAD ./tinyusb/src/portable/template/dcd_template.o
LOAD ./tinyusb/src/portable/template/hcd_template.o
LOAD ./tinyusb/src/portable/ti/msp430x5xx/dcd_msp430x5xx.o
LOAD ./tinyusb/src/portable/valentyusb/eptri/dcd_eptri.o
LOAD ./tinyusb/src/portable/wch/dcd_ch32_usbhs.o
LOAD ./tinyusb/src/tusb.o
LOAD ./tinyusb/src/typec/usbc.o
START GROUP
LOAD /Applications/STM32CubeIDE.app/Contents/Eclipse/plugins/com.st.stm32cube.ide.mcu.externaltools.gnu-tools-for-stm32.11.3.rel1.macos64_1.1.100.202310310803/tools/bin/../lib/gcc/arm-none-eabi/11.3.1/../../../../arm-none-eabi/lib/thumb/v7e-m+fp/hard/libc_nano.a
LOAD /Applications/STM32CubeIDE.app/Contents/Eclipse/plugins/com.st.stm32cube.ide.mcu.externaltools.gnu-tools-for-stm32.11.3.rel1.macos64_1.1.100.202310310803/tools/bin/../lib/gcc/arm-none-eabi/11.3.1/../../../../arm-none-eabi/lib/thumb/v7e-m+fp/hard/libm.a
END GROUP
START GROUP
LOAD /Applications/STM32CubeIDE.app/Contents/Eclipse/plugins/com.st.stm32cube.ide.mcu.externaltools.gnu-tools-for-stm32.11.3.rel1.macos64_1.1.100.202310310803/tools/bin/../lib/gcc/arm-none-eabi/11.3.1/thumb/v7e-m+fp/hard/libgcc.a
LOAD /Applications/STM32CubeIDE.app/Contents/Eclipse/plugins/com.st.stm32cube.ide.mcu.externaltools.gnu-tools-for-stm32.11.3.rel1.macos64_1.1.100.202310310803/tools/bin/../lib/gcc/arm-none-eabi/11.3.1/../../../../arm-none-eabi/lib/thumb/v7e-m+fp/hard/libc_nano.a
END GROUP
START GROUP
LOAD /Applications/STM32CubeIDE.app/Contents/Eclipse/plugins/com.st.stm32cube.ide.mcu.externaltools.gnu-tools-for-stm32.11.3.rel1.macos64_1.1.100.202310310803/tools/bin/../lib/gcc/arm-none-eabi/11.3.1/thumb/v7e-m+fp/hard/libgcc.a
LOAD /Applications/STM32CubeIDE.app/Contents/Eclipse/plugins/com.st.stm32cube.ide.mcu.externaltools.gnu-tools-for-stm32.11.3.rel1.macos64_1.1.100.202310310803/tools/bin/../lib/gcc/arm-none-eabi/11.3.1/../../../../arm-none-eabi/lib/thumb/v7e-m+fp/hard/libc_nano.a
LOAD /Applications/STM32CubeIDE.app/Contents/Eclipse/plugins/com.st.stm32cube.ide.mcu.externaltools.gnu-tools-for-stm32.11.3.rel1.macos64_1.1.100.202310310803/tools/bin/../lib/gcc/arm-none-eabi/11.3.1/../../../../arm-none-eabi/lib/thumb/v7e-m+fp/hard/libnosys.a
END GROUP
START GROUP
LOAD /Applications/STM32CubeIDE.app/Contents/Eclipse/plugins/com.st.stm32cube.ide.mcu.externaltools.gnu-tools-for-stm32.11.3.rel1.macos64_1.1.100.202310310803/tools/bin/../lib/gcc/arm-none-eabi/11.3.1/thumb/v7e-m+fp/hard/libgcc.a
LOAD /Applications/STM32CubeIDE.app/Contents/Eclipse/plugins/com.st.stm32cube.ide.mcu.externaltools.gnu-tools-for-stm32.11.3.rel1.macos64_1.1.100.202310310803/tools/bin/../lib/gcc/arm-none-eabi/11.3.1/../../../../arm-none-eabi/lib/thumb/v7e-m+fp/hard/libc_nano.a
LOAD /Applications/STM32CubeIDE.app/Contents/Eclipse/plugins/com.st.stm32cube.ide.mcu.externaltools.gnu-tools-for-stm32.11.3.rel1.macos64_1.1.100.202310310803/tools/bin/../lib/gcc/arm-none-eabi/11.3.1/../../../../arm-none-eabi/lib/thumb/v7e-m+fp/hard/libnosys.a
END GROUP
LOAD /Applications/STM32CubeIDE.app/Contents/Eclipse/plugins/com.st.stm32cube.ide.mcu.externaltools.gnu-tools-for-stm32.11.3.rel1.macos64_1.1.100.202310310803/tools/bin/../lib/gcc/arm-none-eabi/11.3.1/thumb/v7e-m+fp/hard/crtend.o
LOAD /Applications/STM32CubeIDE.app/Contents/Eclipse/plugins/com.st.stm32cube.ide.mcu.externaltools.gnu-tools-for-stm32.11.3.rel1.macos64_1.1.100.202310310803/tools/bin/../lib/gcc/arm-none-eabi/11.3.1/thumb/v7e-m+fp/hard/crtn.o
                0x0000000020020000                _estack = (ORIGIN (RAM) + LENGTH (RAM))
                0x0000000000000200                _Min_Heap_Size = 0x200
                0x0000000000000400                _Min_Stack_Size = 0x400

.isr_vector     0x0000000008000000      0x198
                0x0000000008000000                . = ALIGN (0x4)
 *(.isr_vector)
 .isr_vector    0x0000000008000000      0x198 ./Core/Startup/startup_stm32f411ceux.o
                0x0000000008000000                g_pfnVectors
                0x0000000008000198                . = ALIGN (0x4)

.text           0x0000000008000198     0x4548
                0x0000000008000198                . = ALIGN (0x4)
 *(.text)
 .text          0x0000000008000198       0x40 /Applications/STM32CubeIDE.app/Contents/Eclipse/plugins/com.st.stm32cube.ide.mcu.externaltools.gnu-tools-for-stm32.11.3.rel1.macos64_1.1.100.202310310803/tools/bin/../lib/gcc/arm-none-eabi/11.3.1/thumb/v7e-m+fp/hard/crtbegin.o
 .text          0x00000000080001d8       0x10 /Applications/STM32CubeIDE.app/Contents/Eclipse/plugins/com.st.stm32cube.ide.mcu.externaltools.gnu-tools-for-stm32.11.3.rel1.macos64_1.1.100.202310310803/tools/bin/../lib/gcc/arm-none-eabi/11.3.1/../../../../arm-none-eabi/lib/thumb/v7e-m+fp/hard/libc_nano.a(libc_a-strlen.o)
                0x00000000080001d8                strlen
 .text          0x00000000080001e8      0x254 /Applications/STM32CubeIDE.app/Contents/Eclipse/plugins/com.st.stm32cube.ide.mcu.externaltools.gnu-tools-for-stm32.11.3.rel1.macos64_1.1.100.202310310803/tools/bin/../lib/gcc/arm-none-eabi/11.3.1/thumb/v7e-m+fp/hard/libgcc.a(_arm_muldf3.o)
                0x00000000080001e8                __aeabi_dmul
                0x00000000080001e8                __muldf3
 .text          0x000000000800043c      0x378 /Applications/STM32CubeIDE.app/Contents/Eclipse/plugins/com.st.stm32cube.ide.mcu.externaltools.gnu-tools-for-stm32.11.3.rel1.macos64_1.1.100.202310310803/tools/bin/../lib/gcc/arm-none-eabi/11.3.1/thumb/v7e-m+fp/hard/libgcc.a(_arm_addsubdf3.o)
                0x000000000800043c                __aeabi_drsub
                0x0000000008000444                __subdf3
                0x0000000008000444                __aeabi_dsub
                0x0000000008000448                __aeabi_dadd
                0x0000000008000448                __adddf3
                0x00000000080006c0                __aeabi_ui2d
                0x00000000080006c0                __floatunsidf
                0x00000000080006e0                __floatsidf
                0x00000000080006e0                __aeabi_i2d
                0x0000000008000704                __extendsfdf2
                0x0000000008000704                __aeabi_f2d
                0x0000000008000748                __aeabi_ul2d
                0x0000000008000748                __floatundidf
                0x0000000008000758                __aeabi_l2d
                0x0000000008000758                __floatdidf
 .text          0x00000000080007b4       0x40 /Applications/STM32CubeIDE.app/Contents/Eclipse/plugins/com.st.stm32cube.ide.mcu.externaltools.gnu-tools-for-stm32.11.3.rel1.macos64_1.1.100.202310310803/tools/bin/../lib/gcc/arm-none-eabi/11.3.1/thumb/v7e-m+fp/hard/libgcc.a(_arm_fixunsdfsi.o)
                0x00000000080007b4                __fixunsdfsi
                0x00000000080007b4                __aeabi_d2uiz
 .text          0x00000000080007f4       0x30 /Applications/STM32CubeIDE.app/Contents/Eclipse/plugins/com.st.stm32cube.ide.mcu.externaltools.gnu-tools-for-stm32.11.3.rel1.macos64_1.1.100.202310310803/tools/bin/../lib/gcc/arm-none-eabi/11.3.1/thumb/v7e-m+fp/hard/libgcc.a(_aeabi_uldivmod.o)
                0x00000000080007f4                __aeabi_uldivmod
 .text          0x0000000008000824      0x2c8 /Applications/STM32CubeIDE.app/Contents/Eclipse/plugins/com.st.stm32cube.ide.mcu.externaltools.gnu-tools-for-stm32.11.3.rel1.macos64_1.1.100.202310310803/tools/bin/../lib/gcc/arm-none-eabi/11.3.1/thumb/v7e-m+fp/hard/libgcc.a(_udivmoddi4.o)
                0x0000000008000824                __udivmoddi4
 .text          0x0000000008000aec        0x4 /Applications/STM32CubeIDE.app/Contents/Eclipse/plugins/com.st.stm32cube.ide.mcu.externaltools.gnu-tools-for-stm32.11.3.rel1.macos64_1.1.100.202310310803/tools/bin/../lib/gcc/arm-none-eabi/11.3.1/thumb/v7e-m+fp/hard/libgcc.a(_dvmd_tls.o)
                0x0000000008000aec                __aeabi_ldiv0
                0x0000000008000aec                __aeabi_idiv0
 *(.text*)
 .text.SystemClock_Config
                0x0000000008000af0       0xa0 ./Core/Src/main.o
                0x0000000008000af0                SystemClock_Config
 .text.get_bitmask_for_modifier
                0x0000000008000b90       0x14 ./Core/Src/main.o
                0x0000000008000b90                get_bitmask_for_modifier
 .text.keys_on_change
                0x0000000008000ba4      0x144 ./Core/Src/main.o
 .text.startup.main
                0x0000000008000ce8      0x4c4 ./Core/Src/main.o
                0x0000000008000ce8                main
 .text.tud_hid_set_protocol_cb
                0x00000000080011ac        0x2 ./Core/Src/main.o
                0x00000000080011ac                tud_hid_set_protocol_cb
 *fill*         0x00000000080011ae        0x2 
 .text.tud_hid_report_complete_cb
                0x00000000080011b0        0xc ./Core/Src/main.o
                0x00000000080011b0                tud_hid_report_complete_cb
 .text.tud_hid_get_report_cb
                0x00000000080011bc        0x4 ./Core/Src/main.o
                0x00000000080011bc                tud_hid_get_report_cb
 .text.tud_hid_set_report_cb
                0x00000000080011c0        0x2 ./Core/Src/main.o
                0x00000000080011c0                tud_hid_set_report_cb
 *fill*         0x00000000080011c2        0x2 
 .text.HAL_MspInit
                0x00000000080011c4       0x38 ./Core/Src/stm32f4xx_hal_msp.o
                0x00000000080011c4                HAL_MspInit
 .text.HAL_ADC_MspInit
                0x00000000080011fc       0x64 ./Core/Src/stm32f4xx_hal_msp.o
                0x00000000080011fc                HAL_ADC_MspInit
 .text.HAL_PCD_MspInit
                0x0000000008001260       0x84 ./Core/Src/stm32f4xx_hal_msp.o
                0x0000000008001260                HAL_PCD_MspInit
 .text.NMI_Handler
                0x00000000080012e4        0x2 ./Core/Src/stm32f4xx_it.o
                0x00000000080012e4                NMI_Handler
 .text.HardFault_Handler
                0x00000000080012e6        0x4 ./Core/Src/stm32f4xx_it.o
                0x00000000080012e6                HardFault_Handler
 .text.MemManage_Handler
                0x00000000080012ea        0x2 ./Core/Src/stm32f4xx_it.o
                0x00000000080012ea                MemManage_Handler
 .text.BusFault_Handler
                0x00000000080012ec        0x2 ./Core/Src/stm32f4xx_it.o
                0x00000000080012ec                BusFault_Handler
 .text.UsageFault_Handler
                0x00000000080012ee        0x2 ./Core/Src/stm32f4xx_it.o
                0x00000000080012ee                UsageFault_Handler
 .text.SVC_Handler
                0x00000000080012f0        0x2 ./Core/Src/stm32f4xx_it.o
                0x00000000080012f0                SVC_Handler
 .text.DebugMon_Handler
                0x00000000080012f2        0x2 ./Core/Src/stm32f4xx_it.o
                0x00000000080012f2                DebugMon_Handler
 .text.PendSV_Handler
                0x00000000080012f4        0x2 ./Core/Src/stm32f4xx_it.o
                0x00000000080012f4                PendSV_Handler
 *fill*         0x00000000080012f6        0x2 
 .text.SysTick_Handler
                0x00000000080012f8       0x14 ./Core/Src/stm32f4xx_it.o
                0x00000000080012f8                SysTick_Handler
 .text.OTG_FS_IRQHandler
                0x000000000800130c        0x6 ./Core/Src/stm32f4xx_it.o
                0x000000000800130c                OTG_FS_IRQHandler
 *fill*         0x0000000008001312        0x2 
 .text.SystemInit
                0x0000000008001314       0x14 ./Core/Src/system_stm32f4xx.o
                0x0000000008001314                SystemInit
 .text.tud_descriptor_device_cb
                0x0000000008001328        0x8 ./Core/Src/usb_descriptors.o
                0x0000000008001328                tud_descriptor_device_cb
 .text.tud_hid_descriptor_report_cb
                0x0000000008001330        0x8 ./Core/Src/usb_descriptors.o
                0x0000000008001330                tud_hid_descriptor_report_cb
 .text.tud_descriptor_configuration_cb
                0x0000000008001338        0x8 ./Core/Src/usb_descriptors.o
                0x0000000008001338                tud_descriptor_configuration_cb
 .text.tud_descriptor_string_cb
                0x0000000008001340       0x8c ./Core/Src/usb_descriptors.o
                0x0000000008001340                tud_descriptor_string_cb
 .text.Reset_Handler
                0x00000000080013cc       0x50 ./Core/Startup/startup_stm32f411ceux.o
                0x00000000080013cc                Reset_Handler
 .text.Default_Handler
                0x000000000800141c        0x2 ./Core/Startup/startup_stm32f411ceux.o
                0x000000000800141c                DMA1_Stream3_IRQHandler
                0x000000000800141c                EXTI2_IRQHandler
                0x000000000800141c                SPI4_IRQHandler
                0x000000000800141c                TIM1_CC_IRQHandler
                0x000000000800141c                DMA2_Stream5_IRQHandler
                0x000000000800141c                DMA1_Stream5_IRQHandler
                0x000000000800141c                PVD_IRQHandler
                0x000000000800141c                SDIO_IRQHandler
                0x000000000800141c                TAMP_STAMP_IRQHandler
                0x000000000800141c                EXTI3_IRQHandler
                0x000000000800141c                TIM1_UP_TIM10_IRQHandler
                0x000000000800141c                I2C3_ER_IRQHandler
                0x000000000800141c                EXTI0_IRQHandler
                0x000000000800141c                I2C2_EV_IRQHandler
                0x000000000800141c                DMA1_Stream2_IRQHandler
                0x000000000800141c                FPU_IRQHandler
                0x000000000800141c                DMA2_Stream2_IRQHandler
                0x000000000800141c                SPI1_IRQHandler
                0x000000000800141c                TIM1_BRK_TIM9_IRQHandler
                0x000000000800141c                DMA2_Stream3_IRQHandler
                0x000000000800141c                USART6_IRQHandler
                0x000000000800141c                DMA2_Stream0_IRQHandler
                0x000000000800141c                TIM4_IRQHandler
                0x000000000800141c                I2C1_EV_IRQHandler
                0x000000000800141c                DMA1_Stream6_IRQHandler
                0x000000000800141c                DMA1_Stream1_IRQHandler
                0x000000000800141c                TIM3_IRQHandler
                0x000000000800141c                RCC_IRQHandler
                0x000000000800141c                Default_Handler
                0x000000000800141c                EXTI15_10_IRQHandler
                0x000000000800141c                ADC_IRQHandler
                0x000000000800141c                DMA1_Stream7_IRQHandler
                0x000000000800141c                SPI5_IRQHandler
                0x000000000800141c                TIM5_IRQHandler
                0x000000000800141c                DMA2_Stream7_IRQHandler
                0x000000000800141c                I2C3_EV_IRQHandler
                0x000000000800141c                EXTI9_5_IRQHandler
                0x000000000800141c                RTC_WKUP_IRQHandler
                0x000000000800141c                SPI2_IRQHandler
                0x000000000800141c                DMA1_Stream0_IRQHandler
                0x000000000800141c                EXTI4_IRQHandler
                0x000000000800141c                WWDG_IRQHandler
                0x000000000800141c                TIM2_IRQHandler
                0x000000000800141c                OTG_FS_WKUP_IRQHandler
                0x000000000800141c                TIM1_TRG_COM_TIM11_IRQHandler
                0x000000000800141c                EXTI1_IRQHandler
                0x000000000800141c                USART2_IRQHandler
                0x000000000800141c                I2C2_ER_IRQHandler
                0x000000000800141c                DMA2_Stream1_IRQHandler
                0x000000000800141c                FLASH_IRQHandler
                0x000000000800141c                DMA2_Stream4_IRQHandler
                0x000000000800141c                USART1_IRQHandler
                0x000000000800141c                SPI3_IRQHandler
                0x000000000800141c                DMA1_Stream4_IRQHandler
                0x000000000800141c                I2C1_ER_IRQHandler
                0x000000000800141c                DMA2_Stream6_IRQHandler
                0x000000000800141c                RTC_Alarm_IRQHandler
 *fill*         0x000000000800141e        0x2 
 .text.HAL_InitTick
                0x0000000008001420       0x48 ./Drivers/STM32F4xx_HAL_Driver/Src/stm32f4xx_hal.o
                0x0000000008001420                HAL_InitTick
 .text.HAL_Init
                0x0000000008001468       0x34 ./Drivers/STM32F4xx_HAL_Driver/Src/stm32f4xx_hal.o
                0x0000000008001468                HAL_Init
 .text.HAL_IncTick
                0x000000000800149c       0x18 ./Drivers/STM32F4xx_HAL_Driver/Src/stm32f4xx_hal.o
                0x000000000800149c                HAL_IncTick
 .text.HAL_GetTick
                0x00000000080014b4        0xc ./Drivers/STM32F4xx_HAL_Driver/Src/stm32f4xx_hal.o
                0x00000000080014b4                HAL_GetTick
 .text.HAL_Delay
                0x00000000080014c0       0x28 ./Drivers/STM32F4xx_HAL_Driver/Src/stm32f4xx_hal.o
                0x00000000080014c0                HAL_Delay
 .text.HAL_ADC_Init
                0x00000000080014e8      0x14c ./Drivers/STM32F4xx_HAL_Driver/Src/stm32f4xx_hal_adc.o
                0x00000000080014e8                HAL_ADC_Init
 .text.HAL_ADC_Start
                0x0000000008001634       0xe8 ./Drivers/STM32F4xx_HAL_Driver/Src/stm32f4xx_hal_adc.o
                0x0000000008001634                HAL_ADC_Start
 .text.HAL_ADC_Stop
                0x000000000800171c       0x36 ./Drivers/STM32F4xx_HAL_Driver/Src/stm32f4xx_hal_adc.o
                0x000000000800171c                HAL_ADC_Stop
 .text.HAL_ADC_PollForConversion
                0x0000000008001752       0xa6 ./Drivers/STM32F4xx_HAL_Driver/Src/stm32f4xx_hal_adc.o
                0x0000000008001752                HAL_ADC_PollForConversion
 .text.HAL_ADC_GetValue
                0x00000000080017f8        0x6 ./Drivers/STM32F4xx_HAL_Driver/Src/stm32f4xx_hal_adc.o
                0x00000000080017f8                HAL_ADC_GetValue
 *fill*         0x00000000080017fe        0x2 
 .text.HAL_ADC_ConfigChannel
                0x0000000008001800      0x134 ./Drivers/STM32F4xx_HAL_Driver/Src/stm32f4xx_hal_adc.o
                0x0000000008001800                HAL_ADC_ConfigChannel
 .text.HAL_NVIC_SetPriorityGrouping
                0x0000000008001934       0x24 ./Drivers/STM32F4xx_HAL_Driver/Src/stm32f4xx_hal_cortex.o
                0x0000000008001934                HAL_NVIC_SetPriorityGrouping
 .text.HAL_NVIC_SetPriority
                0x0000000008001958       0x64 ./Drivers/STM32F4xx_HAL_Driver/Src/stm32f4xx_hal_cortex.o
                0x0000000008001958                HAL_NVIC_SetPriority
 .text.HAL_NVIC_EnableIRQ
                0x00000000080019bc       0x1c ./Drivers/STM32F4xx_HAL_Driver/Src/stm32f4xx_hal_cortex.o
                0x00000000080019bc                HAL_NVIC_EnableIRQ
 .text.HAL_SYSTICK_Config
                0x00000000080019d8       0x28 ./Drivers/STM32F4xx_HAL_Driver/Src/stm32f4xx_hal_cortex.o
                0x00000000080019d8                HAL_SYSTICK_Config
 .text.HAL_GPIO_Init
                0x0000000008001a00      0x190 ./Drivers/STM32F4xx_HAL_Driver/Src/stm32f4xx_hal_gpio.o
                0x0000000008001a00                HAL_GPIO_Init
 .text.HAL_GPIO_WritePin
                0x0000000008001b90        0xa ./Drivers/STM32F4xx_HAL_Driver/Src/stm32f4xx_hal_gpio.o
                0x0000000008001b90                HAL_GPIO_WritePin
 .text.HAL_PCD_Init
                0x0000000008001b9a       0xe4 ./Drivers/STM32F4xx_HAL_Driver/Src/stm32f4xx_hal_pcd.o
                0x0000000008001b9a                HAL_PCD_Init
 *fill*         0x0000000008001c7e        0x2 
 .text.HAL_RCC_OscConfig
                0x0000000008001c80      0x358 ./Drivers/STM32F4xx_HAL_Driver/Src/stm32f4xx_hal_rcc.o
                0x0000000008001c80                HAL_RCC_OscConfig
 .text.HAL_RCC_GetSysClockFreq
                0x0000000008001fd8       0x5c ./Drivers/STM32F4xx_HAL_Driver/Src/stm32f4xx_hal_rcc.o
                0x0000000008001fd8                HAL_RCC_GetSysClockFreq
 .text.HAL_RCC_ClockConfig
                0x0000000008002034      0x134 ./Drivers/STM32F4xx_HAL_Driver/Src/stm32f4xx_hal_rcc.o
                0x0000000008002034                HAL_RCC_ClockConfig
 .text.USB_CoreReset
                0x0000000008002168       0x46 ./Drivers/STM32F4xx_HAL_Driver/Src/stm32f4xx_ll_usb.o
 .text.USB_CoreInit
                0x00000000080021ae       0x88 ./Drivers/STM32F4xx_HAL_Driver/Src/stm32f4xx_ll_usb.o
                0x00000000080021ae                USB_CoreInit
 .text.USB_DisableGlobalInt
                0x0000000008002236        0xc ./Drivers/STM32F4xx_HAL_Driver/Src/stm32f4xx_ll_usb.o
                0x0000000008002236                USB_DisableGlobalInt
 .text.USB_SetCurrentMode
                0x0000000008002242       0x60 ./Drivers/STM32F4xx_HAL_Driver/Src/stm32f4xx_ll_usb.o
                0x0000000008002242                USB_SetCurrentMode
 .text.USB_FlushTxFifo
                0x00000000080022a2       0x46 ./Drivers/STM32F4xx_HAL_Driver/Src/stm32f4xx_ll_usb.o
                0x00000000080022a2                USB_FlushTxFifo
 .text.USB_FlushRxFifo
                0x00000000080022e8       0x42 ./Drivers/STM32F4xx_HAL_Driver/Src/stm32f4xx_ll_usb.o
                0x00000000080022e8                USB_FlushRxFifo
 .text.USB_SetDevSpeed
                0x000000000800232a        0xe ./Drivers/STM32F4xx_HAL_Driver/Src/stm32f4xx_ll_usb.o
                0x000000000800232a                USB_SetDevSpeed
 .text.USB_DevInit
                0x0000000008002338      0x174 ./Drivers/STM32F4xx_HAL_Driver/Src/stm32f4xx_ll_usb.o
                0x0000000008002338                USB_DevInit
 .text.USB_DevDisconnect
                0x00000000080024ac       0x1c ./Drivers/STM32F4xx_HAL_Driver/Src/stm32f4xx_ll_usb.o
                0x00000000080024ac                USB_DevDisconnect
 .text.tud_hid_n_ready
                0x00000000080024c8       0x38 ./tinyusb/src/class/hid/hid_device.o
                0x00000000080024c8                tud_hid_n_ready
 .text.tud_hid_n_report
                0x0000000008002500       0x74 ./tinyusb/src/class/hid/hid_device.o
                0x0000000008002500                tud_hid_n_report
 .text.tud_hid_n_keyboard_report
                0x0000000008002574       0x32 ./tinyusb/src/class/hid/hid_device.o
                0x0000000008002574                tud_hid_n_keyboard_report
 *fill*         0x00000000080025a6        0x2 
 .text.hidd_reset
                0x00000000080025a8       0x10 ./tinyusb/src/class/hid/hid_device.o
                0x00000000080025a8                hidd_reset
 .text.hidd_init
                0x00000000080025b8        0x6 ./tinyusb/src/class/hid/hid_device.o
                0x00000000080025b8                hidd_init
 *fill*         0x00000000080025be        0x2 
 .text.hidd_open
                0x00000000080025c0       0xb0 ./tinyusb/src/class/hid/hid_device.o
                0x00000000080025c0                hidd_open
 .text.hidd_control_xfer_cb
                0x0000000008002670      0x1cc ./tinyusb/src/class/hid/hid_device.o
                0x0000000008002670                hidd_control_xfer_cb
 .text.hidd_xfer_cb
                0x000000000800283c       0x80 ./tinyusb/src/class/hid/hid_device.o
                0x000000000800283c                hidd_xfer_cb
 .text.advance_index
                0x00000000080028bc       0x18 ./tinyusb/src/common/tusb_fifo.o
 .text._tu_fifo_peek
                0x00000000080028d4       0x4a ./tinyusb/src/common/tusb_fifo.o
 .text._ff_pull_const_addr
                0x000000000800291e       0x2e ./tinyusb/src/common/tusb_fifo.o
 .text._tu_fifo_peek_n
                0x000000000800294c      0x104 ./tinyusb/src/common/tusb_fifo.o
 .text._ff_push_const_addr
                0x0000000008002a50       0x28 ./tinyusb/src/common/tusb_fifo.o
 .text._tu_fifo_write_n.part.0
                0x0000000008002a78      0x162 ./tinyusb/src/common/tusb_fifo.o
 .text.tu_fifo_full
                0x0000000008002bda       0x22 ./tinyusb/src/common/tusb_fifo.o
                0x0000000008002bda                tu_fifo_full
 .text.tu_fifo_read
                0x0000000008002bfc       0x24 ./tinyusb/src/common/tusb_fifo.o
                0x0000000008002bfc                tu_fifo_read
 .text.tu_fifo_read_n_const_addr_full_words
                0x0000000008002c20       0x2c ./tinyusb/src/common/tusb_fifo.o
                0x0000000008002c20                tu_fifo_read_n_const_addr_full_words
 .text.tu_fifo_write
                0x0000000008002c4c       0x48 ./tinyusb/src/common/tusb_fifo.o
                0x0000000008002c4c                tu_fifo_write
 .text.tu_fifo_write_n_const_addr_full_words
                0x0000000008002c94        0xc ./tinyusb/src/common/tusb_fifo.o
                0x0000000008002c94                tu_fifo_write_n_const_addr_full_words
 .text.tu_fifo_clear
                0x0000000008002ca0        0xa ./tinyusb/src/common/tusb_fifo.o
                0x0000000008002ca0                tu_fifo_clear
 *fill*         0x0000000008002caa        0x2 
 .text.configuration_reset
                0x0000000008002cac       0x80 ./tinyusb/src/device/usbd.o
 .text.invoke_class_control
                0x0000000008002d2c       0x1e ./tinyusb/src/device/usbd.o
 *fill*         0x0000000008002d4a        0x2 
 .text.usbd_int_set
                0x0000000008002d4c       0x14 ./tinyusb/src/device/usbd.o
                0x0000000008002d4c                usbd_int_set
 .text.tud_mounted
                0x0000000008002d60       0x10 ./tinyusb/src/device/usbd.o
                0x0000000008002d60                tud_mounted
 .text.tud_suspended
                0x0000000008002d70       0x10 ./tinyusb/src/device/usbd.o
                0x0000000008002d70                tud_suspended
 .text.tud_remote_wakeup
                0x0000000008002d80       0x30 ./tinyusb/src/device/usbd.o
                0x0000000008002d80                tud_remote_wakeup
 .text.tud_init
                0x0000000008002db0       0xac ./tinyusb/src/device/usbd.o
                0x0000000008002db0                tud_init
 .text.dcd_event_handler
                0x0000000008002e5c      0x154 ./tinyusb/src/device/usbd.o
                0x0000000008002e5c                dcd_event_handler
 .text.usbd_edpt_open
                0x0000000008002fb0       0x48 ./tinyusb/src/device/usbd.o
                0x0000000008002fb0                usbd_edpt_open
 .text.usbd_open_edpt_pair
                0x0000000008002ff8       0x6c ./tinyusb/src/device/usbd.o
                0x0000000008002ff8                usbd_open_edpt_pair
 .text.usbd_edpt_claim
                0x0000000008003064       0x1c ./tinyusb/src/device/usbd.o
                0x0000000008003064                usbd_edpt_claim
 .text.usbd_edpt_xfer
                0x0000000008003080       0x68 ./tinyusb/src/device/usbd.o
                0x0000000008003080                usbd_edpt_xfer
 .text.usbd_edpt_busy
                0x00000000080030e8       0x1c ./tinyusb/src/device/usbd.o
                0x00000000080030e8                usbd_edpt_busy
 .text.usbd_edpt_stall
                0x0000000008003104       0x3c ./tinyusb/src/device/usbd.o
                0x0000000008003104                usbd_edpt_stall
 .text.usbd_edpt_clear_stall
                0x0000000008003140       0x3c ./tinyusb/src/device/usbd.o
                0x0000000008003140                usbd_edpt_clear_stall
 .text.usbd_edpt_stalled
                0x000000000800317c       0x1c ./tinyusb/src/device/usbd.o
                0x000000000800317c                usbd_edpt_stalled
 .text.tud_task_ext
                0x0000000008003198      0x618 ./tinyusb/src/device/usbd.o
                0x0000000008003198                tud_task_ext
 .text._data_stage_xact
                0x00000000080037b0       0x5c ./tinyusb/src/device/usbd_control.o
 .text._status_stage_xact.isra.0
                0x000000000800380c        0xe ./tinyusb/src/device/usbd_control.o
 *fill*         0x000000000800381a        0x2 
 .text.tud_control_status
                0x000000000800381c       0x24 ./tinyusb/src/device/usbd_control.o
                0x000000000800381c                tud_control_status
 .text.tud_control_xfer
                0x0000000008003840       0x64 ./tinyusb/src/device/usbd_control.o
                0x0000000008003840                tud_control_xfer
 .text.usbd_control_reset
                0x00000000080038a4       0x10 ./tinyusb/src/device/usbd_control.o
                0x00000000080038a4                usbd_control_reset
 .text.usbd_control_set_complete_callback
                0x00000000080038b4        0xc ./tinyusb/src/device/usbd_control.o
                0x00000000080038b4                usbd_control_set_complete_callback
 .text.usbd_control_set_request
                0x00000000080038c0       0x1c ./tinyusb/src/device/usbd_control.o
                0x00000000080038c0                usbd_control_set_request
 .text.usbd_control_xfer_cb
                0x00000000080038dc       0xc4 ./tinyusb/src/device/usbd_control.o
                0x00000000080038dc                usbd_control_xfer_cb
 .text.edpt_schedule_packets
                0x00000000080039a0       0xe4 ./tinyusb/src/portable/synopsys/dwc2/dcd_dwc2.o
 .text.dcd_edpt_disable
                0x0000000008003a84       0xc8 ./tinyusb/src/portable/synopsys/dwc2/dcd_dwc2.o
 .text.dcd_int_enable
                0x0000000008003b4c       0x2c ./tinyusb/src/portable/synopsys/dwc2/dcd_dwc2.o
                0x0000000008003b4c                dcd_int_enable
 .text.dcd_int_disable
                0x0000000008003b78       0x34 ./tinyusb/src/portable/synopsys/dwc2/dcd_dwc2.o
                0x0000000008003b78                dcd_int_disable
 .text.dcd_remote_wakeup
                0x0000000008003bac       0x48 ./tinyusb/src/portable/synopsys/dwc2/dcd_dwc2.o
                0x0000000008003bac                dcd_remote_wakeup
 .text.dcd_connect
                0x0000000008003bf4       0x18 ./tinyusb/src/portable/synopsys/dwc2/dcd_dwc2.o
                0x0000000008003bf4                dcd_connect
 .text.dcd_disconnect
                0x0000000008003c0c       0x18 ./tinyusb/src/portable/synopsys/dwc2/dcd_dwc2.o
                0x0000000008003c0c                dcd_disconnect
 .text.dcd_init
                0x0000000008003c24      0x190 ./tinyusb/src/portable/synopsys/dwc2/dcd_dwc2.o
                0x0000000008003c24                dcd_init
 .text.dcd_edpt_open
                0x0000000008003db4      0x128 ./tinyusb/src/portable/synopsys/dwc2/dcd_dwc2.o
                0x0000000008003db4                dcd_edpt_open
 .text.dcd_edpt_close_all
                0x0000000008003edc       0x50 ./tinyusb/src/portable/synopsys/dwc2/dcd_dwc2.o
                0x0000000008003edc                dcd_edpt_close_all
 .text.dcd_edpt_xfer
                0x0000000008003f2c       0x64 ./tinyusb/src/portable/synopsys/dwc2/dcd_dwc2.o
                0x0000000008003f2c                dcd_edpt_xfer
 .text.dcd_set_address
                0x0000000008003f90       0x24 ./tinyusb/src/portable/synopsys/dwc2/dcd_dwc2.o
                0x0000000008003f90                dcd_set_address
 .text.dcd_edpt_stall
                0x0000000008003fb4        0x6 ./tinyusb/src/portable/synopsys/dwc2/dcd_dwc2.o
                0x0000000008003fb4                dcd_edpt_stall
 *fill*         0x0000000008003fba        0x2 
 .text.dcd_edpt_clear_stall
                0x0000000008003fbc       0x4c ./tinyusb/src/portable/synopsys/dwc2/dcd_dwc2.o
                0x0000000008003fbc                dcd_edpt_clear_stall
 .text.dcd_int_handler
                0x0000000008004008      0x590 ./tinyusb/src/portable/synopsys/dwc2/dcd_dwc2.o
                0x0000000008004008                dcd_int_handler
 .text.tu_edpt_claim
                0x0000000008004598       0x36 ./tinyusb/src/tusb.o
                0x0000000008004598                tu_edpt_claim
 .text.tu_edpt_validate
                0x00000000080045ce       0x60 ./tinyusb/src/tusb.o
                0x00000000080045ce                tu_edpt_validate
 .text.tu_edpt_bind_driver
                0x000000000800462e       0x24 ./tinyusb/src/tusb.o
                0x000000000800462e                tu_edpt_bind_driver
 .text.memset   0x0000000008004652       0x10 /Applications/STM32CubeIDE.app/Contents/Eclipse/plugins/com.st.stm32cube.ide.mcu.externaltools.gnu-tools-for-stm32.11.3.rel1.macos64_1.1.100.202310310803/tools/bin/../lib/gcc/arm-none-eabi/11.3.1/../../../../arm-none-eabi/lib/thumb/v7e-m+fp/hard/libc_nano.a(libc_a-memset.o)
                0x0000000008004652                memset
 *fill*         0x0000000008004662        0x2 
 .text.__libc_init_array
                0x0000000008004664       0x48 /Applications/STM32CubeIDE.app/Contents/Eclipse/plugins/com.st.stm32cube.ide.mcu.externaltools.gnu-tools-for-stm32.11.3.rel1.macos64_1.1.100.202310310803/tools/bin/../lib/gcc/arm-none-eabi/11.3.1/../../../../arm-none-eabi/lib/thumb/v7e-m+fp/hard/libc_nano.a(libc_a-init.o)
                0x0000000008004664                __libc_init_array
 .text.memcpy   0x00000000080046ac       0x1c /Applications/STM32CubeIDE.app/Contents/Eclipse/plugins/com.st.stm32cube.ide.mcu.externaltools.gnu-tools-for-stm32.11.3.rel1.macos64_1.1.100.202310310803/tools/bin/../lib/gcc/arm-none-eabi/11.3.1/../../../../arm-none-eabi/lib/thumb/v7e-m+fp/hard/libc_nano.a(libc_a-memcpy-stub.o)
                0x00000000080046ac                memcpy
 *(.glue_7)
 .glue_7        0x00000000080046c8        0x0 linker stubs
 *(.glue_7t)
 .glue_7t       0x00000000080046c8        0x0 linker stubs
 *(.eh_frame)
 .eh_frame      0x00000000080046c8        0x0 /Applications/STM32CubeIDE.app/Contents/Eclipse/plugins/com.st.stm32cube.ide.mcu.externaltools.gnu-tools-for-stm32.11.3.rel1.macos64_1.1.100.202310310803/tools/bin/../lib/gcc/arm-none-eabi/11.3.1/thumb/v7e-m+fp/hard/crtbegin.o
 *(.init)
 .init          0x00000000080046c8        0x4 /Applications/STM32CubeIDE.app/Contents/Eclipse/plugins/com.st.stm32cube.ide.mcu.externaltools.gnu-tools-for-stm32.11.3.rel1.macos64_1.1.100.202310310803/tools/bin/../lib/gcc/arm-none-eabi/11.3.1/thumb/v7e-m+fp/hard/crti.o
                0x00000000080046c8                _init
 .init          0x00000000080046cc        0x8 /Applications/STM32CubeIDE.app/Contents/Eclipse/plugins/com.st.stm32cube.ide.mcu.externaltools.gnu-tools-for-stm32.11.3.rel1.macos64_1.1.100.202310310803/tools/bin/../lib/gcc/arm-none-eabi/11.3.1/thumb/v7e-m+fp/hard/crtn.o
 *(.fini)
 .fini          0x00000000080046d4        0x4 /Applications/STM32CubeIDE.app/Contents/Eclipse/plugins/com.st.stm32cube.ide.mcu.externaltools.gnu-tools-for-stm32.11.3.rel1.macos64_1.1.100.202310310803/tools/bin/../lib/gcc/arm-none-eabi/11.3.1/thumb/v7e-m+fp/hard/crti.o
                0x00000000080046d4                _fini
 .fini          0x00000000080046d8        0x8 /Applications/STM32CubeIDE.app/Contents/Eclipse/plugins/com.st.stm32cube.ide.mcu.externaltools.gnu-tools-for-stm32.11.3.rel1.macos64_1.1.100.202310310803/tools/bin/../lib/gcc/arm-none-eabi/11.3.1/thumb/v7e-m+fp/hard/crtn.o
                0x00000000080046e0                . = ALIGN (0x4)
                0x00000000080046e0                _etext = .

.vfp11_veneer   0x00000000080046e0        0x0
 .vfp11_veneer  0x00000000080046e0        0x0 linker stubs

.v4_bx          0x00000000080046e0        0x0
 .v4_bx         0x00000000080046e0        0x0 linker stubs

.iplt           0x00000000080046e0        0x0
 .iplt          0x00000000080046e0        0x0 /Applications/STM32CubeIDE.app/Contents/Eclipse/plugins/com.st.stm32cube.ide.mcu.externaltools.gnu-tools-for-stm32.11.3.rel1.macos64_1.1.100.202310310803/tools/bin/../lib/gcc/arm-none-eabi/11.3.1/thumb/v7e-m+fp/hard/crtbegin.o

.rodata         0x00000000080046e0      0x2a8
                0x00000000080046e0                . = ALIGN (0x4)
 *(.rodata)
 .rodata        0x00000000080046e0        0x6 ./Core/Src/main.o
 *(.rodata*)
 .rodata.CSWTCH.49
                0x00000000080046e6        0x8 ./Core/Src/main.o
 *fill*         0x00000000080046ee        0x2 
 .rodata.amux_select_pins
                0x00000000080046f0       0x10 ./Core/Src/main.o
                0x00000000080046f0                amux_select_pins
 .rodata.channels_by_row_col
                0x0000000008004700       0x96 ./Core/Src/main.o
                0x0000000008004700                channels_by_row_col
 .rodata.keymaps
                0x0000000008004796      0x12c ./Core/Src/main.o
                0x0000000008004796                keymaps
 .rodata.AHBPrescTable
                0x00000000080048c2       0x10 ./Core/Src/system_stm32f4xx.o
                0x00000000080048c2                AHBPrescTable
 .rodata.str1.1
                0x00000000080048d2       0x16 ./Core/Src/usb_descriptors.o
 .rodata.__compound_literal.0
                0x00000000080048e8        0x2 ./Core/Src/usb_descriptors.o
 .rodata.desc_configuration
                0x00000000080048ea       0x22 ./Core/Src/usb_descriptors.o
                0x00000000080048ea                desc_configuration
 .rodata.desc_device
                0x000000000800490c       0x12 ./Core/Src/usb_descriptors.o
                0x000000000800490c                desc_device
 .rodata.desc_hid_keyboard_report
                0x000000000800491e       0x41 ./Core/Src/usb_descriptors.o
                0x000000000800491e                desc_hid_keyboard_report
 *fill*         0x000000000800495f        0x1 
 .rodata._usbd_driver
                0x0000000008004960       0x18 ./tinyusb/src/device/usbd.o
 .rodata._dwc2_controller
                0x0000000008004978       0x10 ./tinyusb/src/portable/synopsys/dwc2/dcd_dwc2.o
                0x0000000008004988                . = ALIGN (0x4)

.ARM.extab      0x0000000008004988        0x0
                0x0000000008004988                . = ALIGN (0x4)
 *(.ARM.extab* .gnu.linkonce.armextab.*)
                0x0000000008004988                . = ALIGN (0x4)

.ARM            0x0000000008004988        0x8
                0x0000000008004988                . = ALIGN (0x4)
                0x0000000008004988                __exidx_start = .
 *(.ARM.exidx*)
 .ARM.exidx     0x0000000008004988        0x8 /Applications/STM32CubeIDE.app/Contents/Eclipse/plugins/com.st.stm32cube.ide.mcu.externaltools.gnu-tools-for-stm32.11.3.rel1.macos64_1.1.100.202310310803/tools/bin/../lib/gcc/arm-none-eabi/11.3.1/thumb/v7e-m+fp/hard/libgcc.a(_udivmoddi4.o)
                0x0000000008004990                __exidx_end = .
                0x0000000008004990                . = ALIGN (0x4)

.rel.dyn        0x0000000008004990        0x0
 .rel.iplt      0x0000000008004990        0x0 /Applications/STM32CubeIDE.app/Contents/Eclipse/plugins/com.st.stm32cube.ide.mcu.externaltools.gnu-tools-for-stm32.11.3.rel1.macos64_1.1.100.202310310803/tools/bin/../lib/gcc/arm-none-eabi/11.3.1/thumb/v7e-m+fp/hard/crtbegin.o

.preinit_array  0x0000000008004990        0x0
                0x0000000008004990                . = ALIGN (0x4)
                0x0000000008004990                PROVIDE (__preinit_array_start = .)
 *(.preinit_array*)
                0x0000000008004990                PROVIDE (__preinit_array_end = .)
                0x0000000008004990                . = ALIGN (0x4)

.init_array     0x0000000008004990        0x4
                0x0000000008004990                . = ALIGN (0x4)
                0x0000000008004990                PROVIDE (__init_array_start = .)
 *(SORT_BY_NAME(.init_array.*))
 *(.init_array*)
 .init_array    0x0000000008004990        0x4 /Applications/STM32CubeIDE.app/Contents/Eclipse/plugins/com.st.stm32cube.ide.mcu.externaltools.gnu-tools-for-stm32.11.3.rel1.macos64_1.1.100.202310310803/tools/bin/../lib/gcc/arm-none-eabi/11.3.1/thumb/v7e-m+fp/hard/crtbegin.o
                0x0000000008004994                PROVIDE (__init_array_end = .)
                0x0000000008004994                . = ALIGN (0x4)

.fini_array     0x0000000008004994        0x4
                0x0000000008004994                . = ALIGN (0x4)
                [!provide]                        PROVIDE (__fini_array_start = .)
 *(SORT_BY_NAME(.fini_array.*))
 *(.fini_array*)
 .fini_array    0x0000000008004994        0x4 /Applications/STM32CubeIDE.app/Contents/Eclipse/plugins/com.st.stm32cube.ide.mcu.externaltools.gnu-tools-for-stm32.11.3.rel1.macos64_1.1.100.202310310803/tools/bin/../lib/gcc/arm-none-eabi/11.3.1/thumb/v7e-m+fp/hard/crtbegin.o
                [!provide]                        PROVIDE (__fini_array_end = .)
                0x0000000008004998                . = ALIGN (0x4)
                0x0000000008004998                _sidata = LOADADDR (.data)

.data           0x0000000020000000       0x30 load address 0x0000000008004998
                0x0000000020000000                . = ALIGN (0x4)
                0x0000000020000000                _sdata = .
 *(.data)
 *(.data*)
 .data.SystemCoreClock
                0x0000000020000000        0x4 ./Core/Src/system_stm32f4xx.o
                0x0000000020000000                SystemCoreClock
 .data.string_desc_arr
                0x0000000020000004       0x10 ./Core/Src/usb_descriptors.o
                0x0000000020000004                string_desc_arr
 .data.uwTickFreq
                0x0000000020000014        0x1 ./Drivers/STM32F4xx_HAL_Driver/Src/stm32f4xx_hal.o
                0x0000000020000014                uwTickFreq
 *fill*         0x0000000020000015        0x3 
 .data.uwTickPrio
                0x0000000020000018        0x4 ./Drivers/STM32F4xx_HAL_Driver/Src/stm32f4xx_hal.o
                0x0000000020000018                uwTickPrio
 .data._usbd_qdef
                0x000000002000001c       0x10 ./tinyusb/src/device/usbd.o
                0x000000002000001c                _usbd_qdef
 .data._usbd_rhport
                0x000000002000002c        0x1 ./tinyusb/src/device/usbd.o
 *(.RamFunc)
 *(.RamFunc*)
                0x0000000020000030                . = ALIGN (0x4)
 *fill*         0x000000002000002d        0x3 
                0x0000000020000030                _edata = .

.igot.plt       0x0000000020000030        0x0 load address 0x00000000080049c8
 .igot.plt      0x0000000020000030        0x0 /Applications/STM32CubeIDE.app/Contents/Eclipse/plugins/com.st.stm32cube.ide.mcu.externaltools.gnu-tools-for-stm32.11.3.rel1.macos64_1.1.100.202310310803/tools/bin/../lib/gcc/arm-none-eabi/11.3.1/thumb/v7e-m+fp/hard/crtbegin.o
                0x0000000020000030                . = ALIGN (0x4)

.bss            0x0000000020000030     0x155c load address 0x00000000080049c8
                0x0000000020000030                _sbss = .
                0x0000000020000030                __bss_start__ = _sbss
 *(.bss)
 .bss           0x0000000020000030       0x1c /Applications/STM32CubeIDE.app/Contents/Eclipse/plugins/com.st.stm32cube.ide.mcu.externaltools.gnu-tools-for-stm32.11.3.rel1.macos64_1.1.100.202310310803/tools/bin/../lib/gcc/arm-none-eabi/11.3.1/thumb/v7e-m+fp/hard/crtbegin.o
 *(.bss*)
 .bss.can_send_report
                0x000000002000004c        0x1 ./Core/Src/main.o
 .bss.current_keycode_index
                0x000000002000004d        0x1 ./Core/Src/main.o
 *fill*         0x000000002000004e        0x2 
 .bss.hadc1     0x0000000020000050       0x48 ./Core/Src/main.o
                0x0000000020000050                hadc1
 .bss.hpcd_USB_OTG_FS
                0x0000000020000098      0x4e4 ./Core/Src/main.o
                0x0000000020000098                hpcd_USB_OTG_FS
 .bss.keycodes  0x000000002000057c        0x6 ./Core/Src/main.o
 *fill*         0x0000000020000582        0x2 
 .bss.keys      0x0000000020000584      0xdc0 ./Core/Src/main.o
 .bss.modifiers
                0x0000000020001344        0x1 ./Core/Src/main.o
 .bss.should_send_report
                0x0000000020001345        0x1 ./Core/Src/main.o
 *fill*         0x0000000020001346        0x2 
 .bss.system_ticks
                0x0000000020001348        0x4 ./Core/Src/stm32f4xx_it.o
                0x0000000020001348                system_ticks
 .bss._desc_str
                0x000000002000134c       0x42 ./Core/Src/usb_descriptors.o
 *fill*         0x000000002000138e        0x2 
 .bss.uwTick    0x0000000020001390        0x4 ./Drivers/STM32F4xx_HAL_Driver/Src/stm32f4xx_hal.o
                0x0000000020001390                uwTick
 .bss._hidd_itf
                0x0000000020001394       0x1c ./tinyusb/src/class/hid/hid_device.o
 .bss._app_driver
                0x00000000200013b0        0x4 ./tinyusb/src/device/usbd.o
 .bss._app_driver_count
                0x00000000200013b4        0x1 ./tinyusb/src/device/usbd.o
 .bss._usbd_dev
                0x00000000200013b5       0x2b ./tinyusb/src/device/usbd.o
 .bss._usbd_q   0x00000000200013e0        0x4 ./tinyusb/src/device/usbd.o
 .bss._usbd_qdef_buf
                0x00000000200013e4       0xc0 ./tinyusb/src/device/usbd.o
                0x00000000200013e4                _usbd_qdef_buf
 .bss._ctrl_xfer
                0x00000000200014a4       0x14 ./tinyusb/src/device/usbd_control.o
 .bss._usbd_ctrl_buf
                0x00000000200014b8       0x40 ./tinyusb/src/device/usbd_control.o
 .bss._allocated_fifo_words_tx
                0x00000000200014f8        0x2 ./tinyusb/src/portable/synopsys/dwc2/dcd_dwc2.o
 .bss._out_ep_closed
                0x00000000200014fa        0x1 ./tinyusb/src/portable/synopsys/dwc2/dcd_dwc2.o
 *fill*         0x00000000200014fb        0x1 
 .bss._setup_packet
                0x00000000200014fc        0x8 ./tinyusb/src/portable/synopsys/dwc2/dcd_dwc2.o
 .bss._sof_en   0x0000000020001504        0x1 ./tinyusb/src/portable/synopsys/dwc2/dcd_dwc2.o
 *fill*         0x0000000020001505        0x1 
 .bss.ep0_pending
                0x0000000020001506        0x4 ./tinyusb/src/portable/synopsys/dwc2/dcd_dwc2.o
 *fill*         0x000000002000150a        0x2 
 .bss.xfer_status
                0x000000002000150c       0x80 ./tinyusb/src/portable/synopsys/dwc2/dcd_dwc2.o
 *(COMMON)
                0x000000002000158c                . = ALIGN (0x4)
                0x000000002000158c                _ebss = .
                0x000000002000158c                __bss_end__ = _ebss

._user_heap_stack
                0x000000002000158c      0x604 load address 0x00000000080049c8
                0x0000000020001590                . = ALIGN (0x8)
 *fill*         0x000000002000158c        0x4 
                [!provide]                        PROVIDE (end = .)
                0x0000000020001590                PROVIDE (_end = .)
                0x0000000020001790                . = (. + _Min_Heap_Size)
 *fill*         0x0000000020001590      0x200 
                0x0000000020001b90                . = (. + _Min_Stack_Size)
 *fill*         0x0000000020001790      0x400 
                0x0000000020001b90                . = ALIGN (0x8)

/DISCARD/
 libc.a(*)
 libm.a(*)
 libgcc.a(*)

.ARM.attributes
                0x0000000000000000       0x30
 *(.ARM.attributes)
 .ARM.attributes
                0x0000000000000000       0x1e /Applications/STM32CubeIDE.app/Contents/Eclipse/plugins/com.st.stm32cube.ide.mcu.externaltools.gnu-tools-for-stm32.11.3.rel1.macos64_1.1.100.202310310803/tools/bin/../lib/gcc/arm-none-eabi/11.3.1/thumb/v7e-m+fp/hard/crti.o
 .ARM.attributes
                0x000000000000001e       0x34 /Applications/STM32CubeIDE.app/Contents/Eclipse/plugins/com.st.stm32cube.ide.mcu.externaltools.gnu-tools-for-stm32.11.3.rel1.macos64_1.1.100.202310310803/tools/bin/../lib/gcc/arm-none-eabi/11.3.1/thumb/v7e-m+fp/hard/crtbegin.o
 .ARM.attributes
                0x0000000000000052       0x34 ./Core/Src/main.o
 .ARM.attributes
                0x0000000000000086       0x34 ./Core/Src/stm32f4xx_hal_msp.o
 .ARM.attributes
                0x00000000000000ba       0x34 ./Core/Src/stm32f4xx_it.o
 .ARM.attributes
                0x00000000000000ee       0x34 ./Core/Src/system_stm32f4xx.o
 .ARM.attributes
                0x0000000000000122       0x34 ./Core/Src/usb_descriptors.o
 .ARM.attributes
                0x0000000000000156       0x21 ./Core/Startup/startup_stm32f411ceux.o
 .ARM.attributes
                0x0000000000000177       0x34 ./Drivers/STM32F4xx_HAL_Driver/Src/stm32f4xx_hal.o
 .ARM.attributes
                0x00000000000001ab       0x34 ./Drivers/STM32F4xx_HAL_Driver/Src/stm32f4xx_hal_adc.o
 .ARM.attributes
                0x00000000000001df       0x34 ./Drivers/STM32F4xx_HAL_Driver/Src/stm32f4xx_hal_cortex.o
 .ARM.attributes
                0x0000000000000213       0x34 ./Drivers/STM32F4xx_HAL_Driver/Src/stm32f4xx_hal_gpio.o
 .ARM.attributes
                0x0000000000000247       0x34 ./Drivers/STM32F4xx_HAL_Driver/Src/stm32f4xx_hal_pcd.o
 .ARM.attributes
                0x000000000000027b       0x34 ./Drivers/STM32F4xx_HAL_Driver/Src/stm32f4xx_hal_rcc.o
 .ARM.attributes
                0x00000000000002af       0x34 ./Drivers/STM32F4xx_HAL_Driver/Src/stm32f4xx_ll_usb.o
 .ARM.attributes
                0x00000000000002e3       0x34 ./tinyusb/src/class/hid/hid_device.o
 .ARM.attributes
                0x0000000000000317       0x34 ./tinyusb/src/common/tusb_fifo.o
 .ARM.attributes
                0x000000000000034b       0x34 ./tinyusb/src/device/usbd.o
 .ARM.attributes
                0x000000000000037f       0x34 ./tinyusb/src/device/usbd_control.o
 .ARM.attributes
                0x00000000000003b3       0x34 ./tinyusb/src/portable/synopsys/dwc2/dcd_dwc2.o
 .ARM.attributes
                0x00000000000003e7       0x34 ./tinyusb/src/tusb.o
 .ARM.attributes
                0x000000000000041b       0x34 /Applications/STM32CubeIDE.app/Contents/Eclipse/plugins/com.st.stm32cube.ide.mcu.externaltools.gnu-tools-for-stm32.11.3.rel1.macos64_1.1.100.202310310803/tools/bin/../lib/gcc/arm-none-eabi/11.3.1/../../../../arm-none-eabi/lib/thumb/v7e-m+fp/hard/libc_nano.a(libc_a-memset.o)
 .ARM.attributes
                0x000000000000044f       0x34 /Applications/STM32CubeIDE.app/Contents/Eclipse/plugins/com.st.stm32cube.ide.mcu.externaltools.gnu-tools-for-stm32.11.3.rel1.macos64_1.1.100.202310310803/tools/bin/../lib/gcc/arm-none-eabi/11.3.1/../../../../arm-none-eabi/lib/thumb/v7e-m+fp/hard/libc_nano.a(libc_a-init.o)
 .ARM.attributes
                0x0000000000000483       0x34 /Applications/STM32CubeIDE.app/Contents/Eclipse/plugins/com.st.stm32cube.ide.mcu.externaltools.gnu-tools-for-stm32.11.3.rel1.macos64_1.1.100.202310310803/tools/bin/../lib/gcc/arm-none-eabi/11.3.1/../../../../arm-none-eabi/lib/thumb/v7e-m+fp/hard/libc_nano.a(libc_a-memcpy-stub.o)
 .ARM.attributes
                0x00000000000004b7       0x17 /Applications/STM32CubeIDE.app/Contents/Eclipse/plugins/com.st.stm32cube.ide.mcu.externaltools.gnu-tools-for-stm32.11.3.rel1.macos64_1.1.100.202310310803/tools/bin/../lib/gcc/arm-none-eabi/11.3.1/../../../../arm-none-eabi/lib/thumb/v7e-m+fp/hard/libc_nano.a(libc_a-strlen.o)
 .ARM.attributes
                0x00000000000004ce       0x1e /Applications/STM32CubeIDE.app/Contents/Eclipse/plugins/com.st.stm32cube.ide.mcu.externaltools.gnu-tools-for-stm32.11.3.rel1.macos64_1.1.100.202310310803/tools/bin/../lib/gcc/arm-none-eabi/11.3.1/thumb/v7e-m+fp/hard/libgcc.a(_arm_muldf3.o)
 .ARM.attributes
                0x00000000000004ec       0x1e /Applications/STM32CubeIDE.app/Contents/Eclipse/plugins/com.st.stm32cube.ide.mcu.externaltools.gnu-tools-for-stm32.11.3.rel1.macos64_1.1.100.202310310803/tools/bin/../lib/gcc/arm-none-eabi/11.3.1/thumb/v7e-m+fp/hard/libgcc.a(_arm_addsubdf3.o)
 .ARM.attributes
                0x000000000000050a       0x1e /Applications/STM32CubeIDE.app/Contents/Eclipse/plugins/com.st.stm32cube.ide.mcu.externaltools.gnu-tools-for-stm32.11.3.rel1.macos64_1.1.100.202310310803/tools/bin/../lib/gcc/arm-none-eabi/11.3.1/thumb/v7e-m+fp/hard/libgcc.a(_arm_fixunsdfsi.o)
 .ARM.attributes
                0x0000000000000528       0x1e /Applications/STM32CubeIDE.app/Contents/Eclipse/plugins/com.st.stm32cube.ide.mcu.externaltools.gnu-tools-for-stm32.11.3.rel1.macos64_1.1.100.202310310803/tools/bin/../lib/gcc/arm-none-eabi/11.3.1/thumb/v7e-m+fp/hard/libgcc.a(_aeabi_uldivmod.o)
 .ARM.attributes
                0x0000000000000546       0x34 /Applications/STM32CubeIDE.app/Contents/Eclipse/plugins/com.st.stm32cube.ide.mcu.externaltools.gnu-tools-for-stm32.11.3.rel1.macos64_1.1.100.202310310803/tools/bin/../lib/gcc/arm-none-eabi/11.3.1/thumb/v7e-m+fp/hard/libgcc.a(_udivmoddi4.o)
 .ARM.attributes
                0x000000000000057a       0x1e /Applications/STM32CubeIDE.app/Contents/Eclipse/plugins/com.st.stm32cube.ide.mcu.externaltools.gnu-tools-for-stm32.11.3.rel1.macos64_1.1.100.202310310803/tools/bin/../lib/gcc/arm-none-eabi/11.3.1/thumb/v7e-m+fp/hard/libgcc.a(_dvmd_tls.o)
 .ARM.attributes
                0x0000000000000598       0x1e /Applications/STM32CubeIDE.app/Contents/Eclipse/plugins/com.st.stm32cube.ide.mcu.externaltools.gnu-tools-for-stm32.11.3.rel1.macos64_1.1.100.202310310803/tools/bin/../lib/gcc/arm-none-eabi/11.3.1/thumb/v7e-m+fp/hard/crtn.o
OUTPUT(macrolev.elf elf32-littlearm)
LOAD linker stubs
LOAD /Applications/STM32CubeIDE.app/Contents/Eclipse/plugins/com.st.stm32cube.ide.mcu.externaltools.gnu-tools-for-stm32.11.3.rel1.macos64_1.1.100.202310310803/tools/bin/../lib/gcc/arm-none-eabi/11.3.1/../../../../arm-none-eabi/lib/thumb/v7e-m+fp/hard/libc.a
LOAD /Applications/STM32CubeIDE.app/Contents/Eclipse/plugins/com.st.stm32cube.ide.mcu.externaltools.gnu-tools-for-stm32.11.3.rel1.macos64_1.1.100.202310310803/tools/bin/../lib/gcc/arm-none-eabi/11.3.1/../../../../arm-none-eabi/lib/thumb/v7e-m+fp/hard/libm.a
LOAD /Applications/STM32CubeIDE.app/Contents/Eclipse/plugins/com.st.stm32cube.ide.mcu.externaltools.gnu-tools-for-stm32.11.3.rel1.macos64_1.1.100.202310310803/tools/bin/../lib/gcc/arm-none-eabi/11.3.1/thumb/v7e-m+fp/hard/libgcc.a

.comment        0x0000000000000000       0x43
 .comment       0x0000000000000000       0x43 /Applications/STM32CubeIDE.app/Contents/Eclipse/plugins/com.st.stm32cube.ide.mcu.externaltools.gnu-tools-for-stm32.11.3.rel1.macos64_1.1.100.202310310803/tools/bin/../lib/gcc/arm-none-eabi/11.3.1/thumb/v7e-m+fp/hard/crtbegin.o
                                         0x44 (size before relaxing)
 .comment       0x0000000000000043       0x44 ./Core/Src/main.o
 .comment       0x0000000000000043       0x44 ./Core/Src/stm32f4xx_hal_msp.o
 .comment       0x0000000000000043       0x44 ./Core/Src/stm32f4xx_it.o
 .comment       0x0000000000000043       0x44 ./Core/Src/system_stm32f4xx.o
 .comment       0x0000000000000043       0x44 ./Core/Src/usb_descriptors.o
 .comment       0x0000000000000043       0x44 ./Drivers/STM32F4xx_HAL_Driver/Src/stm32f4xx_hal.o
 .comment       0x0000000000000043       0x44 ./Drivers/STM32F4xx_HAL_Driver/Src/stm32f4xx_hal_adc.o
 .comment       0x0000000000000043       0x44 ./Drivers/STM32F4xx_HAL_Driver/Src/stm32f4xx_hal_cortex.o
 .comment       0x0000000000000043       0x44 ./Drivers/STM32F4xx_HAL_Driver/Src/stm32f4xx_hal_gpio.o
 .comment       0x0000000000000043       0x44 ./Drivers/STM32F4xx_HAL_Driver/Src/stm32f4xx_hal_pcd.o
 .comment       0x0000000000000043       0x44 ./Drivers/STM32F4xx_HAL_Driver/Src/stm32f4xx_hal_rcc.o
 .comment       0x0000000000000043       0x44 ./Drivers/STM32F4xx_HAL_Driver/Src/stm32f4xx_ll_usb.o
 .comment       0x0000000000000043       0x44 ./tinyusb/src/class/hid/hid_device.o
 .comment       0x0000000000000043       0x44 ./tinyusb/src/common/tusb_fifo.o
 .comment       0x0000000000000043       0x44 ./tinyusb/src/device/usbd.o
 .comment       0x0000000000000043       0x44 ./tinyusb/src/device/usbd_control.o
 .comment       0x0000000000000043       0x44 ./tinyusb/src/portable/synopsys/dwc2/dcd_dwc2.o
 .comment       0x0000000000000043       0x44 ./tinyusb/src/tusb.o

.debug_frame    0x0000000000000000      0x1d4
 .debug_frame   0x0000000000000000       0x20 /Applications/STM32CubeIDE.app/Contents/Eclipse/plugins/com.st.stm32cube.ide.mcu.externaltools.gnu-tools-for-stm32.11.3.rel1.macos64_1.1.100.202310310803/tools/bin/../lib/gcc/arm-none-eabi/11.3.1/../../../../arm-none-eabi/lib/thumb/v7e-m+fp/hard/libc_nano.a(libc_a-memset.o)
 .debug_frame   0x0000000000000020       0x2c /Applications/STM32CubeIDE.app/Contents/Eclipse/plugins/com.st.stm32cube.ide.mcu.externaltools.gnu-tools-for-stm32.11.3.rel1.macos64_1.1.100.202310310803/tools/bin/../lib/gcc/arm-none-eabi/11.3.1/../../../../arm-none-eabi/lib/thumb/v7e-m+fp/hard/libc_nano.a(libc_a-init.o)
 .debug_frame   0x000000000000004c       0x28 /Applications/STM32CubeIDE.app/Contents/Eclipse/plugins/com.st.stm32cube.ide.mcu.externaltools.gnu-tools-for-stm32.11.3.rel1.macos64_1.1.100.202310310803/tools/bin/../lib/gcc/arm-none-eabi/11.3.1/../../../../arm-none-eabi/lib/thumb/v7e-m+fp/hard/libc_nano.a(libc_a-memcpy-stub.o)
 .debug_frame   0x0000000000000074       0x30 /Applications/STM32CubeIDE.app/Contents/Eclipse/plugins/com.st.stm32cube.ide.mcu.externaltools.gnu-tools-for-stm32.11.3.rel1.macos64_1.1.100.202310310803/tools/bin/../lib/gcc/arm-none-eabi/11.3.1/thumb/v7e-m+fp/hard/libgcc.a(_arm_muldf3.o)
 .debug_frame   0x00000000000000a4       0xac /Applications/STM32CubeIDE.app/Contents/Eclipse/plugins/com.st.stm32cube.ide.mcu.externaltools.gnu-tools-for-stm32.11.3.rel1.macos64_1.1.100.202310310803/tools/bin/../lib/gcc/arm-none-eabi/11.3.1/thumb/v7e-m+fp/hard/libgcc.a(_arm_addsubdf3.o)
 .debug_frame   0x0000000000000150       0x24 /Applications/STM32CubeIDE.app/Contents/Eclipse/plugins/com.st.stm32cube.ide.mcu.externaltools.gnu-tools-for-stm32.11.3.rel1.macos64_1.1.100.202310310803/tools/bin/../lib/gcc/arm-none-eabi/11.3.1/thumb/v7e-m+fp/hard/libgcc.a(_arm_fixunsdfsi.o)
 .debug_frame   0x0000000000000174       0x2c /Applications/STM32CubeIDE.app/Contents/Eclipse/plugins/com.st.stm32cube.ide.mcu.externaltools.gnu-tools-for-stm32.11.3.rel1.macos64_1.1.100.202310310803/tools/bin/../lib/gcc/arm-none-eabi/11.3.1/thumb/v7e-m+fp/hard/libgcc.a(_aeabi_uldivmod.o)
 .debug_frame   0x00000000000001a0       0x34 /Applications/STM32CubeIDE.app/Contents/Eclipse/plugins/com.st.stm32cube.ide.mcu.externaltools.gnu-tools-for-stm32.11.3.rel1.macos64_1.1.100.202310310803/tools/bin/../lib/gcc/arm-none-eabi/11.3.1/thumb/v7e-m+fp/hard/libgcc.a(_udivmoddi4.o)
