../tinyusb/src/portable/synopsys/dwc2/dcd_dwc2.c:216:13:edpt_schedule_packets	20	static
../tinyusb/src/portable/synopsys/dwc2/dcd_dwc2.c:710:13:dcd_edpt_disable	16	static
../tinyusb/src/portable/synopsys/dwc2/dcd_dwc2.c:484:6:dcd_int_enable	0	static,ignoring_inline_asm
../tinyusb/src/portable/synopsys/dwc2/dcd_dwc2.c:488:6:dcd_int_disable	0	static,ignoring_inline_asm
../tinyusb/src/portable/synopsys/dwc2/dcd_dwc2.c:500:6:dcd_remote_wakeup	0	static,ignoring_inline_asm
../tinyusb/src/portable/synopsys/dwc2/dcd_dwc2.c:518:6:dcd_connect	0	static
../tinyusb/src/portable/synopsys/dwc2/dcd_dwc2.c:524:6:dcd_disconnect	0	static
../tinyusb/src/portable/synopsys/dwc2/dcd_dwc2.c:409:6:dcd_init	16	static,ignoring_inline_asm
../tinyusb/src/portable/synopsys/dwc2/dcd_dwc2.c:531:6:dcd_sof_enable	0	static
../tinyusb/src/portable/synopsys/dwc2/dcd_dwc2.c:549:6:dcd_edpt_open	20	static,ignoring_inline_asm
../tinyusb/src/portable/synopsys/dwc2/dcd_dwc2.c:632:6:dcd_edpt_close_all	12	static
../tinyusb/src/portable/synopsys/dwc2/dcd_dwc2.c:653:6:dcd_edpt_xfer	32	static
../tinyusb/src/portable/synopsys/dwc2/dcd_dwc2.c:492:6:dcd_set_address	0	static
../tinyusb/src/portable/synopsys/dwc2/dcd_dwc2.c:686:6:dcd_edpt_xfer_fifo	32	static,ignoring_inline_asm
../tinyusb/src/portable/synopsys/dwc2/dcd_dwc2.c:768:6:dcd_edpt_close	16	static,ignoring_inline_asm
../tinyusb/src/portable/synopsys/dwc2/dcd_dwc2.c:791:6:dcd_edpt_stall	0	static
../tinyusb/src/portable/synopsys/dwc2/dcd_dwc2.c:795:6:dcd_edpt_clear_stall	0	static
../tinyusb/src/portable/synopsys/dwc2/dcd_dwc2.c:1071:6:dcd_int_handler	80	static,ignoring_inline_asm
