../tinyusb/src/common/tusb_fifo.c:350:17:advance_index	0	static
../tinyusb/src/common/tusb_fifo.c:414:13:_tu_fifo_peek	16	static
../tinyusb/src/common/tusb_fifo.c:121:13:_ff_pull_const_addr	16	static
../tinyusb/src/common/tusb_fifo.c:438:17:_tu_fifo_peek_n	48	static
../tinyusb/src/common/tusb_fifo.c:98:13:_ff_push_const_addr	16	static
../tinyusb/src/common/tusb_fifo.c:463:17:_tu_fifo_write_n.part.0	56	static
../tinyusb/src/common/tusb_fifo.c:68:6:tu_fifo_config	0	static
../tinyusb/src/common/tusb_fifo.c:584:10:tu_fifo_count	0	static
../tinyusb/src/common/tusb_fifo.c:602:6:tu_fifo_empty	0	static
../tinyusb/src/common/tusb_fifo.c:620:6:tu_fifo_full	0	static
../tinyusb/src/common/tusb_fifo.c:638:10:tu_fifo_remaining	0	static
../tinyusb/src/common/tusb_fifo.c:664:6:tu_fifo_overflowed	0	static
../tinyusb/src/common/tusb_fifo.c:670:6:tu_fifo_correct_read_pointer	0	static
../tinyusb/src/common/tusb_fifo.c:693:6:tu_fifo_read	8	static
../tinyusb/src/common/tusb_fifo.c:724:10:tu_fifo_read_n	24	static
../tinyusb/src/common/tusb_fifo.c:729:10:tu_fifo_read_n_const_addr_full_words	24	static
../tinyusb/src/common/tusb_fifo.c:747:6:tu_fifo_peek	0	static
../tinyusb/src/common/tusb_fifo.c:770:10:tu_fifo_peek_n	24	static
../tinyusb/src/common/tusb_fifo.c:794:6:tu_fifo_write	24	static
../tinyusb/src/common/tusb_fifo.c:836:10:tu_fifo_write_n	0	static
../tinyusb/src/common/tusb_fifo.c:856:10:tu_fifo_write_n_const_addr_full_words	0	static
../tinyusb/src/common/tusb_fifo.c:869:6:tu_fifo_clear	0	static
../tinyusb/src/common/tusb_fifo.c:892:6:tu_fifo_set_overwritable	0	static
../tinyusb/src/common/tusb_fifo.c:921:6:tu_fifo_advance_write_pointer	8	static
../tinyusb/src/common/tusb_fifo.c:942:6:tu_fifo_advance_read_pointer	8	static
../tinyusb/src/common/tusb_fifo.c:962:6:tu_fifo_get_read_info	16	static
../tinyusb/src/common/tusb_fifo.c:1030:6:tu_fifo_get_write_info	16	static
