../Drivers/STM32F4xx_HAL_Driver/Src/stm32f4xx_hal_cortex.c:141:6:HAL_NVIC_SetPriorityGrouping	0	static
../Drivers/STM32F4xx_HAL_Driver/Src/stm32f4xx_hal_cortex.c:163:6:HAL_NVIC_SetPriority	12	static
../Drivers/STM32F4xx_HAL_Driver/Src/stm32f4xx_hal_cortex.c:185:6:HAL_NVIC_EnableIRQ	0	static,ignoring_inline_asm
../Drivers/STM32F4xx_HAL_Driver/Src/stm32f4xx_hal_cortex.c:201:6:HAL_NVIC_DisableIRQ	0	static,ignoring_inline_asm
../Drivers/STM32F4xx_HAL_Driver/Src/stm32f4xx_hal_cortex.c:214:6:HAL_NVIC_SystemReset	0	static,ignoring_inline_asm
../Drivers/STM32F4xx_HAL_Driver/Src/stm32f4xx_hal_cortex.c:227:10:HAL_SYSTICK_Config	0	static
../Drivers/STM32F4xx_HAL_Driver/Src/stm32f4xx_hal_cortex.c:256:6:HAL_MPU_Disable	0	static,ignoring_inline_asm
../Drivers/STM32F4xx_HAL_Driver/Src/stm32f4xx_hal_cortex.c:279:6:HAL_MPU_Enable	0	static,ignoring_inline_asm
../Drivers/STM32F4xx_HAL_Driver/Src/stm32f4xx_hal_cortex.c:298:6:HAL_MPU_ConfigRegion	8	static
../Drivers/STM32F4xx_HAL_Driver/Src/stm32f4xx_hal_cortex.c:342:6:HAL_CORTEX_ClearEvent	0	static,ignoring_inline_asm
../Drivers/STM32F4xx_HAL_Driver/Src/stm32f4xx_hal_cortex.c:352:10:HAL_NVIC_GetPriorityGrouping	0	static
../Drivers/STM32F4xx_HAL_Driver/Src/stm32f4xx_hal_cortex.c:379:6:HAL_NVIC_GetPriority	16	static
../Drivers/STM32F4xx_HAL_Driver/Src/stm32f4xx_hal_cortex.c:394:6:HAL_NVIC_SetPendingIRQ	0	static
../Drivers/STM32F4xx_HAL_Driver/Src/stm32f4xx_hal_cortex.c:412:10:HAL_NVIC_GetPendingIRQ	0	static
../Drivers/STM32F4xx_HAL_Driver/Src/stm32f4xx_hal_cortex.c:428:6:HAL_NVIC_ClearPendingIRQ	0	static
../Drivers/STM32F4xx_HAL_Driver/Src/stm32f4xx_hal_cortex.c:445:10:HAL_NVIC_GetActive	0	static
../Drivers/STM32F4xx_HAL_Driver/Src/stm32f4xx_hal_cortex.c:462:6:HAL_SYSTICK_CLKSourceConfig	0	static
../Drivers/STM32F4xx_HAL_Driver/Src/stm32f4xx_hal_cortex.c:489:13:HAL_SYSTICK_Callback	0	static
../Drivers/STM32F4xx_HAL_Driver/Src/stm32f4xx_hal_cortex.c:480:6:HAL_SYSTICK_IRQHandler	8	static
