../Drivers/STM32F4xx_HAL_Driver/Src/stm32f4xx_hal_rcc.c:200:26:HAL_RCC_DeInit	0	static
../Drivers/STM32F4xx_HAL_Driver/Src/stm32f4xx_hal_rcc.c:219:26:HAL_RCC_OscConfig	32	static
../Drivers/STM32F4xx_HAL_Driver/Src/stm32f4xx_hal_rcc.c:775:6:HAL_RCC_MCOConfig	48	static
../Drivers/STM32F4xx_HAL_Driver/Src/stm32f4xx_hal_rcc.c:841:6:HAL_RCC_EnableCSS	0	static
../Drivers/STM32F4xx_HAL_Driver/Src/stm32f4xx_hal_rcc.c:850:6:HAL_RCC_DisableCSS	0	static
../Drivers/STM32F4xx_HAL_Driver/Src/stm32f4xx_hal_rcc.c:885:17:HAL_RCC_GetSysClockFreq	8	static
../Drivers/STM32F4xx_HAL_Driver/Src/stm32f4xx_hal_rcc.c:591:19:HAL_RCC_ClockConfig	24	static
../Drivers/STM32F4xx_HAL_Driver/Src/stm32f4xx_hal_rcc.c:941:10:HAL_RCC_GetHCLKFreq	0	static
../Drivers/STM32F4xx_HAL_Driver/Src/stm32f4xx_hal_rcc.c:952:10:HAL_RCC_GetPCLK1Freq	0	static
../Drivers/STM32F4xx_HAL_Driver/Src/stm32f4xx_hal_rcc.c:964:10:HAL_RCC_GetPCLK2Freq	0	static
../Drivers/STM32F4xx_HAL_Driver/Src/stm32f4xx_hal_rcc.c:977:13:HAL_RCC_GetOscConfig	0	static
../Drivers/STM32F4xx_HAL_Driver/Src/stm32f4xx_hal_rcc.c:1056:6:HAL_RCC_GetClockConfig	0	static
../Drivers/STM32F4xx_HAL_Driver/Src/stm32f4xx_hal_rcc.c:1099:13:HAL_RCC_CSSCallback	0	static
../Drivers/STM32F4xx_HAL_Driver/Src/stm32f4xx_hal_rcc.c:1082:6:HAL_RCC_NMI_IRQHandler	8	static
