Archive member included to satisfy reference by file (symbol)

/Applications/STM32CubeIDE.app/Contents/Eclipse/plugins/com.st.stm32cube.ide.mcu.externaltools.gnu-tools-for-stm32.11.3.rel1.macos64_1.1.100.202310310803/tools/bin/../lib/gcc/arm-none-eabi/11.3.1/../../../../arm-none-eabi/lib/thumb/v7e-m+fp/hard/libc_nano.a(libc_a-exit.o)
                              /Applications/STM32CubeIDE.app/Contents/Eclipse/plugins/com.st.stm32cube.ide.mcu.externaltools.gnu-tools-for-stm32.11.3.rel1.macos64_1.1.100.202310310803/tools/bin/../lib/gcc/arm-none-eabi/11.3.1/../../../../arm-none-eabi/lib/thumb/v7e-m+fp/hard/crt0.o (exit)
/Applications/STM32CubeIDE.app/Contents/Eclipse/plugins/com.st.stm32cube.ide.mcu.externaltools.gnu-tools-for-stm32.11.3.rel1.macos64_1.1.100.202310310803/tools/bin/../lib/gcc/arm-none-eabi/11.3.1/../../../../arm-none-eabi/lib/thumb/v7e-m+fp/hard/libc_nano.a(libc_a-findfp.o)
                              /Applications/STM32CubeIDE.app/Contents/Eclipse/plugins/com.st.stm32cube.ide.mcu.externaltools.gnu-tools-for-stm32.11.3.rel1.macos64_1.1.100.202310310803/tools/bin/../lib/gcc/arm-none-eabi/11.3.1/../../../../arm-none-eabi/lib/thumb/v7e-m+fp/hard/libc_nano.a(libc_a-exit.o) (__stdio_exit_handler)
/Applications/STM32CubeIDE.app/Contents/Eclipse/plugins/com.st.stm32cube.ide.mcu.externaltools.gnu-tools-for-stm32.11.3.rel1.macos64_1.1.100.202310310803/tools/bin/../lib/gcc/arm-none-eabi/11.3.1/../../../../arm-none-eabi/lib/thumb/v7e-m+fp/hard/libc_nano.a(libc_a-fwalk.o)
                              /Applications/STM32CubeIDE.app/Contents/Eclipse/plugins/com.st.stm32cube.ide.mcu.externaltools.gnu-tools-for-stm32.11.3.rel1.macos64_1.1.100.202310310803/tools/bin/../lib/gcc/arm-none-eabi/11.3.1/../../../../arm-none-eabi/lib/thumb/v7e-m+fp/hard/libc_nano.a(libc_a-findfp.o) (_fwalk_sglue)
/Applications/STM32CubeIDE.app/Contents/Eclipse/plugins/com.st.stm32cube.ide.mcu.externaltools.gnu-tools-for-stm32.11.3.rel1.macos64_1.1.100.202310310803/tools/bin/../lib/gcc/arm-none-eabi/11.3.1/../../../../arm-none-eabi/lib/thumb/v7e-m+fp/hard/libc_nano.a(libc_a-memset.o)
                              /Applications/STM32CubeIDE.app/Contents/Eclipse/plugins/com.st.stm32cube.ide.mcu.externaltools.gnu-tools-for-stm32.11.3.rel1.macos64_1.1.100.202310310803/tools/bin/../lib/gcc/arm-none-eabi/11.3.1/../../../../arm-none-eabi/lib/thumb/v7e-m+fp/hard/crt0.o (memset)
/Applications/STM32CubeIDE.app/Contents/Eclipse/plugins/com.st.stm32cube.ide.mcu.externaltools.gnu-tools-for-stm32.11.3.rel1.macos64_1.1.100.202310310803/tools/bin/../lib/gcc/arm-none-eabi/11.3.1/../../../../arm-none-eabi/lib/thumb/v7e-m+fp/hard/libc_nano.a(libc_a-impure.o)
                              /Applications/STM32CubeIDE.app/Contents/Eclipse/plugins/com.st.stm32cube.ide.mcu.externaltools.gnu-tools-for-stm32.11.3.rel1.macos64_1.1.100.202310310803/tools/bin/../lib/gcc/arm-none-eabi/11.3.1/../../../../arm-none-eabi/lib/thumb/v7e-m+fp/hard/libc_nano.a(libc_a-findfp.o) (_impure_data)
/Applications/STM32CubeIDE.app/Contents/Eclipse/plugins/com.st.stm32cube.ide.mcu.externaltools.gnu-tools-for-stm32.11.3.rel1.macos64_1.1.100.202310310803/tools/bin/../lib/gcc/arm-none-eabi/11.3.1/../../../../arm-none-eabi/lib/thumb/v7e-m+fp/hard/libc_nano.a(libc_a-errno.o)
                              ./Core/Src/syscalls.o (__errno)
/Applications/STM32CubeIDE.app/Contents/Eclipse/plugins/com.st.stm32cube.ide.mcu.externaltools.gnu-tools-for-stm32.11.3.rel1.macos64_1.1.100.202310310803/tools/bin/../lib/gcc/arm-none-eabi/11.3.1/../../../../arm-none-eabi/lib/thumb/v7e-m+fp/hard/libc_nano.a(libc_a-init.o)
                              /Applications/STM32CubeIDE.app/Contents/Eclipse/plugins/com.st.stm32cube.ide.mcu.externaltools.gnu-tools-for-stm32.11.3.rel1.macos64_1.1.100.202310310803/tools/bin/../lib/gcc/arm-none-eabi/11.3.1/../../../../arm-none-eabi/lib/thumb/v7e-m+fp/hard/crt0.o (__libc_init_array)
/Applications/STM32CubeIDE.app/Contents/Eclipse/plugins/com.st.stm32cube.ide.mcu.externaltools.gnu-tools-for-stm32.11.3.rel1.macos64_1.1.100.202310310803/tools/bin/../lib/gcc/arm-none-eabi/11.3.1/../../../../arm-none-eabi/lib/thumb/v7e-m+fp/hard/libc_nano.a(libc_a-lock.o)
                              /Applications/STM32CubeIDE.app/Contents/Eclipse/plugins/com.st.stm32cube.ide.mcu.externaltools.gnu-tools-for-stm32.11.3.rel1.macos64_1.1.100.202310310803/tools/bin/../lib/gcc/arm-none-eabi/11.3.1/../../../../arm-none-eabi/lib/thumb/v7e-m+fp/hard/libc_nano.a(libc_a-findfp.o) (__retarget_lock_init_recursive)
/Applications/STM32CubeIDE.app/Contents/Eclipse/plugins/com.st.stm32cube.ide.mcu.externaltools.gnu-tools-for-stm32.11.3.rel1.macos64_1.1.100.202310310803/tools/bin/../lib/gcc/arm-none-eabi/11.3.1/../../../../arm-none-eabi/lib/thumb/v7e-m+fp/hard/libc_nano.a(libc_a-memcpy-stub.o)
                              ./tinyusb/src/class/hid/hid_device.o (memcpy)
[...]
Memory Configuration

Name             Origin             Length             Attributes
RAM              0x0000000020000000 0x0000000000020000 xrw
FLASH            0x0000000008000000 0x0000000000080000 xr
*default*        0x0000000000000000 0xffffffffffffffff

Linker script and memory map

LOAD /Applications/STM32CubeIDE.app/Contents/Eclipse/plugins/com.st.stm32cube.ide.mcu.externaltools.gnu-tools-for-stm32.11.3.rel1.macos64_1.1.100.202310310803/tools/bin/../lib/gcc/arm-none-eabi/11.3.1/thumb/v7e-m+fp/hard/crti.o
LOAD /Applications/STM32CubeIDE.app/Contents/Eclipse/plugins/com.st.stm32cube.ide.mcu.externaltools.gnu-tools-for-stm32.11.3.rel1.macos64_1.1.100.202310310803/tools/bin/../lib/gcc/arm-none-eabi/11.3.1/thumb/v7e-m+fp/hard/crtbegin.o
LOAD /Applications/STM32CubeIDE.app/Contents/Eclipse/plugins/com.st.stm32cube.ide.mcu.externaltools.gnu-tools-for-stm32.11.3.rel1.macos64_1.1.100.202310310803/tools/bin/../lib/gcc/arm-none-eabi/11.3.1/../../../../arm-none-eabi/lib/thumb/v7e-m+fp/hard/crt0.o
LOAD ./Core/Src/main.o
LOAD ./Core/Src/stm32f4xx_hal_msp.o
LOAD ./Core/Src/stm32f4xx_it.o
LOAD ./Core/Src/syscalls.o
LOAD ./Core/Src/sysmem.o
LOAD ./Core/Src/system_stm32f4xx.o
LOAD ./Core/Src/usb_descriptors.o
LOAD ./Core/Startup/startup_stm32f411ceux.o
LOAD ./Drivers/STM32F4xx_HAL_Driver/Src/stm32f4xx_hal.o
LOAD ./Drivers/STM32F4xx_HAL_Driver/Src/stm32f4xx_hal_adc.o
LOAD ./Drivers/STM32F4xx_HAL_Driver/Src/stm32f4xx_hal_adc_ex.o
LOAD ./Drivers/STM32F4xx_HAL_Driver/Src/stm32f4xx_hal_cortex.o
LOAD ./Drivers/STM32F4xx_HAL_Driver/Src/stm32f4xx_hal_dma.o
LOAD ./Drivers/STM32F4xx_HAL_Driver/Src/stm32f4xx_hal_dma_ex.o
LOAD ./Drivers/STM32F4xx_HAL_Driver/Src/stm32f4xx_hal_exti.o
LOAD ./Drivers/STM32F4xx_HAL_Driver/Src/stm32f4xx_hal_flash.o
LOAD ./Drivers/STM32F4xx_HAL_Driver/Src/stm32f4xx_hal_flash_ex.o
LOAD ./Drivers/STM32F4xx_HAL_Driver/Src/stm32f4xx_hal_flash_ramfunc.o
LOAD ./Drivers/STM32F4xx_HAL_Driver/Src/stm32f4xx_hal_gpio.o
LOAD ./Drivers/STM32F4xx_HAL_Driver/Src/stm32f4xx_hal_pcd.o
LOAD ./Drivers/STM32F4xx_HAL_Driver/Src/stm32f4xx_hal_pcd_ex.o
LOAD ./Drivers/STM32F4xx_HAL_Driver/Src/stm32f4xx_hal_pwr.o
LOAD ./Drivers/STM32F4xx_HAL_Driver/Src/stm32f4xx_hal_pwr_ex.o
LOAD ./Drivers/STM32F4xx_HAL_Driver/Src/stm32f4xx_hal_rcc.o
LOAD ./Drivers/STM32F4xx_HAL_Driver/Src/stm32f4xx_hal_rcc_ex.o
LOAD ./Drivers/STM32F4xx_HAL_Driver/Src/stm32f4xx_hal_tim.o
LOAD ./Drivers/STM32F4xx_HAL_Driver/Src/stm32f4xx_hal_tim_ex.o
LOAD ./Drivers/STM32F4xx_HAL_Driver/Src/stm32f4xx_ll_adc.o
LOAD ./Drivers/STM32F4xx_HAL_Driver/Src/stm32f4xx_ll_usb.o
LOAD ./tinyusb/src/class/audio/audio_device.o
LOAD ./tinyusb/src/class/bth/bth_device.o
LOAD ./tinyusb/src/class/cdc/cdc_device.o
LOAD ./tinyusb/src/class/cdc/cdc_host.o
LOAD ./tinyusb/src/class/cdc/cdc_rndis_host.o
LOAD ./tinyusb/src/class/dfu/dfu_device.o
LOAD ./tinyusb/src/class/dfu/dfu_rt_device.o
LOAD ./tinyusb/src/class/hid/hid_device.o
LOAD ./tinyusb/src/class/hid/hid_host.o
LOAD ./tinyusb/src/class/midi/midi_device.o
LOAD ./tinyusb/src/class/msc/msc_device.o
LOAD ./tinyusb/src/class/msc/msc_host.o
LOAD ./tinyusb/src/class/net/ecm_rndis_device.o
LOAD ./tinyusb/src/class/net/ncm_device.o
LOAD ./tinyusb/src/class/usbtmc/usbtmc_device.o
LOAD ./tinyusb/src/class/vendor/vendor_device.o
LOAD ./tinyusb/src/class/vendor/vendor_host.o
LOAD ./tinyusb/src/class/video/video_device.o
LOAD ./tinyusb/src/common/tusb_fifo.o
LOAD ./tinyusb/src/device/usbd.o
LOAD ./tinyusb/src/device/usbd_control.o
LOAD ./tinyusb/src/host/hub.o
LOAD ./tinyusb/src/host/usbh.o
LOAD ./tinyusb/src/portable/analog/max3421/hcd_max3421.o
LOAD ./tinyusb/src/portable/bridgetek/ft9xx/dcd_ft9xx.o
LOAD ./tinyusb/src/portable/chipidea/ci_fs/dcd_ci_fs.o
LOAD ./tinyusb/src/portable/chipidea/ci_hs/dcd_ci_hs.o
LOAD ./tinyusb/src/portable/chipidea/ci_hs/hcd_ci_hs.o
LOAD ./tinyusb/src/portable/dialog/da146xx/dcd_da146xx.o
LOAD ./tinyusb/src/portable/ehci/ehci.o
LOAD ./tinyusb/src/portable/espressif/esp32sx/dcd_esp32sx.o
LOAD ./tinyusb/src/portable/mentor/musb/dcd_musb.o
LOAD ./tinyusb/src/portable/mentor/musb/hcd_musb.o
LOAD ./tinyusb/src/portable/microchip/pic/dcd_pic.o
LOAD ./tinyusb/src/portable/microchip/pic32mz/dcd_pic32mz.o
LOAD ./tinyusb/src/portable/microchip/samd/dcd_samd.o
LOAD ./tinyusb/src/portable/microchip/samg/dcd_samg.o
LOAD ./tinyusb/src/portable/microchip/samx7x/dcd_samx7x.o
LOAD ./tinyusb/src/portable/mindmotion/mm32/dcd_mm32f327x_otg.o
LOAD ./tinyusb/src/portable/nordic/nrf5x/dcd_nrf5x.o
LOAD ./tinyusb/src/portable/nuvoton/nuc120/dcd_nuc120.o
LOAD ./tinyusb/src/portable/nuvoton/nuc121/dcd_nuc121.o
LOAD ./tinyusb/src/portable/nuvoton/nuc505/dcd_nuc505.o
LOAD ./tinyusb/src/portable/nxp/khci/dcd_khci.o
LOAD ./tinyusb/src/portable/nxp/khci/hcd_khci.o
LOAD ./tinyusb/src/portable/nxp/lpc17_40/dcd_lpc17_40.o
LOAD ./tinyusb/src/portable/nxp/lpc17_40/hcd_lpc17_40.o
LOAD ./tinyusb/src/portable/nxp/lpc_ip3511/dcd_lpc_ip3511.o
LOAD ./tinyusb/src/portable/ohci/ohci.o
LOAD ./tinyusb/src/portable/raspberrypi/pio_usb/dcd_pio_usb.o
LOAD ./tinyusb/src/portable/raspberrypi/pio_usb/hcd_pio_usb.o
LOAD ./tinyusb/src/portable/raspberrypi/rp2040/dcd_rp2040.o
LOAD ./tinyusb/src/portable/raspberrypi/rp2040/hcd_rp2040.o
LOAD ./tinyusb/src/portable/raspberrypi/rp2040/rp2040_usb.o
LOAD ./tinyusb/src/portable/renesas/rusb2/dcd_rusb2.o
LOAD ./tinyusb/src/portable/renesas/rusb2/hcd_rusb2.o
LOAD ./tinyusb/src/portable/renesas/rusb2/rusb2_common.o
LOAD ./tinyusb/src/portable/sony/cxd56/dcd_cxd56.o
LOAD ./tinyusb/src/portable/st/stm32_fsdev/dcd_stm32_fsdev.o
LOAD ./tinyusb/src/portable/st/typec/typec_stm32.o
LOAD ./tinyusb/src/portable/sunxi/dcd_sunxi_musb.o
LOAD ./tinyusb/src/portable/synopsys/dwc2/dcd_dwc2.o
LOAD ./tinyusb/src/portable/template/dcd_template.o
LOAD ./tinyusb/src/portable/template/hcd_template.o
LOAD ./tinyusb/src/portable/ti/msp430x5xx/dcd_msp430x5xx.o
LOAD ./tinyusb/src/portable/valentyusb/eptri/dcd_eptri.o
LOAD ./tinyusb/src/portable/wch/dcd_ch32_usbhs.o
LOAD ./tinyusb/src/tusb.o
LOAD ./tinyusb/src/typec/usbc.o
START GROUP
LOAD /Applications/STM32CubeIDE.app/Contents/Eclipse/plugins/com.st.stm32cube.ide.mcu.externaltools.gnu-tools-for-stm32.11.3.rel1.macos64_1.1.100.202310310803/tools/bin/../lib/gcc/arm-none-eabi/11.3.1/../../../../arm-none-eabi/lib/thumb/v7e-m+fp/hard/libc_nano.a
LOAD /Applications/STM32CubeIDE.app/Contents/Eclipse/plugins/com.st.stm32cube.ide.mcu.externaltools.gnu-tools-for-stm32.11.3.rel1.macos64_1.1.100.202310310803/tools/bin/../lib/gcc/arm-none-eabi/11.3.1/../../../../arm-none-eabi/lib/thumb/v7e-m+fp/hard/libm.a
END GROUP
START GROUP
LOAD /Applications/STM32CubeIDE.app/Contents/Eclipse/plugins/com.st.stm32cube.ide.mcu.externaltools.gnu-tools-for-stm32.11.3.rel1.macos64_1.1.100.202310310803/tools/bin/../lib/gcc/arm-none-eabi/11.3.1/thumb/v7e-m+fp/hard/libgcc.a
LOAD /Applications/STM32CubeIDE.app/Contents/Eclipse/plugins/com.st.stm32cube.ide.mcu.externaltools.gnu-tools-for-stm32.11.3.rel1.macos64_1.1.100.202310310803/tools/bin/../lib/gcc/arm-none-eabi/11.3.1/../../../../arm-none-eabi/lib/thumb/v7e-m+fp/hard/libc_nano.a
END GROUP
START GROUP
LOAD /Applications/STM32CubeIDE.app/Contents/Eclipse/plugins/com.st.stm32cube.ide.mcu.externaltools.gnu-tools-for-stm32.11.3.rel1.macos64_1.1.100.202310310803/tools/bin/../lib/gcc/arm-none-eabi/11.3.1/thumb/v7e-m+fp/hard/libgcc.a
LOAD /Applications/STM32CubeIDE.app/Contents/Eclipse/plugins/com.st.stm32cube.ide.mcu.externaltools.gnu-tools-for-stm32.11.3.rel1.macos64_1.1.100.202310310803/tools/bin/../lib/gcc/arm-none-eabi/11.3.1/../../../../arm-none-eabi/lib/thumb/v7e-m+fp/hard/libc_nano.a
LOAD /Applications/STM32CubeIDE.app/Contents/Eclipse/plugins/com.st.stm32cube.ide.mcu.externaltools.gnu-tools-for-stm32.11.3.rel1.macos64_1.1.100.202310310803/tools/bin/../lib/gcc/arm-none-eabi/11.3.1/../../../../arm-none-eabi/lib/thumb/v7e-m+fp/hard/libnosys.a
END GROUP
START GROUP
LOAD /Applications/STM32CubeIDE.app/Contents/Eclipse/plugins/com.st.stm32cube.ide.mcu.externaltools.gnu-tools-for-stm32.11.3.rel1.macos64_1.1.100.202310310803/tools/bin/../lib/gcc/arm-none-eabi/11.3.1/thumb/v7e-m+fp/hard/libgcc.a
LOAD /Applications/STM32CubeIDE.app/Contents/Eclipse/plugins/com.st.stm32cube.ide.mcu.externaltools.gnu-tools-for-stm32.11.3.rel1.macos64_1.1.100.202310310803/tools/bin/../lib/gcc/arm-none-eabi/11.3.1/../../../../arm-none-eabi/lib/thumb/v7e-m+fp/hard/libc_nano.a
LOAD /Applications/STM32CubeIDE.app/Contents/Eclipse/plugins/com.st.stm32cube.ide.mcu.externaltools.gnu-tools-for-stm32.11.3.rel1.macos64_1.1.100.202310310803/tools/bin/../lib/gcc/arm-none-eabi/11.3.1/../../../../arm-none-eabi/lib/thumb/v7e-m+fp/hard/libnosys.a
END GROUP
LOAD /Applications/STM32CubeIDE.app/Contents/Eclipse/plugins/com.st.stm32cube.ide.mcu.externaltools.gnu-tools-for-stm32.11.3.rel1.macos64_1.1.100.202310310803/tools/bin/../lib/gcc/arm-none-eabi/11.3.1/thumb/v7e-m+fp/hard/crtend.o
LOAD /Applications/STM32CubeIDE.app/Contents/Eclipse/plugins/com.st.stm32cube.ide.mcu.externaltools.gnu-tools-for-stm32.11.3.rel1.macos64_1.1.100.202310310803/tools/bin/../lib/gcc/arm-none-eabi/11.3.1/thumb/v7e-m+fp/hard/crtn.o
                0x0000000020020000                _estack = (ORIGIN (RAM) + LENGTH (RAM))
                0x0000000000000200                _Min_Heap_Size = 0x200
                0x0000000000000400                _Min_Stack_Size = 0x400

.isr_vector     0x0000000008000000      0x198
                0x0000000008000000                . = ALIGN (0x4)
 *(.isr_vector)
 .isr_vector    0x0000000008000000      0x198 ./Core/Startup/startup_stm32f411ceux.o
                0x0000000008000000                g_pfnVectors
                0x0000000008000198                . = ALIGN (0x4)

.text           0x0000000008000198     0x84a8
                0x0000000008000198                . = ALIGN (0x4)
 *(.text)
 .text          0x0000000008000198       0x40 /Applications/STM32CubeIDE.app/Contents/Eclipse/plugins/com.st.stm32cube.ide.mcu.externaltools.gnu-tools-for-stm32.11.3.rel1.macos64_1.1.100.202310310803/tools/bin/../lib/gcc/arm-none-eabi/11.3.1/thumb/v7e-m+fp/hard/crtbegin.o
 .text          0x00000000080001d8       0x10 /Applications/STM32CubeIDE.app/Contents/Eclipse/plugins/com.st.stm32cube.ide.mcu.externaltools.gnu-tools-for-stm32.11.3.rel1.macos64_1.1.100.202310310803/tools/bin/../lib/gcc/arm-none-eabi/11.3.1/../../../../arm-none-eabi/lib/thumb/v7e-m+fp/hard/libc_nano.a(libc_a-strlen.o)
                0x00000000080001d8                strlen
 .text          0x00000000080001e8      0x254 /Applications/STM32CubeIDE.app/Contents/Eclipse/plugins/com.st.stm32cube.ide.mcu.externaltools.gnu-tools-for-stm32.11.3.rel1.macos64_1.1.100.202310310803/tools/bin/../lib/gcc/arm-none-eabi/11.3.1/thumb/v7e-m+fp/hard/libgcc.a(_arm_muldf3.o)
                0x00000000080001e8                __aeabi_dmul
                0x00000000080001e8                __muldf3
 .text          0x000000000800043c      0x378 /Applications/STM32CubeIDE.app/Contents/Eclipse/plugins/com.st.stm32cube.ide.mcu.externaltools.gnu-tools-for-stm32.11.3.rel1.macos64_1.1.100.202310310803/tools/bin/../lib/gcc/arm-none-eabi/11.3.1/thumb/v7e-m+fp/hard/libgcc.a(_arm_addsubdf3.o)
                0x000000000800043c                __aeabi_drsub
                0x0000000008000444                __subdf3
                0x0000000008000444                __aeabi_dsub
                0x0000000008000448                __aeabi_dadd
                0x0000000008000448                __adddf3
                0x00000000080006c0                __aeabi_ui2d
                0x00000000080006c0                __floatunsidf
                0x00000000080006e0                __floatsidf
                0x00000000080006e0                __aeabi_i2d
                0x0000000008000704                __extendsfdf2
                0x0000000008000704                __aeabi_f2d
                0x0000000008000748                __aeabi_ul2d
                0x0000000008000748                __floatundidf
                0x0000000008000758                __aeabi_l2d
                0x0000000008000758                __floatdidf
 .text          0x00000000080007b4       0x40 /Applications/STM32CubeIDE.app/Contents/Eclipse/plugins/com.st.stm32cube.ide.mcu.externaltools.gnu-tools-for-stm32.11.3.rel1.macos64_1.1.100.202310310803/tools/bin/../lib/gcc/arm-none-eabi/11.3.1/thumb/v7e-m+fp/hard/libgcc.a(_arm_fixunsdfsi.o)
                0x00000000080007b4                __fixunsdfsi
                0x00000000080007b4                __aeabi_d2uiz
 .text          0x00000000080007f4       0x30 /Applications/STM32CubeIDE.app/Contents/Eclipse/plugins/com.st.stm32cube.ide.mcu.externaltools.gnu-tools-for-stm32.11.3.rel1.macos64_1.1.100.202310310803/tools/bin/../lib/gcc/arm-none-eabi/11.3.1/thumb/v7e-m+fp/hard/libgcc.a(_aeabi_uldivmod.o)
                0x00000000080007f4                __aeabi_uldivmod
 .text          0x0000000008000824      0x2c8 /Applications/STM32CubeIDE.app/Contents/Eclipse/plugins/com.st.stm32cube.ide.mcu.externaltools.gnu-tools-for-stm32.11.3.rel1.macos64_1.1.100.202310310803/tools/bin/../lib/gcc/arm-none-eabi/11.3.1/thumb/v7e-m+fp/hard/libgcc.a(_udivmoddi4.o)
                0x0000000008000824                __udivmoddi4
 .text          0x0000000008000aec        0x4 /Applications/STM32CubeIDE.app/Contents/Eclipse/plugins/com.st.stm32cube.ide.mcu.externaltools.gnu-tools-for-stm32.11.3.rel1.macos64_1.1.100.202310310803/tools/bin/../lib/gcc/arm-none-eabi/11.3.1/thumb/v7e-m+fp/hard/libgcc.a(_dvmd_tls.o)
                0x0000000008000aec                __aeabi_ldiv0
                0x0000000008000aec                __aeabi_idiv0
 *(.text*)
 .text.tud_hid_ready
                0x0000000008000af0       0x10 ./Core/Src/main.o
 .text.tud_hid_keyboard_report
                0x0000000008000b00       0x26 ./Core/Src/main.o
 *fill*         0x0000000008000b26        0x2 
 .text.main     0x0000000008000b28       0x9c ./Core/Src/main.o
                0x0000000008000b28                main
 .text.SystemClock_Config
                0x0000000008000bc4       0xd0 ./Core/Src/main.o
                0x0000000008000bc4                SystemClock_Config
 .text.MX_ADC1_Init
                0x0000000008000c94      0x118 ./Core/Src/main.o
 .text.MX_USB_OTG_FS_PCD_Init
                0x0000000008000dac       0x5c ./Core/Src/main.o
 .text.MX_GPIO_Init
                0x0000000008000e08       0xa4 ./Core/Src/main.o
 *fill*         0x0000000008000eac        0x4 
 .text.update_key_state
                0x0000000008000eb0      0x1a0 ./Core/Src/main.o
 .text.update_key
                0x0000000008001050      0x190 ./Core/Src/main.o
 .text.keys_loop
                0x00000000080011e0       0xc8 ./Core/Src/main.o
 .text.init_key
                0x00000000080012a8       0xc4 ./Core/Src/main.o
 .text.keys_init
                0x000000000800136c       0xfc ./Core/Src/main.o
 .text.get_bitmask_for_modifier
                0x0000000008001468       0x68 ./Core/Src/main.o
                0x0000000008001468                get_bitmask_for_modifier
 .text.keys_on_change
                0x00000000080014d0      0x300 ./Core/Src/main.o
 .text.tud_hid_set_protocol_cb
                0x00000000080017d0       0x1c ./Core/Src/main.o
                0x00000000080017d0                tud_hid_set_protocol_cb
 .text.tud_hid_report_complete_cb
                0x00000000080017ec       0x28 ./Core/Src/main.o
                0x00000000080017ec                tud_hid_report_complete_cb
 .text.tud_hid_get_report_cb
                0x0000000008001814       0x22 ./Core/Src/main.o
                0x0000000008001814                tud_hid_get_report_cb
 .text.tud_hid_set_report_cb
                0x0000000008001836       0x20 ./Core/Src/main.o
                0x0000000008001836                tud_hid_set_report_cb
 .text.Error_Handler
                0x0000000008001856        0xa ./Core/Src/main.o
                0x0000000008001856                Error_Handler
 .text.HAL_MspInit
                0x0000000008001860       0x50 ./Core/Src/stm32f4xx_hal_msp.o
                0x0000000008001860                HAL_MspInit
 .text.HAL_ADC_MspInit
                0x00000000080018b0       0x88 ./Core/Src/stm32f4xx_hal_msp.o
                0x00000000080018b0                HAL_ADC_MspInit
 .text.HAL_PCD_MspInit
                0x0000000008001938       0xa8 ./Core/Src/stm32f4xx_hal_msp.o
                0x0000000008001938                HAL_PCD_MspInit
 .text.NMI_Handler
                0x00000000080019e0        0x6 ./Core/Src/stm32f4xx_it.o
                0x00000000080019e0                NMI_Handler
 .text.HardFault_Handler
                0x00000000080019e6        0x8 ./Core/Src/stm32f4xx_it.o
                0x00000000080019e6                HardFault_Handler
 .text.MemManage_Handler
                0x00000000080019ee        0x6 ./Core/Src/stm32f4xx_it.o
                0x00000000080019ee                MemManage_Handler
 .text.BusFault_Handler
                0x00000000080019f4        0x6 ./Core/Src/stm32f4xx_it.o
                0x00000000080019f4                BusFault_Handler
 .text.UsageFault_Handler
                0x00000000080019fa        0x6 ./Core/Src/stm32f4xx_it.o
                0x00000000080019fa                UsageFault_Handler
 .text.SVC_Handler
                0x0000000008001a00        0xe ./Core/Src/stm32f4xx_it.o
                0x0000000008001a00                SVC_Handler
 .text.DebugMon_Handler
                0x0000000008001a0e        0xe ./Core/Src/stm32f4xx_it.o
                0x0000000008001a0e                DebugMon_Handler
 .text.PendSV_Handler
                0x0000000008001a1c        0xe ./Core/Src/stm32f4xx_it.o
                0x0000000008001a1c                PendSV_Handler
 *fill*         0x0000000008001a2a        0x2 
 .text.SysTick_Handler
                0x0000000008001a2c       0x1c ./Core/Src/stm32f4xx_it.o
                0x0000000008001a2c                SysTick_Handler
 .text.OTG_FS_IRQHandler
                0x0000000008001a48        0xe ./Core/Src/stm32f4xx_it.o
                0x0000000008001a48                OTG_FS_IRQHandler
 *fill*         0x0000000008001a56        0x2 
 .text.SystemInit
                0x0000000008001a58       0x24 ./Core/Src/system_stm32f4xx.o
                0x0000000008001a58                SystemInit
 .text.tud_descriptor_device_cb
                0x0000000008001a7c       0x14 ./Core/Src/usb_descriptors.o
                0x0000000008001a7c                tud_descriptor_device_cb
 .text.tud_hid_descriptor_report_cb
                0x0000000008001a90       0x1c ./Core/Src/usb_descriptors.o
                0x0000000008001a90                tud_hid_descriptor_report_cb
 .text.tud_descriptor_configuration_cb
                0x0000000008001aac       0x1c ./Core/Src/usb_descriptors.o
                0x0000000008001aac                tud_descriptor_configuration_cb
 .text.tud_descriptor_string_cb
                0x0000000008001ac8       0xa0 ./Core/Src/usb_descriptors.o
                0x0000000008001ac8                tud_descriptor_string_cb
 .text.Reset_Handler
                0x0000000008001b68       0x50 ./Core/Startup/startup_stm32f411ceux.o
                0x0000000008001b68                Reset_Handler
 .text.Default_Handler
                0x0000000008001bb8        0x2 ./Core/Startup/startup_stm32f411ceux.o
                0x0000000008001bb8                DMA1_Stream3_IRQHandler
                0x0000000008001bb8                EXTI2_IRQHandler
                0x0000000008001bb8                SPI4_IRQHandler
                0x0000000008001bb8                TIM1_CC_IRQHandler
                0x0000000008001bb8                DMA2_Stream5_IRQHandler
                0x0000000008001bb8                DMA1_Stream5_IRQHandler
                0x0000000008001bb8                PVD_IRQHandler
                0x0000000008001bb8                SDIO_IRQHandler
                0x0000000008001bb8                TAMP_STAMP_IRQHandler
                0x0000000008001bb8                EXTI3_IRQHandler
                0x0000000008001bb8                TIM1_UP_TIM10_IRQHandler
                0x0000000008001bb8                I2C3_ER_IRQHandler
                0x0000000008001bb8                EXTI0_IRQHandler
                0x0000000008001bb8                I2C2_EV_IRQHandler
                0x0000000008001bb8                DMA1_Stream2_IRQHandler
                0x0000000008001bb8                FPU_IRQHandler
                0x0000000008001bb8                DMA2_Stream2_IRQHandler
                0x0000000008001bb8                SPI1_IRQHandler
                0x0000000008001bb8                TIM1_BRK_TIM9_IRQHandler
                0x0000000008001bb8                DMA2_Stream3_IRQHandler
                0x0000000008001bb8                USART6_IRQHandler
                0x0000000008001bb8                DMA2_Stream0_IRQHandler
                0x0000000008001bb8                TIM4_IRQHandler
                0x0000000008001bb8                I2C1_EV_IRQHandler
                0x0000000008001bb8                DMA1_Stream6_IRQHandler
                0x0000000008001bb8                DMA1_Stream1_IRQHandler
                0x0000000008001bb8                TIM3_IRQHandler
                0x0000000008001bb8                RCC_IRQHandler
                0x0000000008001bb8                Default_Handler
                0x0000000008001bb8                EXTI15_10_IRQHandler
                0x0000000008001bb8                ADC_IRQHandler
                0x0000000008001bb8                DMA1_Stream7_IRQHandler
                0x0000000008001bb8                SPI5_IRQHandler
                0x0000000008001bb8                TIM5_IRQHandler
                0x0000000008001bb8                DMA2_Stream7_IRQHandler
                0x0000000008001bb8                I2C3_EV_IRQHandler
                0x0000000008001bb8                EXTI9_5_IRQHandler
                0x0000000008001bb8                RTC_WKUP_IRQHandler
                0x0000000008001bb8                SPI2_IRQHandler
                0x0000000008001bb8                DMA1_Stream0_IRQHandler
                0x0000000008001bb8                EXTI4_IRQHandler
                0x0000000008001bb8                WWDG_IRQHandler
                0x0000000008001bb8                TIM2_IRQHandler
                0x0000000008001bb8                OTG_FS_WKUP_IRQHandler
                0x0000000008001bb8                TIM1_TRG_COM_TIM11_IRQHandler
                0x0000000008001bb8                EXTI1_IRQHandler
                0x0000000008001bb8                USART2_IRQHandler
                0x0000000008001bb8                I2C2_ER_IRQHandler
                0x0000000008001bb8                DMA2_Stream1_IRQHandler
                0x0000000008001bb8                FLASH_IRQHandler
                0x0000000008001bb8                DMA2_Stream4_IRQHandler
                0x0000000008001bb8                USART1_IRQHandler
                0x0000000008001bb8                SPI3_IRQHandler
                0x0000000008001bb8                DMA1_Stream4_IRQHandler
                0x0000000008001bb8                I2C1_ER_IRQHandler
                0x0000000008001bb8                DMA2_Stream6_IRQHandler
                0x0000000008001bb8                RTC_Alarm_IRQHandler
 *fill*         0x0000000008001bba        0x2 
 .text.HAL_Init
                0x0000000008001bbc       0x44 ./Drivers/STM32F4xx_HAL_Driver/Src/stm32f4xx_hal.o
                0x0000000008001bbc                HAL_Init
 .text.HAL_InitTick
                0x0000000008001c00       0x60 ./Drivers/STM32F4xx_HAL_Driver/Src/stm32f4xx_hal.o
                0x0000000008001c00                HAL_InitTick
 .text.HAL_IncTick
                0x0000000008001c60       0x28 ./Drivers/STM32F4xx_HAL_Driver/Src/stm32f4xx_hal.o
                0x0000000008001c60                HAL_IncTick
 .text.HAL_GetTick
                0x0000000008001c88       0x18 ./Drivers/STM32F4xx_HAL_Driver/Src/stm32f4xx_hal.o
                0x0000000008001c88                HAL_GetTick
 .text.HAL_Delay
                0x0000000008001ca0       0x48 ./Drivers/STM32F4xx_HAL_Driver/Src/stm32f4xx_hal.o
                0x0000000008001ca0                HAL_Delay
 .text.HAL_ADC_Init
                0x0000000008001ce8       0x86 ./Drivers/STM32F4xx_HAL_Driver/Src/stm32f4xx_hal_adc.o
                0x0000000008001ce8                HAL_ADC_Init
 *fill*         0x0000000008001d6e        0x2 
 .text.HAL_ADC_Start
                0x0000000008001d70      0x168 ./Drivers/STM32F4xx_HAL_Driver/Src/stm32f4xx_hal_adc.o
                0x0000000008001d70                HAL_ADC_Start
 .text.HAL_ADC_Stop
                0x0000000008001ed8       0x66 ./Drivers/STM32F4xx_HAL_Driver/Src/stm32f4xx_hal_adc.o
                0x0000000008001ed8                HAL_ADC_Stop
 .text.HAL_ADC_PollForConversion
                0x0000000008001f3e      0x116 ./Drivers/STM32F4xx_HAL_Driver/Src/stm32f4xx_hal_adc.o
                0x0000000008001f3e                HAL_ADC_PollForConversion
 .text.HAL_ADC_GetValue
                0x0000000008002054       0x1a ./Drivers/STM32F4xx_HAL_Driver/Src/stm32f4xx_hal_adc.o
                0x0000000008002054                HAL_ADC_GetValue
 *fill*         0x000000000800206e        0x2 
 .text.HAL_ADC_ConfigChannel
                0x0000000008002070      0x264 ./Drivers/STM32F4xx_HAL_Driver/Src/stm32f4xx_hal_adc.o
                0x0000000008002070                HAL_ADC_ConfigChannel
 .text.ADC_Init
                0x00000000080022d4      0x1f8 ./Drivers/STM32F4xx_HAL_Driver/Src/stm32f4xx_hal_adc.o
 .text.__NVIC_SetPriorityGrouping
                0x00000000080024cc       0x48 ./Drivers/STM32F4xx_HAL_Driver/Src/stm32f4xx_hal_cortex.o
 .text.__NVIC_GetPriorityGrouping
                0x0000000008002514       0x1c ./Drivers/STM32F4xx_HAL_Driver/Src/stm32f4xx_hal_cortex.o
 .text.__NVIC_EnableIRQ
                0x0000000008002530       0x3c ./Drivers/STM32F4xx_HAL_Driver/Src/stm32f4xx_hal_cortex.o
 .text.__NVIC_SetPriority
                0x000000000800256c       0x54 ./Drivers/STM32F4xx_HAL_Driver/Src/stm32f4xx_hal_cortex.o
 .text.NVIC_EncodePriority
                0x00000000080025c0       0x66 ./Drivers/STM32F4xx_HAL_Driver/Src/stm32f4xx_hal_cortex.o
 *fill*         0x0000000008002626        0x2 
 .text.SysTick_Config
                0x0000000008002628       0x44 ./Drivers/STM32F4xx_HAL_Driver/Src/stm32f4xx_hal_cortex.o
 .text.HAL_NVIC_SetPriorityGrouping
                0x000000000800266c       0x16 ./Drivers/STM32F4xx_HAL_Driver/Src/stm32f4xx_hal_cortex.o
                0x000000000800266c                HAL_NVIC_SetPriorityGrouping
 .text.HAL_NVIC_SetPriority
                0x0000000008002682       0x38 ./Drivers/STM32F4xx_HAL_Driver/Src/stm32f4xx_hal_cortex.o
                0x0000000008002682                HAL_NVIC_SetPriority
 .text.HAL_NVIC_EnableIRQ
                0x00000000080026ba       0x1c ./Drivers/STM32F4xx_HAL_Driver/Src/stm32f4xx_hal_cortex.o
                0x00000000080026ba                HAL_NVIC_EnableIRQ
 .text.HAL_SYSTICK_Config
                0x00000000080026d6       0x18 ./Drivers/STM32F4xx_HAL_Driver/Src/stm32f4xx_hal_cortex.o
                0x00000000080026d6                HAL_SYSTICK_Config
 *fill*         0x00000000080026ee        0x2 
 .text.HAL_GPIO_Init
                0x00000000080026f0      0x308 ./Drivers/STM32F4xx_HAL_Driver/Src/stm32f4xx_hal_gpio.o
                0x00000000080026f0                HAL_GPIO_Init
 .text.HAL_GPIO_WritePin
                0x00000000080029f8       0x32 ./Drivers/STM32F4xx_HAL_Driver/Src/stm32f4xx_hal_gpio.o
                0x00000000080029f8                HAL_GPIO_WritePin
 .text.HAL_PCD_Init
                0x0000000008002a2a      0x21e ./Drivers/STM32F4xx_HAL_Driver/Src/stm32f4xx_hal_pcd.o
                0x0000000008002a2a                HAL_PCD_Init
 .text.HAL_RCC_OscConfig
                0x0000000008002c48      0x4f0 ./Drivers/STM32F4xx_HAL_Driver/Src/stm32f4xx_hal_rcc.o
                0x0000000008002c48                HAL_RCC_OscConfig
 .text.HAL_RCC_ClockConfig
                0x0000000008003138      0x1cc ./Drivers/STM32F4xx_HAL_Driver/Src/stm32f4xx_hal_rcc.o
                0x0000000008003138                HAL_RCC_ClockConfig
 .text.HAL_RCC_GetSysClockFreq
                0x0000000008003304      0x18c ./Drivers/STM32F4xx_HAL_Driver/Src/stm32f4xx_hal_rcc.o
                0x0000000008003304                HAL_RCC_GetSysClockFreq
 .text.USB_CoreInit
                0x0000000008003490       0xc8 ./Drivers/STM32F4xx_HAL_Driver/Src/stm32f4xx_ll_usb.o
                0x0000000008003490                USB_CoreInit
 .text.USB_DisableGlobalInt
                0x0000000008003558       0x22 ./Drivers/STM32F4xx_HAL_Driver/Src/stm32f4xx_ll_usb.o
                0x0000000008003558                USB_DisableGlobalInt
 .text.USB_SetCurrentMode
                0x000000000800357a       0x98 ./Drivers/STM32F4xx_HAL_Driver/Src/stm32f4xx_ll_usb.o
                0x000000000800357a                USB_SetCurrentMode
 *fill*         0x0000000008003612        0x2 
 .text.USB_DevInit
                0x0000000008003614      0x2c8 ./Drivers/STM32F4xx_HAL_Driver/Src/stm32f4xx_ll_usb.o
                0x0000000008003614                USB_DevInit
 .text.USB_FlushTxFifo
                0x00000000080038dc       0x64 ./Drivers/STM32F4xx_HAL_Driver/Src/stm32f4xx_ll_usb.o
                0x00000000080038dc                USB_FlushTxFifo
 .text.USB_FlushRxFifo
                0x0000000008003940       0x5c ./Drivers/STM32F4xx_HAL_Driver/Src/stm32f4xx_ll_usb.o
                0x0000000008003940                USB_FlushRxFifo
 .text.USB_SetDevSpeed
                0x000000000800399c       0x32 ./Drivers/STM32F4xx_HAL_Driver/Src/stm32f4xx_ll_usb.o
                0x000000000800399c                USB_SetDevSpeed
 .text.USB_DevDisconnect
                0x00000000080039ce       0x42 ./Drivers/STM32F4xx_HAL_Driver/Src/stm32f4xx_ll_usb.o
                0x00000000080039ce                USB_DevDisconnect
 .text.USB_GetMode
                0x0000000008003a10       0x1c ./Drivers/STM32F4xx_HAL_Driver/Src/stm32f4xx_ll_usb.o
                0x0000000008003a10                USB_GetMode
 .text.USB_CoreReset
                0x0000000008003a2c       0x62 ./Drivers/STM32F4xx_HAL_Driver/Src/stm32f4xx_ll_usb.o
 *fill*         0x0000000008003a8e        0x2 
 .text.get_index_by_itfnum
                0x0000000008003a90       0x48 ./tinyusb/src/class/hid/hid_device.o
 .text.tud_hid_n_ready
                0x0000000008003ad8       0x84 ./tinyusb/src/class/hid/hid_device.o
                0x0000000008003ad8                tud_hid_n_ready
 .text.tud_hid_n_report
                0x0000000008003b5c       0xf0 ./tinyusb/src/class/hid/hid_device.o
                0x0000000008003b5c                tud_hid_n_report
 .text.tud_hid_n_keyboard_report
                0x0000000008003c4c       0x5a ./tinyusb/src/class/hid/hid_device.o
                0x0000000008003c4c                tud_hid_n_keyboard_report
 .text.hidd_init
                0x0000000008003ca6        0xe ./tinyusb/src/class/hid/hid_device.o
                0x0000000008003ca6                hidd_init
 .text.hidd_reset
                0x0000000008003cb4       0x20 ./tinyusb/src/class/hid/hid_device.o
                0x0000000008003cb4                hidd_reset
 .text.hidd_open
                0x0000000008003cd4      0x1c0 ./tinyusb/src/class/hid/hid_device.o
                0x0000000008003cd4                hidd_open
 .text.hidd_control_xfer_cb
                0x0000000008003e94      0x3a4 ./tinyusb/src/class/hid/hid_device.o
                0x0000000008003e94                hidd_control_xfer_cb
 .text.hidd_xfer_cb
                0x0000000008004238      0x100 ./tinyusb/src/class/hid/hid_device.o
                0x0000000008004238                hidd_xfer_cb
 .text._ff_push_const_addr
                0x0000000008004338       0x68 ./tinyusb/src/common/tusb_fifo.o
 .text._ff_pull_const_addr
                0x00000000080043a0       0x66 ./tinyusb/src/common/tusb_fifo.o
 .text._ff_push
                0x0000000008004406       0x3e ./tinyusb/src/common/tusb_fifo.o
 .text._ff_push_n
                0x0000000008004444      0x1bc ./tinyusb/src/common/tusb_fifo.o
 .text._ff_pull
                0x0000000008004600       0x3e ./tinyusb/src/common/tusb_fifo.o
 .text._ff_pull_n
                0x000000000800463e      0x1c0 ./tinyusb/src/common/tusb_fifo.o
 .text.advance_index
                0x00000000080047fe       0x4c ./tinyusb/src/common/tusb_fifo.o
 .text._tu_fifo_peek
                0x000000000800484a       0xcc ./tinyusb/src/common/tusb_fifo.o
 .text._tu_fifo_peek_n
                0x0000000008004916       0xe0 ./tinyusb/src/common/tusb_fifo.o
 .text._tu_fifo_write_n
                0x00000000080049f6      0x1a2 ./tinyusb/src/common/tusb_fifo.o
 .text._tu_fifo_read_n
                0x0000000008004b98       0x5e ./tinyusb/src/common/tusb_fifo.o
 .text.tu_fifo_full
                0x0000000008004bf6       0x5c ./tinyusb/src/common/tusb_fifo.o
                0x0000000008004bf6                tu_fifo_full
 .text.tu_fifo_read
                0x0000000008004c52       0x48 ./tinyusb/src/common/tusb_fifo.o
                0x0000000008004c52                tu_fifo_read
 .text.tu_fifo_read_n_const_addr_full_words
                0x0000000008004c9a       0x24 ./tinyusb/src/common/tusb_fifo.o
                0x0000000008004c9a                tu_fifo_read_n_const_addr_full_words
 .text.tu_fifo_write
                0x0000000008004cbe       0x86 ./tinyusb/src/common/tusb_fifo.o
                0x0000000008004cbe                tu_fifo_write
 .text.tu_fifo_write_n_const_addr_full_words
                0x0000000008004d44       0x24 ./tinyusb/src/common/tusb_fifo.o
                0x0000000008004d44                tu_fifo_write_n_const_addr_full_words
 .text.tu_fifo_clear
                0x0000000008004d68       0x22 ./tinyusb/src/common/tusb_fifo.o
                0x0000000008004d68                tu_fifo_clear
 *fill*         0x0000000008004d8a        0x2 
 .text.tud_mounted
                0x0000000008004d8c       0x24 ./tinyusb/src/device/usbd.o
                0x0000000008004d8c                tud_mounted
 .text.tud_suspended
                0x0000000008004db0       0x28 ./tinyusb/src/device/usbd.o
                0x0000000008004db0                tud_suspended
 .text.tud_remote_wakeup
                0x0000000008004dd8       0x4c ./tinyusb/src/device/usbd.o
                0x0000000008004dd8                tud_remote_wakeup
 .text.tud_inited
                0x0000000008004e24       0x20 ./tinyusb/src/device/usbd.o
                0x0000000008004e24                tud_inited
 .text.tud_init
                0x0000000008004e44      0x138 ./tinyusb/src/device/usbd.o
                0x0000000008004e44                tud_init
 .text.configuration_reset
                0x0000000008004f7c       0xd4 ./tinyusb/src/device/usbd.o
 .text.usbd_reset
                0x0000000008005050       0x1e ./tinyusb/src/device/usbd.o
 *fill*         0x000000000800506e        0x2 
 .text.tud_task_ext
                0x0000000008005070      0x2ec ./tinyusb/src/device/usbd.o
                0x0000000008005070                tud_task_ext
 .text.invoke_class_control
                0x000000000800535c       0x2e ./tinyusb/src/device/usbd.o
 *fill*         0x000000000800538a        0x2 
 .text.process_control_request
                0x000000000800538c      0x5f0 ./tinyusb/src/device/usbd.o
 .text.process_set_config
                0x000000000800597c      0x254 ./tinyusb/src/device/usbd.o
 .text.process_get_descriptor
                0x0000000008005bd0      0x1d0 ./tinyusb/src/device/usbd.o
 .text.dcd_event_handler
                0x0000000008005da0      0x2fc ./tinyusb/src/device/usbd.o
                0x0000000008005da0                dcd_event_handler
 .text.usbd_int_set
                0x000000000800609c       0x34 ./tinyusb/src/device/usbd.o
                0x000000000800609c                usbd_int_set
 .text.usbd_open_edpt_pair
                0x00000000080060d0       0xd0 ./tinyusb/src/device/usbd.o
                0x00000000080060d0                usbd_open_edpt_pair
 .text.usbd_edpt_open
                0x00000000080061a0       0x88 ./tinyusb/src/device/usbd.o
                0x00000000080061a0                usbd_edpt_open
 .text.usbd_edpt_claim
                0x0000000008006228       0x54 ./tinyusb/src/device/usbd.o
                0x0000000008006228                usbd_edpt_claim
 .text.usbd_edpt_xfer
                0x000000000800627c       0xec ./tinyusb/src/device/usbd.o
                0x000000000800627c                usbd_edpt_xfer
 .text.usbd_edpt_busy
                0x0000000008006368       0x5c ./tinyusb/src/device/usbd.o
                0x0000000008006368                usbd_edpt_busy
 .text.usbd_edpt_stall
                0x00000000080063c4       0x98 ./tinyusb/src/device/usbd.o
                0x00000000080063c4                usbd_edpt_stall
 .text.usbd_edpt_clear_stall
                0x000000000800645c       0x98 ./tinyusb/src/device/usbd.o
                0x000000000800645c                usbd_edpt_clear_stall
 .text.usbd_edpt_stalled
                0x00000000080064f4       0x5c ./tinyusb/src/device/usbd.o
                0x00000000080064f4                usbd_edpt_stalled
 .text._status_stage_xact
                0x0000000008006550       0x38 ./tinyusb/src/device/usbd_control.o
 .text.tud_control_status
                0x0000000008006588       0x40 ./tinyusb/src/device/usbd_control.o
                0x0000000008006588                tud_control_status
 .text._data_stage_xact
                0x00000000080065c8       0xa4 ./tinyusb/src/device/usbd_control.o
 .text.tud_control_xfer
                0x000000000800666c       0xe0 ./tinyusb/src/device/usbd_control.o
                0x000000000800666c                tud_control_xfer
 .text.usbd_control_reset
                0x000000000800674c       0x18 ./tinyusb/src/device/usbd_control.o
                0x000000000800674c                usbd_control_reset
 .text.usbd_control_set_complete_callback
                0x0000000008006764       0x20 ./tinyusb/src/device/usbd_control.o
                0x0000000008006764                usbd_control_set_complete_callback
 .text.usbd_control_set_request
                0x0000000008006784       0x34 ./tinyusb/src/device/usbd_control.o
                0x0000000008006784                usbd_control_set_request
 .text.usbd_control_xfer_cb
                0x00000000080067b8      0x170 ./tinyusb/src/device/usbd_control.o
                0x00000000080067b8                usbd_control_xfer_cb
 .text.__NVIC_EnableIRQ
                0x0000000008006928       0x3c ./tinyusb/src/portable/synopsys/dwc2/dcd_dwc2.o
 .text.__NVIC_DisableIRQ
                0x0000000008006964       0x48 ./tinyusb/src/portable/synopsys/dwc2/dcd_dwc2.o
 .text.dwc2_phy_init
                0x00000000080069ac       0x38 ./tinyusb/src/portable/synopsys/dwc2/dcd_dwc2.o
 .text.dwc2_phy_update
                0x00000000080069e4       0xec ./tinyusb/src/portable/synopsys/dwc2/dcd_dwc2.o
 .text.calc_grxfsiz
                0x0000000008006ad0       0x32 ./tinyusb/src/portable/synopsys/dwc2/dcd_dwc2.o
 *fill*         0x0000000008006b02        0x2 
 .text.update_grxfsiz
                0x0000000008006b04       0x84 ./tinyusb/src/portable/synopsys/dwc2/dcd_dwc2.o
 .text.bus_reset
                0x0000000008006b88      0x114 ./tinyusb/src/portable/synopsys/dwc2/dcd_dwc2.o
 .text.edpt_schedule_packets
                0x0000000008006c9c      0x1f4 ./tinyusb/src/portable/synopsys/dwc2/dcd_dwc2.o
 .text.reset_core
                0x0000000008006e90       0x3a ./tinyusb/src/portable/synopsys/dwc2/dcd_dwc2.o
 .text.phy_hs_supported
                0x0000000008006eca       0x16 ./tinyusb/src/portable/synopsys/dwc2/dcd_dwc2.o
 .text.phy_fs_init
                0x0000000008006ee0       0x52 ./tinyusb/src/portable/synopsys/dwc2/dcd_dwc2.o
 .text.phy_hs_init
                0x0000000008006f32      0x102 ./tinyusb/src/portable/synopsys/dwc2/dcd_dwc2.o
 .text.check_dwc2
                0x0000000008007034       0x60 ./tinyusb/src/portable/synopsys/dwc2/dcd_dwc2.o
 .text.dcd_init
                0x0000000008007094      0x110 ./tinyusb/src/portable/synopsys/dwc2/dcd_dwc2.o
                0x0000000008007094                dcd_init
 .text.dcd_int_enable
                0x00000000080071a4       0x30 ./tinyusb/src/portable/synopsys/dwc2/dcd_dwc2.o
                0x00000000080071a4                dcd_int_enable
 .text.dcd_int_disable
                0x00000000080071d4       0x30 ./tinyusb/src/portable/synopsys/dwc2/dcd_dwc2.o
                0x00000000080071d4                dcd_int_disable
 .text.dcd_set_address
                0x0000000008007204       0x68 ./tinyusb/src/portable/synopsys/dwc2/dcd_dwc2.o
                0x0000000008007204                dcd_set_address
 .text.dcd_remote_wakeup
                0x000000000800726c       0x80 ./tinyusb/src/portable/synopsys/dwc2/dcd_dwc2.o
                0x000000000800726c                dcd_remote_wakeup
 .text.dcd_connect
                0x00000000080072ec       0x38 ./tinyusb/src/portable/synopsys/dwc2/dcd_dwc2.o
                0x00000000080072ec                dcd_connect
 .text.dcd_disconnect
                0x0000000008007324       0x38 ./tinyusb/src/portable/synopsys/dwc2/dcd_dwc2.o
                0x0000000008007324                dcd_disconnect
 .text.dcd_edpt_open
                0x000000000800735c      0x264 ./tinyusb/src/portable/synopsys/dwc2/dcd_dwc2.o
                0x000000000800735c                dcd_edpt_open
 .text.dcd_edpt_close_all
                0x00000000080075c0       0x98 ./tinyusb/src/portable/synopsys/dwc2/dcd_dwc2.o
                0x00000000080075c0                dcd_edpt_close_all
 .text.dcd_edpt_xfer
                0x0000000008007658       0xd0 ./tinyusb/src/portable/synopsys/dwc2/dcd_dwc2.o
                0x0000000008007658                dcd_edpt_xfer
 .text.dcd_edpt_disable
                0x0000000008007728      0x1d8 ./tinyusb/src/portable/synopsys/dwc2/dcd_dwc2.o
 .text.dcd_edpt_stall
                0x0000000008007900       0x24 ./tinyusb/src/portable/synopsys/dwc2/dcd_dwc2.o
                0x0000000008007900                dcd_edpt_stall
 .text.dcd_edpt_clear_stall
                0x0000000008007924       0xc0 ./tinyusb/src/portable/synopsys/dwc2/dcd_dwc2.o
                0x0000000008007924                dcd_edpt_clear_stall
 .text.read_fifo_packet
                0x00000000080079e4       0xb4 ./tinyusb/src/portable/synopsys/dwc2/dcd_dwc2.o
 .text.write_fifo_packet
                0x0000000008007a98       0xac ./tinyusb/src/portable/synopsys/dwc2/dcd_dwc2.o
 .text.handle_rxflvl_irq
                0x0000000008007b44      0x19c ./tinyusb/src/portable/synopsys/dwc2/dcd_dwc2.o
 .text.handle_epout_irq
                0x0000000008007ce0      0x1a4 ./tinyusb/src/portable/synopsys/dwc2/dcd_dwc2.o
 .text.handle_epin_irq
                0x0000000008007e84      0x240 ./tinyusb/src/portable/synopsys/dwc2/dcd_dwc2.o
 .text.dcd_int_handler
                0x00000000080080c4      0x2f8 ./tinyusb/src/portable/synopsys/dwc2/dcd_dwc2.o
                0x00000000080080c4                dcd_int_handler
 .text.tu_edpt_claim
                0x00000000080083bc       0x74 ./tinyusb/src/tusb.o
                0x00000000080083bc                tu_edpt_claim
 .text.tu_edpt_validate
                0x0000000008008430       0xf8 ./tinyusb/src/tusb.o
                0x0000000008008430                tu_edpt_validate
 .text.tu_edpt_bind_driver
                0x0000000008008528       0x8a ./tinyusb/src/tusb.o
                0x0000000008008528                tu_edpt_bind_driver
 .text.memset   0x00000000080085b2       0x10 /Applications/STM32CubeIDE.app/Contents/Eclipse/plugins/com.st.stm32cube.ide.mcu.externaltools.gnu-tools-for-stm32.11.3.rel1.macos64_1.1.100.202310310803/tools/bin/../lib/gcc/arm-none-eabi/11.3.1/../../../../arm-none-eabi/lib/thumb/v7e-m+fp/hard/libc_nano.a(libc_a-memset.o)
                0x00000000080085b2                memset
 *fill*         0x00000000080085c2        0x2 
 .text.__libc_init_array
                0x00000000080085c4       0x48 /Applications/STM32CubeIDE.app/Contents/Eclipse/plugins/com.st.stm32cube.ide.mcu.externaltools.gnu-tools-for-stm32.11.3.rel1.macos64_1.1.100.202310310803/tools/bin/../lib/gcc/arm-none-eabi/11.3.1/../../../../arm-none-eabi/lib/thumb/v7e-m+fp/hard/libc_nano.a(libc_a-init.o)
                0x00000000080085c4                __libc_init_array
 .text.memcpy   0x000000000800860c       0x1c /Applications/STM32CubeIDE.app/Contents/Eclipse/plugins/com.st.stm32cube.ide.mcu.externaltools.gnu-tools-for-stm32.11.3.rel1.macos64_1.1.100.202310310803/tools/bin/../lib/gcc/arm-none-eabi/11.3.1/../../../../arm-none-eabi/lib/thumb/v7e-m+fp/hard/libc_nano.a(libc_a-memcpy-stub.o)
                0x000000000800860c                memcpy
 *(.glue_7)
 .glue_7        0x0000000008008628        0x0 linker stubs
 *(.glue_7t)
 .glue_7t       0x0000000008008628        0x0 linker stubs
 *(.eh_frame)
 .eh_frame      0x0000000008008628        0x0 /Applications/STM32CubeIDE.app/Contents/Eclipse/plugins/com.st.stm32cube.ide.mcu.externaltools.gnu-tools-for-stm32.11.3.rel1.macos64_1.1.100.202310310803/tools/bin/../lib/gcc/arm-none-eabi/11.3.1/thumb/v7e-m+fp/hard/crtbegin.o
 *(.init)
 .init          0x0000000008008628        0x4 /Applications/STM32CubeIDE.app/Contents/Eclipse/plugins/com.st.stm32cube.ide.mcu.externaltools.gnu-tools-for-stm32.11.3.rel1.macos64_1.1.100.202310310803/tools/bin/../lib/gcc/arm-none-eabi/11.3.1/thumb/v7e-m+fp/hard/crti.o
                0x0000000008008628                _init
 .init          0x000000000800862c        0x8 /Applications/STM32CubeIDE.app/Contents/Eclipse/plugins/com.st.stm32cube.ide.mcu.externaltools.gnu-tools-for-stm32.11.3.rel1.macos64_1.1.100.202310310803/tools/bin/../lib/gcc/arm-none-eabi/11.3.1/thumb/v7e-m+fp/hard/crtn.o
 *(.fini)
 .fini          0x0000000008008634        0x4 /Applications/STM32CubeIDE.app/Contents/Eclipse/plugins/com.st.stm32cube.ide.mcu.externaltools.gnu-tools-for-stm32.11.3.rel1.macos64_1.1.100.202310310803/tools/bin/../lib/gcc/arm-none-eabi/11.3.1/thumb/v7e-m+fp/hard/crti.o
                0x0000000008008634                _fini
 .fini          0x0000000008008638        0x8 /Applications/STM32CubeIDE.app/Contents/Eclipse/plugins/com.st.stm32cube.ide.mcu.externaltools.gnu-tools-for-stm32.11.3.rel1.macos64_1.1.100.202310310803/tools/bin/../lib/gcc/arm-none-eabi/11.3.1/thumb/v7e-m+fp/hard/crtn.o
                0x0000000008008640                . = ALIGN (0x4)
                0x0000000008008640                _etext = .

.vfp11_veneer   0x0000000008008640        0x0
 .vfp11_veneer  0x0000000008008640        0x0 linker stubs

.v4_bx          0x0000000008008640        0x0
 .v4_bx         0x0000000008008640        0x0 linker stubs

.iplt           0x0000000008008640        0x0
 .iplt          0x0000000008008640        0x0 /Applications/STM32CubeIDE.app/Contents/Eclipse/plugins/com.st.stm32cube.ide.mcu.externaltools.gnu-tools-for-stm32.11.3.rel1.macos64_1.1.100.202310310803/tools/bin/../lib/gcc/arm-none-eabi/11.3.1/thumb/v7e-m+fp/hard/crtbegin.o

.rodata         0x0000000008008640      0x2b4
                0x0000000008008640                . = ALIGN (0x4)
 *(.rodata)
 .rodata        0x0000000008008640        0x6 ./Core/Src/main.o
 *fill*         0x0000000008008646        0x2 
 .rodata        0x0000000008008648       0x1f ./Core/Src/usb_descriptors.o
 *(.rodata*)
 *fill*         0x0000000008008667        0x1 
 .rodata.channels_by_row_col
                0x0000000008008668       0x96 ./Core/Src/main.o
                0x0000000008008668                channels_by_row_col
 *fill*         0x00000000080086fe        0x2 
 .rodata.keymaps
                0x0000000008008700      0x12c ./Core/Src/main.o
                0x0000000008008700                keymaps
 .rodata.amux_select_pins
                0x000000000800882c       0x10 ./Core/Src/main.o
                0x000000000800882c                amux_select_pins
 .rodata.AHBPrescTable
                0x000000000800883c       0x10 ./Core/Src/system_stm32f4xx.o
                0x000000000800883c                AHBPrescTable
 .rodata.desc_device
                0x000000000800884c       0x12 ./Core/Src/usb_descriptors.o
                0x000000000800884c                desc_device
 *fill*         0x000000000800885e        0x2 
 .rodata.desc_hid_keyboard_report
                0x0000000008008860       0x41 ./Core/Src/usb_descriptors.o
                0x0000000008008860                desc_hid_keyboard_report
 *fill*         0x00000000080088a1        0x3 
 .rodata.desc_configuration
                0x00000000080088a4       0x22 ./Core/Src/usb_descriptors.o
                0x00000000080088a4                desc_configuration
 *fill*         0x00000000080088c6        0x2 
 .rodata.__compound_literal.0
                0x00000000080088c8        0x2 ./Core/Src/usb_descriptors.o
 *fill*         0x00000000080088ca        0x2 
 .rodata._usbd_driver
                0x00000000080088cc       0x18 ./tinyusb/src/device/usbd.o
 .rodata._dwc2_controller
                0x00000000080088e4       0x10 ./tinyusb/src/portable/synopsys/dwc2/dcd_dwc2.o
                0x00000000080088f4                . = ALIGN (0x4)

.ARM.extab      0x00000000080088f4        0x0
                0x00000000080088f4                . = ALIGN (0x4)
 *(.ARM.extab* .gnu.linkonce.armextab.*)
                0x00000000080088f4                . = ALIGN (0x4)

.ARM            0x00000000080088f4        0x8
                0x00000000080088f4                . = ALIGN (0x4)
                0x00000000080088f4                __exidx_start = .
 *(.ARM.exidx*)
 .ARM.exidx     0x00000000080088f4        0x8 /Applications/STM32CubeIDE.app/Contents/Eclipse/plugins/com.st.stm32cube.ide.mcu.externaltools.gnu-tools-for-stm32.11.3.rel1.macos64_1.1.100.202310310803/tools/bin/../lib/gcc/arm-none-eabi/11.3.1/thumb/v7e-m+fp/hard/libgcc.a(_udivmoddi4.o)
                0x00000000080088fc                __exidx_end = .
                0x00000000080088fc                . = ALIGN (0x4)

.rel.dyn        0x00000000080088fc        0x0
 .rel.iplt      0x00000000080088fc        0x0 /Applications/STM32CubeIDE.app/Contents/Eclipse/plugins/com.st.stm32cube.ide.mcu.externaltools.gnu-tools-for-stm32.11.3.rel1.macos64_1.1.100.202310310803/tools/bin/../lib/gcc/arm-none-eabi/11.3.1/thumb/v7e-m+fp/hard/crtbegin.o

.preinit_array  0x00000000080088fc        0x0
                0x00000000080088fc                . = ALIGN (0x4)
                0x00000000080088fc                PROVIDE (__preinit_array_start = .)
 *(.preinit_array*)
                0x00000000080088fc                PROVIDE (__preinit_array_end = .)
                0x00000000080088fc                . = ALIGN (0x4)

.init_array     0x00000000080088fc        0x4
                0x00000000080088fc                . = ALIGN (0x4)
                0x00000000080088fc                PROVIDE (__init_array_start = .)
 *(SORT_BY_NAME(.init_array.*))
 *(.init_array*)
 .init_array    0x00000000080088fc        0x4 /Applications/STM32CubeIDE.app/Contents/Eclipse/plugins/com.st.stm32cube.ide.mcu.externaltools.gnu-tools-for-stm32.11.3.rel1.macos64_1.1.100.202310310803/tools/bin/../lib/gcc/arm-none-eabi/11.3.1/thumb/v7e-m+fp/hard/crtbegin.o
                0x0000000008008900                PROVIDE (__init_array_end = .)
                0x0000000008008900                . = ALIGN (0x4)

.fini_array     0x0000000008008900        0x4
                0x0000000008008900                . = ALIGN (0x4)
                [!provide]                        PROVIDE (__fini_array_start = .)
 *(SORT_BY_NAME(.fini_array.*))
 *(.fini_array*)
 .fini_array    0x0000000008008900        0x4 /Applications/STM32CubeIDE.app/Contents/Eclipse/plugins/com.st.stm32cube.ide.mcu.externaltools.gnu-tools-for-stm32.11.3.rel1.macos64_1.1.100.202310310803/tools/bin/../lib/gcc/arm-none-eabi/11.3.1/thumb/v7e-m+fp/hard/crtbegin.o
                [!provide]                        PROVIDE (__fini_array_end = .)
                0x0000000008008904                . = ALIGN (0x4)
                0x0000000008008904                _sidata = LOADADDR (.data)

.data           0x0000000020000000       0x2c load address 0x0000000008008904
                0x0000000020000000                . = ALIGN (0x4)
                0x0000000020000000                _sdata = .
 *(.data)
 *(.data*)
 .data.SystemCoreClock
                0x0000000020000000        0x4 ./Core/Src/system_stm32f4xx.o
                0x0000000020000000                SystemCoreClock
 .data.string_desc_arr
                0x0000000020000004       0x10 ./Core/Src/usb_descriptors.o
                0x0000000020000004                string_desc_arr
 .data.uwTickPrio
                0x0000000020000014        0x4 ./Drivers/STM32F4xx_HAL_Driver/Src/stm32f4xx_hal.o
                0x0000000020000014                uwTickPrio
 .data.uwTickFreq
                0x0000000020000018        0x1 ./Drivers/STM32F4xx_HAL_Driver/Src/stm32f4xx_hal.o
                0x0000000020000018                uwTickFreq
 .data._usbd_rhport
                0x0000000020000019        0x1 ./tinyusb/src/device/usbd.o
 *fill*         0x000000002000001a        0x2 
 .data._usbd_qdef
                0x000000002000001c       0x10 ./tinyusb/src/device/usbd.o
                0x000000002000001c                _usbd_qdef
 *(.RamFunc)
 *(.RamFunc*)
                0x000000002000002c                . = ALIGN (0x4)
                0x000000002000002c                _edata = .

.igot.plt       0x000000002000002c        0x0 load address 0x0000000008008930
 .igot.plt      0x000000002000002c        0x0 /Applications/STM32CubeIDE.app/Contents/Eclipse/plugins/com.st.stm32cube.ide.mcu.externaltools.gnu-tools-for-stm32.11.3.rel1.macos64_1.1.100.202310310803/tools/bin/../lib/gcc/arm-none-eabi/11.3.1/thumb/v7e-m+fp/hard/crtbegin.o
                0x000000002000002c                . = ALIGN (0x4)

.bss            0x000000002000002c     0x1558 load address 0x0000000008008930
                0x000000002000002c                _sbss = .
                0x000000002000002c                __bss_start__ = _sbss
 *(.bss)
 .bss           0x000000002000002c       0x1c /Applications/STM32CubeIDE.app/Contents/Eclipse/plugins/com.st.stm32cube.ide.mcu.externaltools.gnu-tools-for-stm32.11.3.rel1.macos64_1.1.100.202310310803/tools/bin/../lib/gcc/arm-none-eabi/11.3.1/thumb/v7e-m+fp/hard/crtbegin.o
 *(.bss*)
 .bss.hadc1     0x0000000020000048       0x48 ./Core/Src/main.o
                0x0000000020000048                hadc1
 .bss.hpcd_USB_OTG_FS
                0x0000000020000090      0x4e4 ./Core/Src/main.o
                0x0000000020000090                hpcd_USB_OTG_FS
 .bss.keys      0x0000000020000574      0xdc0 ./Core/Src/main.o
 .bss.should_send_report
                0x0000000020001334        0x1 ./Core/Src/main.o
 .bss.can_send_report
                0x0000000020001335        0x1 ./Core/Src/main.o
 .bss.modifiers
                0x0000000020001336        0x1 ./Core/Src/main.o
 *fill*         0x0000000020001337        0x1 
 .bss.keycodes  0x0000000020001338        0x6 ./Core/Src/main.o
 .bss.current_keycode_index
                0x000000002000133e        0x1 ./Core/Src/main.o
 *fill*         0x000000002000133f        0x1 
 .bss.system_ticks
                0x0000000020001340        0x4 ./Core/Src/stm32f4xx_it.o
                0x0000000020001340                system_ticks
 .bss._desc_str
                0x0000000020001344       0x42 ./Core/Src/usb_descriptors.o
 *fill*         0x0000000020001386        0x2 
 .bss.uwTick    0x0000000020001388        0x4 ./Drivers/STM32F4xx_HAL_Driver/Src/stm32f4xx_hal.o
                0x0000000020001388                uwTick
 .bss._hidd_itf
                0x000000002000138c       0x1c ./tinyusb/src/class/hid/hid_device.o
 .bss._usbd_dev
                0x00000000200013a8       0x2b ./tinyusb/src/device/usbd.o
 *fill*         0x00000000200013d3        0x1 
 .bss._app_driver
                0x00000000200013d4        0x4 ./tinyusb/src/device/usbd.o
 .bss._app_driver_count
                0x00000000200013d8        0x1 ./tinyusb/src/device/usbd.o
 *fill*         0x00000000200013d9        0x3 
 .bss._usbd_qdef_buf
                0x00000000200013dc       0xc0 ./tinyusb/src/device/usbd.o
                0x00000000200013dc                _usbd_qdef_buf
 .bss._usbd_q   0x000000002000149c        0x4 ./tinyusb/src/device/usbd.o
 .bss._ctrl_xfer
                0x00000000200014a0       0x14 ./tinyusb/src/device/usbd_control.o
 .bss._usbd_ctrl_buf
                0x00000000200014b4       0x40 ./tinyusb/src/device/usbd_control.o
 .bss._setup_packet
                0x00000000200014f4        0x8 ./tinyusb/src/portable/synopsys/dwc2/dcd_dwc2.o
 .bss.xfer_status
                0x00000000200014fc       0x80 ./tinyusb/src/portable/synopsys/dwc2/dcd_dwc2.o
 .bss.ep0_pending
                0x000000002000157c        0x4 ./tinyusb/src/portable/synopsys/dwc2/dcd_dwc2.o
 .bss._allocated_fifo_words_tx
                0x0000000020001580        0x2 ./tinyusb/src/portable/synopsys/dwc2/dcd_dwc2.o
 .bss._out_ep_closed
                0x0000000020001582        0x1 ./tinyusb/src/portable/synopsys/dwc2/dcd_dwc2.o
 .bss._sof_en   0x0000000020001583        0x1 ./tinyusb/src/portable/synopsys/dwc2/dcd_dwc2.o
 *(COMMON)
                0x0000000020001584                . = ALIGN (0x4)
                0x0000000020001584                _ebss = .
                0x0000000020001584                __bss_end__ = _ebss

._user_heap_stack
                0x0000000020001584      0x604 load address 0x0000000008008930
                0x0000000020001588                . = ALIGN (0x8)
 *fill*         0x0000000020001584        0x4 
                [!provide]                        PROVIDE (end = .)
                0x0000000020001588                PROVIDE (_end = .)
                0x0000000020001788                . = (. + _Min_Heap_Size)
 *fill*         0x0000000020001588      0x200 
                0x0000000020001b88                . = (. + _Min_Stack_Size)
 *fill*         0x0000000020001788      0x400 
                0x0000000020001b88                . = ALIGN (0x8)

/DISCARD/
 libc.a(*)
 libm.a(*)
 libgcc.a(*)

.ARM.attributes
                0x0000000000000000       0x30
 *(.ARM.attributes)
 .ARM.attributes
                0x0000000000000000       0x1e /Applications/STM32CubeIDE.app/Contents/Eclipse/plugins/com.st.stm32cube.ide.mcu.externaltools.gnu-tools-for-stm32.11.3.rel1.macos64_1.1.100.202310310803/tools/bin/../lib/gcc/arm-none-eabi/11.3.1/thumb/v7e-m+fp/hard/crti.o
 .ARM.attributes
                0x000000000000001e       0x34 /Applications/STM32CubeIDE.app/Contents/Eclipse/plugins/com.st.stm32cube.ide.mcu.externaltools.gnu-tools-for-stm32.11.3.rel1.macos64_1.1.100.202310310803/tools/bin/../lib/gcc/arm-none-eabi/11.3.1/thumb/v7e-m+fp/hard/crtbegin.o
 .ARM.attributes
                0x0000000000000052       0x34 ./Core/Src/main.o
 .ARM.attributes
                0x0000000000000086       0x34 ./Core/Src/stm32f4xx_hal_msp.o
 .ARM.attributes
                0x00000000000000ba       0x34 ./Core/Src/stm32f4xx_it.o
 .ARM.attributes
                0x00000000000000ee       0x34 ./Core/Src/system_stm32f4xx.o
 .ARM.attributes
                0x0000000000000122       0x34 ./Core/Src/usb_descriptors.o
 .ARM.attributes
                0x0000000000000156       0x21 ./Core/Startup/startup_stm32f411ceux.o
 .ARM.attributes
                0x0000000000000177       0x34 ./Drivers/STM32F4xx_HAL_Driver/Src/stm32f4xx_hal.o
 .ARM.attributes
                0x00000000000001ab       0x34 ./Drivers/STM32F4xx_HAL_Driver/Src/stm32f4xx_hal_adc.o
 .ARM.attributes
                0x00000000000001df       0x34 ./Drivers/STM32F4xx_HAL_Driver/Src/stm32f4xx_hal_cortex.o
 .ARM.attributes
                0x0000000000000213       0x34 ./Drivers/STM32F4xx_HAL_Driver/Src/stm32f4xx_hal_gpio.o
 .ARM.attributes
                0x0000000000000247       0x34 ./Drivers/STM32F4xx_HAL_Driver/Src/stm32f4xx_hal_pcd.o
 .ARM.attributes
                0x000000000000027b       0x34 ./Drivers/STM32F4xx_HAL_Driver/Src/stm32f4xx_hal_rcc.o
 .ARM.attributes
                0x00000000000002af       0x34 ./Drivers/STM32F4xx_HAL_Driver/Src/stm32f4xx_ll_usb.o
 .ARM.attributes
                0x00000000000002e3       0x34 ./tinyusb/src/class/hid/hid_device.o
 .ARM.attributes
                0x0000000000000317       0x34 ./tinyusb/src/common/tusb_fifo.o
 .ARM.attributes
                0x000000000000034b       0x34 ./tinyusb/src/device/usbd.o
 .ARM.attributes
                0x000000000000037f       0x34 ./tinyusb/src/device/usbd_control.o
 .ARM.attributes
                0x00000000000003b3       0x34 ./tinyusb/src/portable/synopsys/dwc2/dcd_dwc2.o
 .ARM.attributes
                0x00000000000003e7       0x34 ./tinyusb/src/tusb.o
 .ARM.attributes
                0x000000000000041b       0x34 /Applications/STM32CubeIDE.app/Contents/Eclipse/plugins/com.st.stm32cube.ide.mcu.externaltools.gnu-tools-for-stm32.11.3.rel1.macos64_1.1.100.202310310803/tools/bin/../lib/gcc/arm-none-eabi/11.3.1/../../../../arm-none-eabi/lib/thumb/v7e-m+fp/hard/libc_nano.a(libc_a-memset.o)
 .ARM.attributes
                0x000000000000044f       0x34 /Applications/STM32CubeIDE.app/Contents/Eclipse/plugins/com.st.stm32cube.ide.mcu.externaltools.gnu-tools-for-stm32.11.3.rel1.macos64_1.1.100.202310310803/tools/bin/../lib/gcc/arm-none-eabi/11.3.1/../../../../arm-none-eabi/lib/thumb/v7e-m+fp/hard/libc_nano.a(libc_a-init.o)
 .ARM.attributes
                0x0000000000000483       0x34 /Applications/STM32CubeIDE.app/Contents/Eclipse/plugins/com.st.stm32cube.ide.mcu.externaltools.gnu-tools-for-stm32.11.3.rel1.macos64_1.1.100.202310310803/tools/bin/../lib/gcc/arm-none-eabi/11.3.1/../../../../arm-none-eabi/lib/thumb/v7e-m+fp/hard/libc_nano.a(libc_a-memcpy-stub.o)
 .ARM.attributes
                0x00000000000004b7       0x17 /Applications/STM32CubeIDE.app/Contents/Eclipse/plugins/com.st.stm32cube.ide.mcu.externaltools.gnu-tools-for-stm32.11.3.rel1.macos64_1.1.100.202310310803/tools/bin/../lib/gcc/arm-none-eabi/11.3.1/../../../../arm-none-eabi/lib/thumb/v7e-m+fp/hard/libc_nano.a(libc_a-strlen.o)
 .ARM.attributes
                0x00000000000004ce       0x1e /Applications/STM32CubeIDE.app/Contents/Eclipse/plugins/com.st.stm32cube.ide.mcu.externaltools.gnu-tools-for-stm32.11.3.rel1.macos64_1.1.100.202310310803/tools/bin/../lib/gcc/arm-none-eabi/11.3.1/thumb/v7e-m+fp/hard/libgcc.a(_arm_muldf3.o)
 .ARM.attributes
                0x00000000000004ec       0x1e /Applications/STM32CubeIDE.app/Contents/Eclipse/plugins/com.st.stm32cube.ide.mcu.externaltools.gnu-tools-for-stm32.11.3.rel1.macos64_1.1.100.202310310803/tools/bin/../lib/gcc/arm-none-eabi/11.3.1/thumb/v7e-m+fp/hard/libgcc.a(_arm_addsubdf3.o)
 .ARM.attributes
                0x000000000000050a       0x1e /Applications/STM32CubeIDE.app/Contents/Eclipse/plugins/com.st.stm32cube.ide.mcu.externaltools.gnu-tools-for-stm32.11.3.rel1.macos64_1.1.100.202310310803/tools/bin/../lib/gcc/arm-none-eabi/11.3.1/thumb/v7e-m+fp/hard/libgcc.a(_arm_fixunsdfsi.o)
 .ARM.attributes
                0x0000000000000528       0x1e /Applications/STM32CubeIDE.app/Contents/Eclipse/plugins/com.st.stm32cube.ide.mcu.externaltools.gnu-tools-for-stm32.11.3.rel1.macos64_1.1.100.202310310803/tools/bin/../lib/gcc/arm-none-eabi/11.3.1/thumb/v7e-m+fp/hard/libgcc.a(_aeabi_uldivmod.o)
 .ARM.attributes
                0x0000000000000546       0x34 /Applications/STM32CubeIDE.app/Contents/Eclipse/plugins/com.st.stm32cube.ide.mcu.externaltools.gnu-tools-for-stm32.11.3.rel1.macos64_1.1.100.202310310803/tools/bin/../lib/gcc/arm-none-eabi/11.3.1/thumb/v7e-m+fp/hard/libgcc.a(_udivmoddi4.o)
 .ARM.attributes
                0x000000000000057a       0x1e /Applications/STM32CubeIDE.app/Contents/Eclipse/plugins/com.st.stm32cube.ide.mcu.externaltools.gnu-tools-for-stm32.11.3.rel1.macos64_1.1.100.202310310803/tools/bin/../lib/gcc/arm-none-eabi/11.3.1/thumb/v7e-m+fp/hard/libgcc.a(_dvmd_tls.o)
 .ARM.attributes
                0x0000000000000598       0x1e /Applications/STM32CubeIDE.app/Contents/Eclipse/plugins/com.st.stm32cube.ide.mcu.externaltools.gnu-tools-for-stm32.11.3.rel1.macos64_1.1.100.202310310803/tools/bin/../lib/gcc/arm-none-eabi/11.3.1/thumb/v7e-m+fp/hard/crtn.o
OUTPUT(macrolev.elf elf32-littlearm)
LOAD linker stubs
LOAD /Applications/STM32CubeIDE.app/Contents/Eclipse/plugins/com.st.stm32cube.ide.mcu.externaltools.gnu-tools-for-stm32.11.3.rel1.macos64_1.1.100.202310310803/tools/bin/../lib/gcc/arm-none-eabi/11.3.1/../../../../arm-none-eabi/lib/thumb/v7e-m+fp/hard/libc.a
LOAD /Applications/STM32CubeIDE.app/Contents/Eclipse/plugins/com.st.stm32cube.ide.mcu.externaltools.gnu-tools-for-stm32.11.3.rel1.macos64_1.1.100.202310310803/tools/bin/../lib/gcc/arm-none-eabi/11.3.1/../../../../arm-none-eabi/lib/thumb/v7e-m+fp/hard/libm.a
LOAD /Applications/STM32CubeIDE.app/Contents/Eclipse/plugins/com.st.stm32cube.ide.mcu.externaltools.gnu-tools-for-stm32.11.3.rel1.macos64_1.1.100.202310310803/tools/bin/../lib/gcc/arm-none-eabi/11.3.1/thumb/v7e-m+fp/hard/libgcc.a

.comment        0x0000000000000000       0x43
 .comment       0x0000000000000000       0x43 /Applications/STM32CubeIDE.app/Contents/Eclipse/plugins/com.st.stm32cube.ide.mcu.externaltools.gnu-tools-for-stm32.11.3.rel1.macos64_1.1.100.202310310803/tools/bin/../lib/gcc/arm-none-eabi/11.3.1/thumb/v7e-m+fp/hard/crtbegin.o
                                         0x44 (size before relaxing)
 .comment       0x0000000000000043       0x44 ./Core/Src/main.o
 .comment       0x0000000000000043       0x44 ./Core/Src/stm32f4xx_hal_msp.o
 .comment       0x0000000000000043       0x44 ./Core/Src/stm32f4xx_it.o
 .comment       0x0000000000000043       0x44 ./Core/Src/system_stm32f4xx.o
 .comment       0x0000000000000043       0x44 ./Core/Src/usb_descriptors.o
 .comment       0x0000000000000043       0x44 ./Drivers/STM32F4xx_HAL_Driver/Src/stm32f4xx_hal.o
 .comment       0x0000000000000043       0x44 ./Drivers/STM32F4xx_HAL_Driver/Src/stm32f4xx_hal_adc.o
 .comment       0x0000000000000043       0x44 ./Drivers/STM32F4xx_HAL_Driver/Src/stm32f4xx_hal_cortex.o
 .comment       0x0000000000000043       0x44 ./Drivers/STM32F4xx_HAL_Driver/Src/stm32f4xx_hal_gpio.o
 .comment       0x0000000000000043       0x44 ./Drivers/STM32F4xx_HAL_Driver/Src/stm32f4xx_hal_pcd.o
 .comment       0x0000000000000043       0x44 ./Drivers/STM32F4xx_HAL_Driver/Src/stm32f4xx_hal_rcc.o
 .comment       0x0000000000000043       0x44 ./Drivers/STM32F4xx_HAL_Driver/Src/stm32f4xx_ll_usb.o
 .comment       0x0000000000000043       0x44 ./tinyusb/src/class/hid/hid_device.o
 .comment       0x0000000000000043       0x44 ./tinyusb/src/common/tusb_fifo.o
 .comment       0x0000000000000043       0x44 ./tinyusb/src/device/usbd.o
 .comment       0x0000000000000043       0x44 ./tinyusb/src/device/usbd_control.o
 .comment       0x0000000000000043       0x44 ./tinyusb/src/portable/synopsys/dwc2/dcd_dwc2.o
 .comment       0x0000000000000043       0x44 ./tinyusb/src/tusb.o

.debug_info     0x0000000000000000    0x12d63
 .debug_info    0x0000000000000000     0x1aa2 ./Core/Src/main.o
 .debug_info    0x0000000000001aa2     0x1024 ./Core/Src/stm32f4xx_hal_msp.o
 .debug_info    0x0000000000002ac6      0x19d ./Core/Src/stm32f4xx_it.o
 .debug_info    0x0000000000002c63      0x53e ./Core/Src/system_stm32f4xx.o
 .debug_info    0x00000000000031a1      0x870 ./Core/Src/usb_descriptors.o
 .debug_info    0x0000000000003a11       0x23 ./Core/Startup/startup_stm32f411ceux.o
 .debug_info    0x0000000000003a34      0x8c4 ./Drivers/STM32F4xx_HAL_Driver/Src/stm32f4xx_hal.o
 .debug_info    0x00000000000042f8      0xcd1 ./Drivers/STM32F4xx_HAL_Driver/Src/stm32f4xx_hal_adc.o
 .debug_info    0x0000000000004fc9      0xcc7 ./Drivers/STM32F4xx_HAL_Driver/Src/stm32f4xx_hal_cortex.o
 .debug_info    0x0000000000005c90      0x6f9 ./Drivers/STM32F4xx_HAL_Driver/Src/stm32f4xx_hal_gpio.o
 .debug_info    0x0000000000006389     0x1577 ./Drivers/STM32F4xx_HAL_Driver/Src/stm32f4xx_hal_pcd.o
 .debug_info    0x0000000000007900      0x8f2 ./Drivers/STM32F4xx_HAL_Driver/Src/stm32f4xx_hal_rcc.o
 .debug_info    0x00000000000081f2     0x1993 ./Drivers/STM32F4xx_HAL_Driver/Src/stm32f4xx_ll_usb.o
 .debug_info    0x0000000000009b85     0x1207 ./tinyusb/src/class/hid/hid_device.o
 .debug_info    0x000000000000ad8c     0x13b1 ./tinyusb/src/common/tusb_fifo.o
 .debug_info    0x000000000000c13d     0x2af1 ./tinyusb/src/device/usbd.o
 .debug_info    0x000000000000ec2e      0x6ff ./tinyusb/src/device/usbd_control.o
 .debug_info    0x000000000000f32d     0x2a86 ./tinyusb/src/portable/synopsys/dwc2/dcd_dwc2.o
 .debug_info    0x0000000000011db3      0xfb0 ./tinyusb/src/tusb.o

.debug_abbrev   0x0000000000000000     0x3287
 .debug_abbrev  0x0000000000000000      0x3e0 ./Core/Src/main.o
 .debug_abbrev  0x00000000000003e0      0x205 ./Core/Src/stm32f4xx_hal_msp.o
 .debug_abbrev  0x00000000000005e5       0xd5 ./Core/Src/stm32f4xx_it.o
 .debug_abbrev  0x00000000000006ba      0x11a ./Core/Src/system_stm32f4xx.o
 .debug_abbrev  0x00000000000007d4      0x194 ./Core/Src/usb_descriptors.o
 .debug_abbrev  0x0000000000000968       0x12 ./Core/Startup/startup_stm32f411ceux.o
 .debug_abbrev  0x000000000000097a      0x24b ./Drivers/STM32F4xx_HAL_Driver/Src/stm32f4xx_hal.o
 .debug_abbrev  0x0000000000000bc5      0x20e ./Drivers/STM32F4xx_HAL_Driver/Src/stm32f4xx_hal_adc.o
 .debug_abbrev  0x0000000000000dd3      0x328 ./Drivers/STM32F4xx_HAL_Driver/Src/stm32f4xx_hal_cortex.o
 .debug_abbrev  0x00000000000010fb      0x1d3 ./Drivers/STM32F4xx_HAL_Driver/Src/stm32f4xx_hal_gpio.o
 .debug_abbrev  0x00000000000012ce      0x2b6 ./Drivers/STM32F4xx_HAL_Driver/Src/stm32f4xx_hal_pcd.o
 .debug_abbrev  0x0000000000001584      0x2b5 ./Drivers/STM32F4xx_HAL_Driver/Src/stm32f4xx_hal_rcc.o
 .debug_abbrev  0x0000000000001839      0x2b3 ./Drivers/STM32F4xx_HAL_Driver/Src/stm32f4xx_ll_usb.o
 .debug_abbrev  0x0000000000001aec      0x425 ./tinyusb/src/class/hid/hid_device.o
 .debug_abbrev  0x0000000000001f11      0x323 ./tinyusb/src/common/tusb_fifo.o
 .debug_abbrev  0x0000000000002234      0x4dd ./tinyusb/src/device/usbd.o
 .debug_abbrev  0x0000000000002711      0x2cb ./tinyusb/src/device/usbd_control.o
 .debug_abbrev  0x00000000000029dc      0x523 ./tinyusb/src/portable/synopsys/dwc2/dcd_dwc2.o
 .debug_abbrev  0x0000000000002eff      0x388 ./tinyusb/src/tusb.o

.debug_aranges  0x0000000000000000      0xd88
 .debug_aranges
                0x0000000000000000       0xb0 ./Core/Src/main.o
 .debug_aranges
                0x00000000000000b0       0x40 ./Core/Src/stm32f4xx_hal_msp.o
 .debug_aranges
                0x00000000000000f0       0x70 ./Core/Src/stm32f4xx_it.o
 .debug_aranges
                0x0000000000000160       0x28 ./Core/Src/system_stm32f4xx.o
 .debug_aranges
                0x0000000000000188       0x38 ./Core/Src/usb_descriptors.o
 .debug_aranges
                0x00000000000001c0       0x28 ./Core/Startup/startup_stm32f411ceux.o
 .debug_aranges
                0x00000000000001e8       0xf0 ./Drivers/STM32F4xx_HAL_Driver/Src/stm32f4xx_hal.o
 .debug_aranges
                0x00000000000002d8       0xe8 ./Drivers/STM32F4xx_HAL_Driver/Src/stm32f4xx_hal_adc.o
 .debug_aranges
                0x00000000000003c0      0x120 ./Drivers/STM32F4xx_HAL_Driver/Src/stm32f4xx_hal_cortex.o
 .debug_aranges
                0x00000000000004e0       0x58 ./Drivers/STM32F4xx_HAL_Driver/Src/stm32f4xx_hal_gpio.o
 .debug_aranges
                0x0000000000000538      0x148 ./Drivers/STM32F4xx_HAL_Driver/Src/stm32f4xx_hal_pcd.o
 .debug_aranges
                0x0000000000000680       0x88 ./Drivers/STM32F4xx_HAL_Driver/Src/stm32f4xx_hal_rcc.o
 .debug_aranges
                0x0000000000000708      0x1a0 ./Drivers/STM32F4xx_HAL_Driver/Src/stm32f4xx_ll_usb.o
 .debug_aranges
                0x00000000000008a8       0x80 ./tinyusb/src/class/hid/hid_device.o
 .debug_aranges
                0x0000000000000928      0x118 ./tinyusb/src/common/tusb_fifo.o
 .debug_aranges
                0x0000000000000a40      0x128 ./tinyusb/src/device/usbd.o
 .debug_aranges
                0x0000000000000b68       0x58 ./tinyusb/src/device/usbd_control.o
 .debug_aranges
                0x0000000000000bc0      0x130 ./tinyusb/src/portable/synopsys/dwc2/dcd_dwc2.o
 .debug_aranges
                0x0000000000000cf0       0x98 ./tinyusb/src/tusb.o

.debug_rnglists
                0x0000000000000000      0xaa9
 .debug_rnglists
                0x0000000000000000       0x89 ./Core/Src/main.o
 .debug_rnglists
                0x0000000000000089       0x2d ./Core/Src/stm32f4xx_hal_msp.o
 .debug_rnglists
                0x00000000000000b6       0x4f ./Core/Src/stm32f4xx_it.o
 .debug_rnglists
                0x0000000000000105       0x1a ./Core/Src/system_stm32f4xx.o
 .debug_rnglists
                0x000000000000011f       0x26 ./Core/Src/usb_descriptors.o
 .debug_rnglists
                0x0000000000000145       0x19 ./Core/Startup/startup_stm32f411ceux.o
 .debug_rnglists
                0x000000000000015e       0xaf ./Drivers/STM32F4xx_HAL_Driver/Src/stm32f4xx_hal.o
 .debug_rnglists
                0x000000000000020d       0xb5 ./Drivers/STM32F4xx_HAL_Driver/Src/stm32f4xx_hal_adc.o
 .debug_rnglists
                0x00000000000002c2       0xd4 ./Drivers/STM32F4xx_HAL_Driver/Src/stm32f4xx_hal_cortex.o
 .debug_rnglists
                0x0000000000000396       0x3f ./Drivers/STM32F4xx_HAL_Driver/Src/stm32f4xx_hal_gpio.o
 .debug_rnglists
                0x00000000000003d5       0xfa ./Drivers/STM32F4xx_HAL_Driver/Src/stm32f4xx_hal_pcd.o
 .debug_rnglists
                0x00000000000004cf       0x66 ./Drivers/STM32F4xx_HAL_Driver/Src/stm32f4xx_hal_rcc.o
 .debug_rnglists
                0x0000000000000535      0x147 ./Drivers/STM32F4xx_HAL_Driver/Src/stm32f4xx_ll_usb.o
 .debug_rnglists
                0x000000000000067c       0x60 ./tinyusb/src/class/hid/hid_device.o
 .debug_rnglists
                0x00000000000006dc       0xd5 ./tinyusb/src/common/tusb_fifo.o
 .debug_rnglists
                0x00000000000007b1      0x12a ./tinyusb/src/device/usbd.o
 .debug_rnglists
                0x00000000000008db       0x40 ./tinyusb/src/device/usbd_control.o
 .debug_rnglists
                0x000000000000091b      0x11b ./tinyusb/src/portable/synopsys/dwc2/dcd_dwc2.o
 .debug_rnglists
                0x0000000000000a36       0x73 ./tinyusb/src/tusb.o

.debug_macro    0x0000000000000000    0x1b88e
 .debug_macro   0x0000000000000000      0x424 ./Core/Src/main.o
 .debug_macro   0x0000000000000424      0xaa8 ./Core/Src/main.o
 .debug_macro   0x0000000000000ecc      0x29b ./Core/Src/main.o
 .debug_macro   0x0000000000001167       0x2e ./Core/Src/main.o
 .debug_macro   0x0000000000001195       0x28 ./Core/Src/main.o
 .debug_macro   0x00000000000011bd       0x22 ./Core/Src/main.o
 .debug_macro   0x00000000000011df       0x8e ./Core/Src/main.o
 .debug_macro   0x000000000000126d       0x51 ./Core/Src/main.o
 .debug_macro   0x00000000000012be      0x103 ./Core/Src/main.o
 .debug_macro   0x00000000000013c1       0x6a ./Core/Src/main.o
 .debug_macro   0x000000000000142b      0x1df ./Core/Src/main.o
 .debug_macro   0x000000000000160a       0x1c ./Core/Src/main.o
 .debug_macro   0x0000000000001626       0x22 ./Core/Src/main.o
 .debug_macro   0x0000000000001648       0xfb ./Core/Src/main.o
 .debug_macro   0x0000000000001743     0x1011 ./Core/Src/main.o
 .debug_macro   0x0000000000002754      0x11f ./Core/Src/main.o
 .debug_macro   0x0000000000002873     0xb953 ./Core/Src/main.o
 .debug_macro   0x000000000000e1c6       0x6d ./Core/Src/main.o
 .debug_macro   0x000000000000e233     0x368c ./Core/Src/main.o
 .debug_macro   0x00000000000118bf      0x174 ./Core/Src/main.o
 .debug_macro   0x0000000000011a33       0x5c ./Core/Src/main.o
 .debug_macro   0x0000000000011a8f      0x45c ./Core/Src/main.o
 .debug_macro   0x0000000000011eeb      0x9e9 ./Core/Src/main.o
 .debug_macro   0x00000000000128d4      0x115 ./Core/Src/main.o
 .debug_macro   0x00000000000129e9      0x11b ./Core/Src/main.o
 .debug_macro   0x0000000000012b04       0xa5 ./Core/Src/main.o
 .debug_macro   0x0000000000012ba9      0x15f ./Core/Src/main.o
 .debug_macro   0x0000000000012d08      0x287 ./Core/Src/main.o
 .debug_macro   0x0000000000012f8f       0x5f ./Core/Src/main.o
 .debug_macro   0x0000000000012fee      0x236 ./Core/Src/main.o
 .debug_macro   0x0000000000013224      0x9e1 ./Core/Src/main.o
 .debug_macro   0x0000000000013c05      0x38b ./Core/Src/main.o
 .debug_macro   0x0000000000013f90      0x17d ./Core/Src/main.o
 .debug_macro   0x000000000001410d       0xf9 ./Core/Src/main.o
 .debug_macro   0x0000000000014206      0x132 ./Core/Src/main.o
 .debug_macro   0x0000000000014338      0x264 ./Core/Src/main.o
 .debug_macro   0x000000000001459c       0x2e ./Core/Src/main.o
 .debug_macro   0x00000000000145ca      0x127 ./Core/Src/main.o
 .debug_macro   0x00000000000146f1       0x85 ./Core/Src/main.o
 .debug_macro   0x0000000000014776       0x89 ./Core/Src/main.o
 .debug_macro   0x00000000000147ff      0x293 ./Core/Src/main.o
 .debug_macro   0x0000000000014a92       0xba ./Core/Src/main.o
 .debug_macro   0x0000000000014b4c      0x126 ./Core/Src/main.o
 .debug_macro   0x0000000000014c72       0x70 ./Core/Src/main.o
 .debug_macro   0x0000000000014ce2       0x6a ./Core/Src/main.o
 .debug_macro   0x0000000000014d4c       0x22 ./Core/Src/main.o
 .debug_macro   0x0000000000014d6e       0x61 ./Core/Src/main.o
 .debug_macro   0x0000000000014dcf       0x2a ./Core/Src/main.o
 .debug_macro   0x0000000000014df9       0x43 ./Core/Src/main.o
 .debug_macro   0x0000000000014e3c       0x34 ./Core/Src/main.o
 .debug_macro   0x0000000000014e70       0x16 ./Core/Src/main.o
 .debug_macro   0x0000000000014e86       0x43 ./Core/Src/main.o
 .debug_macro   0x0000000000014ec9       0x34 ./Core/Src/main.o
 .debug_macro   0x0000000000014efd       0x10 ./Core/Src/main.o
 .debug_macro   0x0000000000014f0d       0x58 ./Core/Src/main.o
 .debug_macro   0x0000000000014f65       0x8e ./Core/Src/main.o
 .debug_macro   0x0000000000014ff3       0x1c ./Core/Src/main.o
 .debug_macro   0x000000000001500f      0x177 ./Core/Src/main.o
 .debug_macro   0x0000000000015186      0x369 ./Core/Src/main.o
 .debug_macro   0x00000000000154ef       0x10 ./Core/Src/main.o
 .debug_macro   0x00000000000154ff       0x35 ./Core/Src/main.o
 .debug_macro   0x0000000000015534       0x20 ./Core/Src/main.o
 .debug_macro   0x0000000000015554       0x1c ./Core/Src/main.o
 .debug_macro   0x0000000000015570       0x10 ./Core/Src/main.o
 .debug_macro   0x0000000000015580       0x1c ./Core/Src/main.o
 .debug_macro   0x000000000001559c       0x16 ./Core/Src/main.o
 .debug_macro   0x00000000000155b2      0x147 ./Core/Src/main.o
 .debug_macro   0x00000000000156f9      0x153 ./Core/Src/main.o
 .debug_macro   0x000000000001584c      0x266 ./Core/Src/main.o
 .debug_macro   0x0000000000015ab2       0x6a ./Core/Src/main.o
 .debug_macro   0x0000000000015b1c       0x3a ./Core/Src/main.o
 .debug_macro   0x0000000000015b56      0x13f ./Core/Src/main.o
 .debug_macro   0x0000000000015c95       0x4d ./Core/Src/main.o
 .debug_macro   0x0000000000015ce2       0x11 ./Core/Src/main.o
 .debug_macro   0x0000000000015cf3       0xc4 ./Core/Src/main.o
 .debug_macro   0x0000000000015db7       0x25 ./Core/Src/main.o
 .debug_macro   0x0000000000015ddc       0x28 ./Core/Src/main.o
 .debug_macro   0x0000000000015e04       0x1c ./Core/Src/main.o
 .debug_macro   0x0000000000015e20       0x1f ./Core/Src/main.o
 .debug_macro   0x0000000000015e3f      0x6cb ./Core/Src/main.o
 .debug_macro   0x000000000001650a      0x37b ./Core/Src/main.o
 .debug_macro   0x0000000000016885       0x35 ./Core/Src/main.o
 .debug_macro   0x00000000000168ba       0x16 ./Core/Src/main.o
 .debug_macro   0x00000000000168d0       0x16 ./Core/Src/main.o
 .debug_macro   0x00000000000168e6       0x29 ./Core/Src/main.o
 .debug_macro   0x000000000001690f      0x20b ./Core/Src/stm32f4xx_hal_msp.o
 .debug_macro   0x0000000000016b1a      0x3f0 ./Core/Src/stm32f4xx_it.o
 .debug_macro   0x0000000000016f0a      0x1fc ./Core/Src/system_stm32f4xx.o
 .debug_macro   0x0000000000017106      0x265 ./Core/Src/usb_descriptors.o
 .debug_macro   0x000000000001736b      0x25c ./Drivers/STM32F4xx_HAL_Driver/Src/stm32f4xx_hal.o
 .debug_macro   0x00000000000175c7      0x1fd ./Drivers/STM32F4xx_HAL_Driver/Src/stm32f4xx_hal_adc.o
 .debug_macro   0x00000000000177c4      0x1fc ./Drivers/STM32F4xx_HAL_Driver/Src/stm32f4xx_hal_cortex.o
 .debug_macro   0x00000000000179c0      0x202 ./Drivers/STM32F4xx_HAL_Driver/Src/stm32f4xx_hal_gpio.o
 .debug_macro   0x0000000000017bc2      0x208 ./Drivers/STM32F4xx_HAL_Driver/Src/stm32f4xx_hal_pcd.o
 .debug_macro   0x0000000000017dca      0x220 ./Drivers/STM32F4xx_HAL_Driver/Src/stm32f4xx_hal_rcc.o
 .debug_macro   0x0000000000017fea      0x1fc ./Drivers/STM32F4xx_HAL_Driver/Src/stm32f4xx_ll_usb.o
 .debug_macro   0x00000000000181e6      0x236 ./tinyusb/src/class/hid/hid_device.o
 .debug_macro   0x000000000001841c      0x375 ./tinyusb/src/class/hid/hid_device.o
 .debug_macro   0x0000000000018791       0x2e ./tinyusb/src/class/hid/hid_device.o
 .debug_macro   0x00000000000187bf       0x10 ./tinyusb/src/class/hid/hid_device.o
 .debug_macro   0x00000000000187cf      0x21c ./tinyusb/src/common/tusb_fifo.o
 .debug_macro   0x00000000000189eb      0x282 ./tinyusb/src/device/usbd.o
 .debug_macro   0x0000000000018c6d       0x16 ./tinyusb/src/device/usbd.o
 .debug_macro   0x0000000000018c83      0x25a ./tinyusb/src/device/usbd_control.o
 .debug_macro   0x0000000000018edd      0x3e0 ./tinyusb/src/portable/synopsys/dwc2/dcd_dwc2.o
 .debug_macro   0x00000000000192bd     0x22ff ./tinyusb/src/portable/synopsys/dwc2/dcd_dwc2.o
 .debug_macro   0x000000000001b5bc       0x56 ./tinyusb/src/portable/synopsys/dwc2/dcd_dwc2.o
 .debug_macro   0x000000000001b612       0x22 ./tinyusb/src/portable/synopsys/dwc2/dcd_dwc2.o
 .debug_macro   0x000000000001b634      0x25a ./tinyusb/src/tusb.o

.debug_line     0x0000000000000000    0x111c6
 .debug_line    0x0000000000000000     0x130b ./Core/Src/main.o
 .debug_line    0x000000000000130b      0x7c3 ./Core/Src/stm32f4xx_hal_msp.o
 .debug_line    0x0000000000001ace      0xbe9 ./Core/Src/stm32f4xx_it.o
 .debug_line    0x00000000000026b7      0x7aa ./Core/Src/system_stm32f4xx.o
 .debug_line    0x0000000000002e61      0x848 ./Core/Src/usb_descriptors.o
 .debug_line    0x00000000000036a9       0x7a ./Core/Startup/startup_stm32f411ceux.o
 .debug_line    0x0000000000003723      0xa10 ./Drivers/STM32F4xx_HAL_Driver/Src/stm32f4xx_hal.o
 .debug_line    0x0000000000004133     0x11ca ./Drivers/STM32F4xx_HAL_Driver/Src/stm32f4xx_hal_adc.o
 .debug_line    0x00000000000052fd      0xcdc ./Drivers/STM32F4xx_HAL_Driver/Src/stm32f4xx_hal_cortex.o
 .debug_line    0x0000000000005fd9      0xb48 ./Drivers/STM32F4xx_HAL_Driver/Src/stm32f4xx_hal_gpio.o
 .debug_line    0x0000000000006b21     0x149e ./Drivers/STM32F4xx_HAL_Driver/Src/stm32f4xx_hal_pcd.o
 .debug_line    0x0000000000007fbf      0xd87 ./Drivers/STM32F4xx_HAL_Driver/Src/stm32f4xx_hal_rcc.o
 .debug_line    0x0000000000008d46     0x1b80 ./Drivers/STM32F4xx_HAL_Driver/Src/stm32f4xx_ll_usb.o
 .debug_line    0x000000000000a8c6      0xcde ./tinyusb/src/class/hid/hid_device.o
 .debug_line    0x000000000000b5a4     0x1088 ./tinyusb/src/common/tusb_fifo.o
 .debug_line    0x000000000000c62c     0x1877 ./tinyusb/src/device/usbd.o
 .debug_line    0x000000000000dea3      0x9ee ./tinyusb/src/device/usbd_control.o
 .debug_line    0x000000000000e891     0x1bc5 ./tinyusb/src/portable/synopsys/dwc2/dcd_dwc2.o
 .debug_line    0x0000000000010456      0xd70 ./tinyusb/src/tusb.o

.debug_str      0x0000000000000000    0xabcb5
 .debug_str     0x0000000000000000    0x9c35e ./Core/Src/main.o
                                      0x9c701 (size before relaxing)
 .debug_str     0x000000000009c35e      0x45c ./Core/Src/stm32f4xx_hal_msp.o
                                      0x8b9b9 (size before relaxing)
 .debug_str     0x000000000009c7ba       0xf5 ./Core/Src/stm32f4xx_it.o
                                      0x9b634 (size before relaxing)
 .debug_str     0x000000000009c8af       0xdb ./Core/Src/system_stm32f4xx.o
                                      0x8ace0 (size before relaxing)
 .debug_str     0x000000000009c98a     0x155f ./Core/Src/usb_descriptors.o
                                      0x15eb3 (size before relaxing)
 .debug_str     0x000000000009dee9       0x34 ./Core/Startup/startup_stm32f411ceux.o
                                         0x6d (size before relaxing)
 .debug_str     0x000000000009df1d      0x601 ./Drivers/STM32F4xx_HAL_Driver/Src/stm32f4xx_hal.o
                                      0x8b70c (size before relaxing)
 .debug_str     0x000000000009e51e      0x28c ./Drivers/STM32F4xx_HAL_Driver/Src/stm32f4xx_hal_adc.o
                                      0x8b2bb (size before relaxing)
 .debug_str     0x000000000009e7aa      0x328 ./Drivers/STM32F4xx_HAL_Driver/Src/stm32f4xx_hal_cortex.o
                                      0x8b444 (size before relaxing)
 .debug_str     0x000000000009ead2      0x121 ./Drivers/STM32F4xx_HAL_Driver/Src/stm32f4xx_hal_gpio.o
                                      0x8ae5b (size before relaxing)
 .debug_str     0x000000000009ebf3      0x80a ./Drivers/STM32F4xx_HAL_Driver/Src/stm32f4xx_hal_pcd.o
                                      0x8b7ac (size before relaxing)
 .debug_str     0x000000000009f3fd      0x21f ./Drivers/STM32F4xx_HAL_Driver/Src/stm32f4xx_hal_rcc.o
                                      0x8b114 (size before relaxing)
 .debug_str     0x000000000009f61c      0x4b9 ./Drivers/STM32F4xx_HAL_Driver/Src/stm32f4xx_ll_usb.o
                                      0x8b687 (size before relaxing)
 .debug_str     0x000000000009fad5      0x8a0 ./tinyusb/src/class/hid/hid_device.o
                                      0x155d1 (size before relaxing)
 .debug_str     0x00000000000a0375      0x449 ./tinyusb/src/common/tusb_fifo.o
                                       0xa502 (size before relaxing)
 .debug_str     0x00000000000a07be      0xb89 ./tinyusb/src/device/usbd.o
                                      0x15e69 (size before relaxing)
 .debug_str     0x00000000000a1347       0xd2 ./tinyusb/src/device/usbd_control.o
                                      0x14d21 (size before relaxing)
 .debug_str     0x00000000000a1419     0xa6a6 ./tinyusb/src/portable/synopsys/dwc2/dcd_dwc2.o
                                      0x9da35 (size before relaxing)
 .debug_str     0x00000000000ababf      0x1f6 ./tinyusb/src/tusb.o
                                      0x151ab (size before relaxing)

.debug_frame    0x0000000000000000     0x38fc
 .debug_frame   0x0000000000000000      0x2c0 ./Core/Src/main.o
 .debug_frame   0x00000000000002c0       0xc8 ./Core/Src/stm32f4xx_hal_msp.o
 .debug_frame   0x0000000000000388      0x140 ./Core/Src/stm32f4xx_it.o
 .debug_frame   0x00000000000004c8       0x58 ./Core/Src/system_stm32f4xx.o
 .debug_frame   0x0000000000000520       0xa4 ./Core/Src/usb_descriptors.o
 .debug_frame   0x00000000000005c4      0x374 ./Drivers/STM32F4xx_HAL_Driver/Src/stm32f4xx_hal.o
 .debug_frame   0x0000000000000938      0x3fc ./Drivers/STM32F4xx_HAL_Driver/Src/stm32f4xx_hal_adc.o
 .debug_frame   0x0000000000000d34      0x4b8 ./Drivers/STM32F4xx_HAL_Driver/Src/stm32f4xx_hal_cortex.o
 .debug_frame   0x00000000000011ec      0x14c ./Drivers/STM32F4xx_HAL_Driver/Src/stm32f4xx_hal_gpio.o
 .debug_frame   0x0000000000001338      0x5b8 ./Drivers/STM32F4xx_HAL_Driver/Src/stm32f4xx_hal_pcd.o
 .debug_frame   0x00000000000018f0      0x1f4 ./Drivers/STM32F4xx_HAL_Driver/Src/stm32f4xx_hal_rcc.o
 .debug_frame   0x0000000000001ae4      0x7c0 ./Drivers/STM32F4xx_HAL_Driver/Src/stm32f4xx_ll_usb.o
 .debug_frame   0x00000000000022a4      0x1fc ./tinyusb/src/class/hid/hid_device.o
 .debug_frame   0x00000000000024a0      0x4c8 ./tinyusb/src/common/tusb_fifo.o
 .debug_frame   0x0000000000002968      0x4c4 ./tinyusb/src/device/usbd.o
 .debug_frame   0x0000000000002e2c      0x130 ./tinyusb/src/device/usbd_control.o
 .debug_frame   0x0000000000002f5c      0x560 ./tinyusb/src/portable/synopsys/dwc2/dcd_dwc2.o
 .debug_frame   0x00000000000034bc      0x26c ./tinyusb/src/tusb.o
 .debug_frame   0x0000000000003728       0x20 /Applications/STM32CubeIDE.app/Contents/Eclipse/plugins/com.st.stm32cube.ide.mcu.externaltools.gnu-tools-for-stm32.11.3.rel1.macos64_1.1.100.202310310803/tools/bin/../lib/gcc/arm-none-eabi/11.3.1/../../../../arm-none-eabi/lib/thumb/v7e-m+fp/hard/libc_nano.a(libc_a-memset.o)
 .debug_frame   0x0000000000003748       0x2c /Applications/STM32CubeIDE.app/Contents/Eclipse/plugins/com.st.stm32cube.ide.mcu.externaltools.gnu-tools-for-stm32.11.3.rel1.macos64_1.1.100.202310310803/tools/bin/../lib/gcc/arm-none-eabi/11.3.1/../../../../arm-none-eabi/lib/thumb/v7e-m+fp/hard/libc_nano.a(libc_a-init.o)
 .debug_frame   0x0000000000003774       0x28 /Applications/STM32CubeIDE.app/Contents/Eclipse/plugins/com.st.stm32cube.ide.mcu.externaltools.gnu-tools-for-stm32.11.3.rel1.macos64_1.1.100.202310310803/tools/bin/../lib/gcc/arm-none-eabi/11.3.1/../../../../arm-none-eabi/lib/thumb/v7e-m+fp/hard/libc_nano.a(libc_a-memcpy-stub.o)
 .debug_frame   0x000000000000379c       0x30 /Applications/STM32CubeIDE.app/Contents/Eclipse/plugins/com.st.stm32cube.ide.mcu.externaltools.gnu-tools-for-stm32.11.3.rel1.macos64_1.1.100.202310310803/tools/bin/../lib/gcc/arm-none-eabi/11.3.1/thumb/v7e-m+fp/hard/libgcc.a(_arm_muldf3.o)
 .debug_frame   0x00000000000037cc       0xac /Applications/STM32CubeIDE.app/Contents/Eclipse/plugins/com.st.stm32cube.ide.mcu.externaltools.gnu-tools-for-stm32.11.3.rel1.macos64_1.1.100.202310310803/tools/bin/../lib/gcc/arm-none-eabi/11.3.1/thumb/v7e-m+fp/hard/libgcc.a(_arm_addsubdf3.o)
 .debug_frame   0x0000000000003878       0x24 /Applications/STM32CubeIDE.app/Contents/Eclipse/plugins/com.st.stm32cube.ide.mcu.externaltools.gnu-tools-for-stm32.11.3.rel1.macos64_1.1.100.202310310803/tools/bin/../lib/gcc/arm-none-eabi/11.3.1/thumb/v7e-m+fp/hard/libgcc.a(_arm_fixunsdfsi.o)
 .debug_frame   0x000000000000389c       0x2c /Applications/STM32CubeIDE.app/Contents/Eclipse/plugins/com.st.stm32cube.ide.mcu.externaltools.gnu-tools-for-stm32.11.3.rel1.macos64_1.1.100.202310310803/tools/bin/../lib/gcc/arm-none-eabi/11.3.1/thumb/v7e-m+fp/hard/libgcc.a(_aeabi_uldivmod.o)
 .debug_frame   0x00000000000038c8       0x34 /Applications/STM32CubeIDE.app/Contents/Eclipse/plugins/com.st.stm32cube.ide.mcu.externaltools.gnu-tools-for-stm32.11.3.rel1.macos64_1.1.100.202310310803/tools/bin/../lib/gcc/arm-none-eabi/11.3.1/thumb/v7e-m+fp/hard/libgcc.a(_udivmoddi4.o)

.debug_line_str
                0x0000000000000000       0x61
 .debug_line_str
                0x0000000000000000       0x61 ./Core/Startup/startup_stm32f411ceux.o
                                         0x79 (size before relaxing)
