../tinyusb/src/tusb.c:46:6:tusb_init	4	static
../tinyusb/src/tusb.c:61:6:tusb_inited	16	static
../tinyusb/src/tusb.c:80:17:tu_desc_find	24	static
../tinyusb/src/tusb.c:90:17:tu_desc_find2	24	static
../tinyusb/src/tusb.c:100:17:tu_desc_find3	24	static
../tinyusb/src/tusb.c:115:6:tu_edpt_claim	24	static
../tinyusb/src/tusb.c:135:6:tu_edpt_release	24	static
../tinyusb/src/tusb.c:153:6:tu_edpt_validate	48	static,ignoring_inline_asm
../tinyusb/src/tusb.c:192:6:tu_edpt_bind_driver	56	static
../tinyusb/src/tusb.c:211:10:tu_desc_get_interface_total_len	56	static
../tinyusb/src/tusb.c:245:6:tu_edpt_stream_init	32	static
../tinyusb/src/tusb.c:320:6:tu_edpt_stream_write_zlp_if_needed	32	static,ignoring_inline_asm
../tinyusb/src/tusb.c:331:10:tu_edpt_stream_write_xfer	40	static,ignoring_inline_asm
../tinyusb/src/tusb.c:355:10:tu_edpt_stream_write	32	static
../tinyusb/src/tusb.c:375:10:tu_edpt_stream_read_xfer	48	static,ignoring_inline_asm
../tinyusb/src/tusb.c:408:10:tu_edpt_stream_read	32	static
